Build started 14/9/2026 20:13:59.
     1>Project "C:\s3air\Oxygen\sonic3air\build\_vstudio\libivorbis\libivorbis.vcxproj" on node 2 (Build target(s)).
     1>ClCompile:
         block.c
         ps3ppusnc.exe -DNDEBUG -D__CELL_ASSERT__ -DBIG_ENDIAN -D__PS3__ -o PS3_Release\block.o -c -Xdepmode=1 -MD -Xmserrors -IC:\s3air\Oxygen\libs\tremor\include -IC:\s3air\Oxygen\libs\libogg\include -I. -IC:/usr/local/cell\target\ppu\include -IC:/usr/local/cell\target\common\include -I"C:/usr/local/cell\host-win32\sn\ppu\include" -O2 -Xc-=rtti C:\s3air\Oxygen\libs\tremor\block.c
         codebook.c
         ps3ppusnc.exe -DNDEBUG -D__CELL_ASSERT__ -DBIG_ENDIAN -D__PS3__ -o PS3_Release\codebook.o -c -Xdepmode=1 -MD -Xmserrors -IC:\s3air\Oxygen\libs\tremor\include -IC:\s3air\Oxygen\libs\libogg\include -I. -IC:/usr/local/cell\target\ppu\include -IC:/usr/local/cell\target\common\include -I"C:/usr/local/cell\host-win32\sn\ppu\include" -O2 -Xc-=rtti C:\s3air\Oxygen\libs\tremor\codebook.c
     1>C:\s3air\Oxygen\libs\tremor\codebook.c(249,26): warning 224: function "alloca" declared implicitly
         
     1>C:\s3air\Oxygen\libs\tremor\codebook.c(339,10): warning 178: variable "j" was declared but never referenced
         
         floor0.c
         ps3ppusnc.exe -DNDEBUG -D__CELL_ASSERT__ -DBIG_ENDIAN -D__PS3__ -o PS3_Release\floor0.o -c -Xdepmode=1 -MD -Xmserrors -IC:\s3air\Oxygen\libs\tremor\include -IC:\s3air\Oxygen\libs\libogg\include -I. -IC:/usr/local/cell\target\ppu\include -IC:/usr/local/cell\target\common\include -I"C:/usr/local/cell\host-win32\sn\ppu\include" -O2 -Xc-=rtti C:\s3air\Oxygen\libs\tremor\floor0.c
     1>C:\s3air\Oxygen\libs\tremor\floor0.c(148,35): warning 224: function "alloca" declared implicitly
         
         floor1.c
         ps3ppusnc.exe -DNDEBUG -D__CELL_ASSERT__ -DBIG_ENDIAN -D__PS3__ -o PS3_Release\floor1.o -c -Xdepmode=1 -MD -Xmserrors -IC:\s3air\Oxygen\libs\tremor\include -IC:\s3air\Oxygen\libs\libogg\include -I. -IC:/usr/local/cell\target\ppu\include -IC:/usr/local/cell\target\common\include -I"C:/usr/local/cell\host-win32\sn\ppu\include" -O2 -Xc-=rtti C:\s3air\Oxygen\libs\tremor\floor1.c
         info.c
         ps3ppusnc.exe -DNDEBUG -D__CELL_ASSERT__ -DBIG_ENDIAN -D__PS3__ -o PS3_Release\info.o -c -Xdepmode=1 -MD -Xmserrors -IC:\s3air\Oxygen\libs\tremor\include -IC:\s3air\Oxygen\libs\libogg\include -I. -IC:/usr/local/cell\target\ppu\include -IC:/usr/local/cell\target\common\include -I"C:/usr/local/cell\host-win32\sn\ppu\include" -O2 -Xc-=rtti C:\s3air\Oxygen\libs\tremor\info.c
     1>C:\s3air\Oxygen\libs\tremor\info.c(60,26): warning 224: function "alloca" declared implicitly
         
     1>C:\s3air\Oxygen\libs\tremor\info.c(80,26): warning 224: function "alloca" declared implicitly
         
     1>C:\s3air\Oxygen\libs\tremor\info.c(384,1): warning 112: statement is unreachable
         
         mapping0.c
         ps3ppusnc.exe -DNDEBUG -D__CELL_ASSERT__ -DBIG_ENDIAN -D__PS3__ -o PS3_Release\mapping0.o -c -Xdepmode=1 -MD -Xmserrors -IC:\s3air\Oxygen\libs\tremor\include -IC:\s3air\Oxygen\libs\libogg\include -I. -IC:/usr/local/cell\target\ppu\include -IC:/usr/local/cell\target\common\include -I"C:/usr/local/cell\host-win32\sn\ppu\include" -O2 -Xc-=rtti C:\s3air\Oxygen\libs\tremor\mapping0.c
     1>C:\s3air\Oxygen\libs\tremor\mapping0.c(197,42): warning 224: function "alloca" declared implicitly
         
         mdct.c
         ps3ppusnc.exe -DNDEBUG -D__CELL_ASSERT__ -DBIG_ENDIAN -D__PS3__ -o PS3_Release\mdct.o -c -Xdepmode=1 -MD -Xmserrors -IC:\s3air\Oxygen\libs\tremor\include -IC:\s3air\Oxygen\libs\libogg\include -I. -IC:/usr/local/cell\target\ppu\include -IC:/usr/local/cell\target\common\include -I"C:/usr/local/cell\host-win32\sn\ppu\include" -O2 -Xc-=rtti C:\s3air\Oxygen\libs\tremor\mdct.c
     1>C:\s3air\Oxygen\libs\tremor\mdct_lookup.h(21,13): warning 84: type qualifier specified more than once
         
     1>C:\s3air\Oxygen\libs\tremor\mdct_lookup.h(282,13): warning 84: type qualifier specified more than once
         
         registry.c
         ps3ppusnc.exe -DNDEBUG -D__CELL_ASSERT__ -DBIG_ENDIAN -D__PS3__ -o PS3_Release\registry.o -c -Xdepmode=1 -MD -Xmserrors -IC:\s3air\Oxygen\libs\tremor\include -IC:\s3air\Oxygen\libs\libogg\include -I. -IC:/usr/local/cell\target\ppu\include -IC:/usr/local/cell\target\common\include -I"C:/usr/local/cell\host-win32\sn\ppu\include" -O2 -Xc-=rtti C:\s3air\Oxygen\libs\tremor\registry.c
         res012.c
         ps3ppusnc.exe -DNDEBUG -D__CELL_ASSERT__ -DBIG_ENDIAN -D__PS3__ -o PS3_Release\res012.o -c -Xdepmode=1 -MD -Xmserrors -IC:\s3air\Oxygen\libs\tremor\include -IC:\s3air\Oxygen\libs\libogg\include -I. -IC:/usr/local/cell\target\ppu\include -IC:/usr/local/cell\target\common\include -I"C:/usr/local/cell\host-win32\sn\ppu\include" -O2 -Xc-=rtti C:\s3air\Oxygen\libs\tremor\res012.c
     1>C:\s3air\Oxygen\libs\tremor\res012.c(229,29): warning 224: function "alloca" declared implicitly
         
         sharedbook.c
         ps3ppusnc.exe -DNDEBUG -D__CELL_ASSERT__ -DBIG_ENDIAN -D__PS3__ -o PS3_Release\sharedbook.o -c -Xdepmode=1 -MD -Xmserrors -IC:\s3air\Oxygen\libs\tremor\include -IC:\s3air\Oxygen\libs\libogg\include -I. -IC:/usr/local/cell\target\ppu\include -IC:/usr/local/cell\target\common\include -I"C:/usr/local/cell\host-win32\sn\ppu\include" -O2 -Xc-=rtti C:\s3air\Oxygen\libs\tremor\sharedbook.c
     1>C:\s3air\Oxygen\libs\tremor\sharedbook.c(358,42): warning 224: function "alloca" declared implicitly
         
         synthesis.c
         ps3ppusnc.exe -DNDEBUG -D__CELL_ASSERT__ -DBIG_ENDIAN -D__PS3__ -o PS3_Release\synthesis.o -c -Xdepmode=1 -MD -Xmserrors -IC:\s3air\Oxygen\libs\tremor\include -IC:\s3air\Oxygen\libs\libogg\include -I. -IC:/usr/local/cell\target\ppu\include -IC:/usr/local/cell\target\common\include -I"C:/usr/local/cell\host-win32\sn\ppu\include" -O2 -Xc-=rtti C:\s3air\Oxygen\libs\tremor\synthesis.c
         vorbisfile.c
         ps3ppusnc.exe -DNDEBUG -D__CELL_ASSERT__ -DBIG_ENDIAN -D__PS3__ -o PS3_Release\vorbisfile.o -c -Xdepmode=1 -MD -Xmserrors -IC:\s3air\Oxygen\libs\tremor\include -IC:\s3air\Oxygen\libs\libogg\include -I. -IC:/usr/local/cell\target\ppu\include -IC:/usr/local/cell\target\common\include -I"C:/usr/local/cell\host-win32\sn\ppu\include" -O2 -Xc-=rtti C:\s3air\Oxygen\libs\tremor\vorbisfile.c
     1>C:\s3air\Oxygen\libs\tremor\vorbisfile.c(759,18): warning 552: variable "ret" was set but never used
         
     1>C:\s3air\Oxygen\libs\tremor\vorbisfile.c(866,17): warning 1628: argument of type "ogg_int64_t" is incompatible with parameter (2 of fseek) of type "long"
         
         window.c
         ps3ppusnc.exe -DNDEBUG -D__CELL_ASSERT__ -DBIG_ENDIAN -D__PS3__ -o PS3_Release\window.o -c -Xdepmode=1 -MD -Xmserrors -IC:\s3air\Oxygen\libs\tremor\include -IC:\s3air\Oxygen\libs\libogg\include -I. -IC:/usr/local/cell\target\ppu\include -IC:/usr/local/cell\target\common\include -I"C:/usr/local/cell\host-win32\sn\ppu\include" -O2 -Xc-=rtti C:\s3air\Oxygen\libs\tremor\window.c
     1>C:\s3air\Oxygen\libs\tremor\window_lookup.h(21,13): warning 84: type qualifier specified more than once
         
     1>C:\s3air\Oxygen\libs\tremor\window_lookup.h(32,13): warning 84: type qualifier specified more than once
         
     1>C:\s3air\Oxygen\libs\tremor\window_lookup.h(51,13): warning 84: type qualifier specified more than once
         
     1>C:\s3air\Oxygen\libs\tremor\window_lookup.h(86,13): warning 84: type qualifier specified more than once
         
     1>C:\s3air\Oxygen\libs\tremor\window_lookup.h(153,13): warning 84: type qualifier specified more than once
         
     1>C:\s3air\Oxygen\libs\tremor\window_lookup.h(284,13): warning 84: type qualifier specified more than once
         
     1>C:\s3air\Oxygen\libs\tremor\window_lookup.h(543,13): warning 84: type qualifier specified more than once
         
     1>C:\s3air\Oxygen\libs\tremor\window_lookup.h(1058,13): warning 84: type qualifier specified more than once
         
     1>C:\s3air\Oxygen\libs\tremor\window.c(49,4): warning 112: statement is unreachable
         
       Lib:
         C:\usr\local\cell\host-win32\sn\bin\ps3snarl.exe create C:\s3air\Oxygen\sonic3air\build\_vstudio\PS3_Release\libivorbis.a
         addmod PS3_Release\block.o
         addmod PS3_Release\codebook.o
         addmod PS3_Release\floor0.o
         addmod PS3_Release\floor1.o
         addmod PS3_Release\info.o
         addmod PS3_Release\mapping0.o
         addmod PS3_Release\mdct.o
         addmod PS3_Release\registry.o
         addmod PS3_Release\res012.o
         addmod PS3_Release\sharedbook.o
         addmod PS3_Release\synthesis.o
         addmod PS3_Release\vorbisfile.o
         addmod PS3_Release\window.o
         save
         end
         libivorbis.vcxproj -> C:\s3air\Oxygen\sonic3air\build\_vstudio\PS3_Release\libivorbis.a
     1>Done Building Project "C:\s3air\Oxygen\sonic3air\build\_vstudio\libivorbis\libivorbis.vcxproj" (Build target(s)).

Build succeeded.

Time Elapsed 00:00:05.68
