c:\s3air\oxygen\sonic3air\build\_vstudio\oxygen-ps3\ps3_release\application.o
c:\s3air\oxygen\sonic3air\build\_vstudio\oxygen-ps3\ps3_release\configuration.o
c:\s3air\oxygen\sonic3air\build\_vstudio\oxygen-ps3\ps3_release\enginemain.o
c:\s3air\oxygen\sonic3air\build\_vstudio\oxygen-ps3\ps3_release\gameloader.o
c:\s3air\oxygen\sonic3air\build\_vstudio\oxygen-ps3\ps3_release\gameprofile.o
c:\s3air\oxygen\sonic3air\build\_vstudio\oxygen-ps3\ps3_release\audiocollection.o
c:\s3air\oxygen\sonic3air\build\_vstudio\oxygen-ps3\ps3_release\audiooutbase.o
c:\s3air\oxygen\sonic3air\build\_vstudio\oxygen-ps3\ps3_release\audioplayer.o
c:\s3air\oxygen\sonic3air\build\_vstudio\oxygen-ps3\ps3_release\audiosourcebase.o
c:\s3air\oxygen\sonic3air\build\_vstudio\oxygen-ps3\ps3_release\audiosourcemanager.o
c:\s3air\oxygen\sonic3air\build\_vstudio\oxygen-ps3\ps3_release\emulationaudiosource.o
c:\s3air\oxygen\sonic3air\build\_vstudio\oxygen-ps3\ps3_release\oggaudiosource.o
c:\s3air\oxygen\sonic3air\build\_vstudio\oxygen-ps3\ps3_release\gameview.o
c:\s3air\oxygen\sonic3air\build\_vstudio\oxygen-ps3\ps3_release\controlsin.o
c:\s3air\oxygen\sonic3air\build\_vstudio\oxygen-ps3\ps3_release\inputconfig.o
c:\s3air\oxygen\sonic3air\build\_vstudio\oxygen-ps3\ps3_release\inputmanager.o
c:\s3air\oxygen\sonic3air\build\_vstudio\oxygen-ps3\ps3_release\inputrecorder.o
c:\s3air\oxygen\sonic3air\build\_vstudio\oxygen-ps3\ps3_release\rumbleeffectqueue.o
c:\s3air\oxygen\sonic3air\build\_vstudio\oxygen-ps3\ps3_release\gamesetupscreen.o
c:\s3air\oxygen\sonic3air\build\_vstudio\oxygen-ps3\ps3_release\menuitems.o
c:\s3air\oxygen\sonic3air\build\_vstudio\oxygen-ps3\ps3_release\oxygenmenu.o
c:\s3air\oxygen\sonic3air\build\_vstudio\oxygen-ps3\ps3_release\mod.o
c:\s3air\oxygen\sonic3air\build\_vstudio\oxygen-ps3\ps3_release\modmanager.o
c:\s3air\oxygen\sonic3air\build\_vstudio\oxygen-ps3\ps3_release\backdropview.o
c:\s3air\oxygen\sonic3air\build\_vstudio\oxygen-ps3\ps3_release\cheatsheetoverlay.o
c:\s3air\oxygen\sonic3air\build\_vstudio\oxygen-ps3\ps3_release\debuglogview.o
c:\s3air\oxygen\sonic3air\build\_vstudio\oxygen-ps3\ps3_release\debugsidepanel.o
c:\s3air\oxygen\sonic3air\build\_vstudio\oxygen-ps3\ps3_release\debugsidepanelcategory.o
c:\s3air\oxygen\sonic3air\build\_vstudio\oxygen-ps3\ps3_release\memoryhexview.o
c:\s3air\oxygen\sonic3air\build\_vstudio\oxygen-ps3\ps3_release\profilingview.o
c:\s3air\oxygen\sonic3air\build\_vstudio\oxygen-ps3\ps3_release\savestatemenu.o
c:\s3air\oxygen\sonic3air\build\_vstudio\oxygen-ps3\ps3_release\touchcontrolsoverlay.o
c:\s3air\oxygen\sonic3air\build\_vstudio\oxygen-ps3\ps3_release\videoout.o
c:\s3air\oxygen\sonic3air\build\_vstudio\oxygen-ps3\ps3_release\downloadmanager.o
c:\s3air\oxygen\sonic3air\build\_vstudio\oxygen-ps3\ps3_release\downloader.o
c:\s3air\oxygen\sonic3air\build\_vstudio\oxygen-ps3\ps3_release\drawcollection.o
c:\s3air\oxygen\sonic3air\build\_vstudio\oxygen-ps3\ps3_release\drawcommand.o
c:\s3air\oxygen\sonic3air\build\_vstudio\oxygen-ps3\ps3_release\drawer.o
c:\s3air\oxygen\sonic3air\build\_vstudio\oxygen-ps3\ps3_release\drawertexture.o
c:\s3air\oxygen\sonic3air\build\_vstudio\oxygen-ps3\ps3_release\fixedfunctiondrawer.o
c:\s3air\oxygen\sonic3air\build\_vstudio\oxygen-ps3\ps3_release\opengldrawer.o
c:\s3air\oxygen\sonic3air\build\_vstudio\oxygen-ps3\ps3_release\opengldrawerresources.o
c:\s3air\oxygen\sonic3air\build\_vstudio\oxygen-ps3\ps3_release\opengldrawertexture.o
c:\s3air\oxygen\sonic3air\build\_vstudio\oxygen-ps3\ps3_release\openglspritetexturemanager.o
c:\s3air\oxygen\sonic3air\build\_vstudio\oxygen-ps3\ps3_release\opengltexture.o
c:\s3air\oxygen\sonic3air\build\_vstudio\oxygen-ps3\ps3_release\openglupscaler.o
c:\s3air\oxygen\sonic3air\build\_vstudio\oxygen-ps3\ps3_release\blitter.o
c:\s3air\oxygen\sonic3air\build\_vstudio\oxygen-ps3\ps3_release\softwaredrawer.o
c:\s3air\oxygen\sonic3air\build\_vstudio\oxygen-ps3\ps3_release\softwaredrawertexture.o
c:\s3air\oxygen\sonic3air\build\_vstudio\oxygen-ps3\ps3_release\softwarerasterizer.o
c:\s3air\oxygen\sonic3air\build\_vstudio\oxygen-ps3\ps3_release\filepackage.o
c:\s3air\oxygen\sonic3air\build\_vstudio\oxygen-ps3\ps3_release\filestructuretree.o
c:\s3air\oxygen\sonic3air\build\_vstudio\oxygen-ps3\ps3_release\packedfileprovider.o
c:\s3air\oxygen\sonic3air\build\_vstudio\oxygen-ps3\ps3_release\zipfileprovider.o
c:\s3air\oxygen\sonic3air\build\_vstudio\oxygen-ps3\ps3_release\bitstream.o
c:\s3air\oxygen\sonic3air\build\_vstudio\oxygen-ps3\ps3_release\filehelper.o
c:\s3air\oxygen\sonic3air\build\_vstudio\oxygen-ps3\ps3_release\highresolutiontimer.o
c:\s3air\oxygen\sonic3air\build\_vstudio\oxygen-ps3\ps3_release\jsonhelper.o
c:\s3air\oxygen\sonic3air\build\_vstudio\oxygen-ps3\ps3_release\jsonserializer.o
c:\s3air\oxygen\sonic3air\build\_vstudio\oxygen-ps3\ps3_release\logging.o
c:\s3air\oxygen\sonic3air\build\_vstudio\oxygen-ps3\ps3_release\profiling.o
c:\s3air\oxygen\sonic3air\build\_vstudio\oxygen-ps3\ps3_release\randomnumbergenerator.o
c:\s3air\oxygen\sonic3air\build\_vstudio\oxygen-ps3\ps3_release\textinputhandler.o
c:\s3air\oxygen\sonic3air\build\_vstudio\oxygen-ps3\ps3_release\transform2d.o
c:\s3air\oxygen\sonic3air\build\_vstudio\oxygen-ps3\ps3_release\utils.o
c:\s3air\oxygen\sonic3air\build\_vstudio\oxygen-ps3\ps3_release\devmodemainwindow.o
c:\s3air\oxygen\sonic3air\build\_vstudio\oxygen-ps3\ps3_release\devmodewindowbase.o
c:\s3air\oxygen\sonic3air\build\_vstudio\oxygen-ps3\ps3_release\audiobrowserwindow.o
c:\s3air\oxygen\sonic3air\build\_vstudio\oxygen-ps3\ps3_release\callframeswindow.o
c:\s3air\oxygen\sonic3air\build\_vstudio\oxygen-ps3\ps3_release\customsidepanelwindow.o
c:\s3air\oxygen\sonic3air\build\_vstudio\oxygen-ps3\ps3_release\debuglogwindow.o
c:\s3air\oxygen\sonic3air\build\_vstudio\oxygen-ps3\ps3_release\filebrowserwindow.o
c:\s3air\oxygen\sonic3air\build\_vstudio\oxygen-ps3\ps3_release\gamesimwindow.o
c:\s3air\oxygen\sonic3air\build\_vstudio\oxygen-ps3\ps3_release\gamevisualizationswindow.o
c:\s3air\oxygen\sonic3air\build\_vstudio\oxygen-ps3\ps3_release\memoryhexviewwindow.o
c:\s3air\oxygen\sonic3air\build\_vstudio\oxygen-ps3\ps3_release\networkingwindow.o
c:\s3air\oxygen\sonic3air\build\_vstudio\oxygen-ps3\ps3_release\palettebrowserwindow.o
c:\s3air\oxygen\sonic3air\build\_vstudio\oxygen-ps3\ps3_release\paletteviewwindow.o
c:\s3air\oxygen\sonic3air\build\_vstudio\oxygen-ps3\ps3_release\persistentdatawindow.o
c:\s3air\oxygen\sonic3air\build\_vstudio\oxygen-ps3\ps3_release\renderedgeometrywindow.o
c:\s3air\oxygen\sonic3air\build\_vstudio\oxygen-ps3\ps3_release\scriptbuildwindow.o
c:\s3air\oxygen\sonic3air\build\_vstudio\oxygen-ps3\ps3_release\settingswindow.o
c:\s3air\oxygen\sonic3air\build\_vstudio\oxygen-ps3\ps3_release\spritebrowserwindow.o
c:\s3air\oxygen\sonic3air\build\_vstudio\oxygen-ps3\ps3_release\vramwriteswindow.o
c:\s3air\oxygen\sonic3air\build\_vstudio\oxygen-ps3\ps3_release\watcheswindow.o
c:\s3air\oxygen\sonic3air\build\_vstudio\oxygen-ps3\ps3_release\imguiextensions.o
c:\s3air\oxygen\sonic3air\build\_vstudio\oxygen-ps3\ps3_release\imguihelpers.o
c:\s3air\oxygen\sonic3air\build\_vstudio\oxygen-ps3\ps3_release\imguiintegration.o
c:\s3air\oxygen\sonic3air\build\_vstudio\oxygen-ps3\ps3_release\imguimanager.o
c:\s3air\oxygen\sonic3air\build\_vstudio\oxygen-ps3\ps3_release\imguisoftwarerenderer.o
c:\s3air\oxygen\sonic3air\build\_vstudio\oxygen-ps3\ps3_release\imguifilebrowser.o
c:\s3air\oxygen\sonic3air\build\_vstudio\oxygen-ps3\ps3_release\engineserverclient.o
c:\s3air\oxygen\sonic3air\build\_vstudio\oxygen-ps3\ps3_release\externaladdressquery.o
c:\s3air\oxygen\sonic3air\build\_vstudio\oxygen-ps3\ps3_release\netplayclient.o
c:\s3air\oxygen\sonic3air\build\_vstudio\oxygen-ps3\ps3_release\netplayhost.o
c:\s3air\oxygen\sonic3air\build\_vstudio\oxygen-ps3\ps3_release\netplaymanager.o
c:\s3air\oxygen\sonic3air\build\_vstudio\oxygen-ps3\ps3_release\pch.o
c:\s3air\oxygen\sonic3air\build\_vstudio\oxygen-ps3\ps3_release\crashhandler.o
c:\s3air\oxygen\sonic3air\build\_vstudio\oxygen-ps3\ps3_release\platformfunctions.o
c:\s3air\oxygen\sonic3air\build\_vstudio\oxygen-ps3\ps3_release\androidjnihelper.o
c:\s3air\oxygen\sonic3air\build\_vstudio\oxygen-ps3\ps3_release\androidjavainterface.o
c:\s3air\oxygen\sonic3air\build\_vstudio\oxygen-ps3\ps3_release\geometry.o
c:\s3air\oxygen\sonic3air\build\_vstudio\oxygen-ps3\ps3_release\renderresources.o
c:\s3air\oxygen\sonic3air\build\_vstudio\oxygen-ps3\ps3_release\renderer.o
c:\s3air\oxygen\sonic3air\build\_vstudio\oxygen-ps3\ps3_release\openglrenderresources.o
c:\s3air\oxygen\sonic3air\build\_vstudio\oxygen-ps3\ps3_release\openglrenderer.o
c:\s3air\oxygen\sonic3air\build\_vstudio\oxygen-ps3\ps3_release\debugdrawplaneshader.o
c:\s3air\oxygen\sonic3air\build\_vstudio\oxygen-ps3\ps3_release\openglshader.o
c:\s3air\oxygen\sonic3air\build\_vstudio\oxygen-ps3\ps3_release\postfxblurshader.o
c:\s3air\oxygen\sonic3air\build\_vstudio\oxygen-ps3\ps3_release\rendercomponentspriteshader.o
c:\s3air\oxygen\sonic3air\build\_vstudio\oxygen-ps3\ps3_release\renderpalettespriteshader.o
c:\s3air\oxygen\sonic3air\build\_vstudio\oxygen-ps3\ps3_release\renderplaneshader.o
c:\s3air\oxygen\sonic3air\build\_vstudio\oxygen-ps3\ps3_release\rendervdpspriteshader.o
c:\s3air\oxygen\sonic3air\build\_vstudio\oxygen-ps3\ps3_release\simplecopyscreenshader.o
c:\s3air\oxygen\sonic3air\build\_vstudio\oxygen-ps3\ps3_release\simplerectcoloredshader.o
c:\s3air\oxygen\sonic3air\build\_vstudio\oxygen-ps3\ps3_release\simplerectindexedshader.o
c:\s3air\oxygen\sonic3air\build\_vstudio\oxygen-ps3\ps3_release\simplerectoverdrawshader.o
c:\s3air\oxygen\sonic3air\build\_vstudio\oxygen-ps3\ps3_release\simplerecttexturedshader.o
c:\s3air\oxygen\sonic3air\build\_vstudio\oxygen-ps3\ps3_release\simplerecttextureduvshader.o
c:\s3air\oxygen\sonic3air\build\_vstudio\oxygen-ps3\ps3_release\simplerectvertexcolorshader.o
c:\s3air\oxygen\sonic3air\build\_vstudio\oxygen-ps3\ps3_release\patternmanager.o
c:\s3air\oxygen\sonic3air\build\_vstudio\oxygen-ps3\ps3_release\planemanager.o
c:\s3air\oxygen\sonic3air\build\_vstudio\oxygen-ps3\ps3_release\renderitem.o
c:\s3air\oxygen\sonic3air\build\_vstudio\oxygen-ps3\ps3_release\renderparts.o
c:\s3air\oxygen\sonic3air\build\_vstudio\oxygen-ps3\ps3_release\scrolloffsetsmanager.o
c:\s3air\oxygen\sonic3air\build\_vstudio\oxygen-ps3\ps3_release\spritemanager.o
c:\s3air\oxygen\sonic3air\build\_vstudio\oxygen-ps3\ps3_release\palette.o
c:\s3air\oxygen\sonic3air\build\_vstudio\oxygen-ps3\ps3_release\palettemanager.o
c:\s3air\oxygen\sonic3air\build\_vstudio\oxygen-ps3\ps3_release\softwarerenderer.o
c:\s3air\oxygen\sonic3air\build\_vstudio\oxygen-ps3\ps3_release\componentsprite.o
c:\s3air\oxygen\sonic3air\build\_vstudio\oxygen-ps3\ps3_release\palettesprite.o
c:\s3air\oxygen\sonic3air\build\_vstudio\oxygen-ps3\ps3_release\spritedump.o
c:\s3air\oxygen\sonic3air\build\_vstudio\oxygen-ps3\ps3_release\buffertexture.o
c:\s3air\oxygen\sonic3air\build\_vstudio\oxygen-ps3\ps3_release\kosinski.o
c:\s3air\oxygen\sonic3air\build\_vstudio\oxygen-ps3\ps3_release\renderutils.o
c:\s3air\oxygen\sonic3air\build\_vstudio\oxygen-ps3\ps3_release\fontcollection.o
c:\s3air\oxygen\sonic3air\build\_vstudio\oxygen-ps3\ps3_release\palettecollection.o
c:\s3air\oxygen\sonic3air\build\_vstudio\oxygen-ps3\ps3_release\printedtextcache.o
c:\s3air\oxygen\sonic3air\build\_vstudio\oxygen-ps3\ps3_release\rawdatacollection.o
c:\s3air\oxygen\sonic3air\build\_vstudio\oxygen-ps3\ps3_release\resourcescache.o
c:\s3air\oxygen\sonic3air\build\_vstudio\oxygen-ps3\ps3_release\spritecollection.o
c:\s3air\oxygen\sonic3air\build\_vstudio\oxygen-ps3\ps3_release\codeexec.o
c:\s3air\oxygen\sonic3air\build\_vstudio\oxygen-ps3\ps3_release\emulatorinterface.o
c:\s3air\oxygen\sonic3air\build\_vstudio\oxygen-ps3\ps3_release\gamerecorder.o
c:\s3air\oxygen\sonic3air\build\_vstudio\oxygen-ps3\ps3_release\lemonscriptprogram.o
c:\s3air\oxygen\sonic3air\build\_vstudio\oxygen-ps3\ps3_release\lemonscriptruntime.o
c:\s3air\oxygen\sonic3air\build\_vstudio\oxygen-ps3\ps3_release\logdisplay.o
c:\s3air\oxygen\sonic3air\build\_vstudio\oxygen-ps3\ps3_release\persistentdata.o
c:\s3air\oxygen\sonic3air\build\_vstudio\oxygen-ps3\ps3_release\savestateserializer.o
c:\s3air\oxygen\sonic3air\build\_vstudio\oxygen-ps3\ps3_release\simulation.o
c:\s3air\oxygen\sonic3air\build\_vstudio\oxygen-ps3\ps3_release\simulationstate.o
c:\s3air\oxygen\sonic3air\build\_vstudio\oxygen-ps3\ps3_release\romdataanalyser.o
c:\s3air\oxygen\sonic3air\build\_vstudio\oxygen-ps3\ps3_release\lemonscriptbindings.o
c:\s3air\oxygen\sonic3air\build\_vstudio\oxygen-ps3\ps3_release\rendererbindings.o
c:\s3air\oxygen\sonic3air\build\_vstudio\oxygen-ps3\ps3_release\debugtracking.o
c:\s3air\oxygen\sonic3air\build\_vstudio\oxygen-ps3\ps3_release\sounddriver.o
c:\s3air\oxygen\sonic3air\build\_vstudio\oxygen-ps3\ps3_release\soundemulation.o
c:\s3air\oxygen\sonic3air\build\_vstudio\oxygen-ps3\ps3_release\blip_buf.o
c:\s3air\oxygen\sonic3air\build\_vstudio\oxygen-ps3\ps3_release\sn76489.o
c:\s3air\oxygen\sonic3air\build\_vstudio\oxygen-ps3\ps3_release\ym2612.o
c:\s3air\oxygen\sonic3air\build\_vstudio\ps3_release\oxygen-ps3.a
c:\s3air\oxygen\sonic3air\build\_vstudio\oxygen-ps3\ps3_release\oxygen-ps3.tlog\ps3ppusnc.command.1.tlog
c:\s3air\oxygen\sonic3air\build\_vstudio\oxygen-ps3\ps3_release\oxygen-ps3.tlog\ps3ppusnc.read.1.tlog
c:\s3air\oxygen\sonic3air\build\_vstudio\oxygen-ps3\ps3_release\oxygen-ps3.tlog\ps3ppusnc.write.1.tlog
c:\s3air\oxygen\sonic3air\build\_vstudio\oxygen-ps3\ps3_release\oxygen-ps3.tlog\ps3snarl.command.1.tlog
c:\s3air\oxygen\sonic3air\build\_vstudio\oxygen-ps3\ps3_release\oxygen-ps3.tlog\ps3snarl.read.1.tlog
c:\s3air\oxygen\sonic3air\build\_vstudio\oxygen-ps3\ps3_release\oxygen-ps3.tlog\ps3snarl.write.1.tlog
