c:\s3air\oxygen\sonic3air\build\_vstudio\lemonscript-ps3\ps3_release\functioncompiler.o
c:\s3air\oxygen\sonic3air\build\_vstudio\lemonscript-ps3\ps3_release\opcodeoptimization.o
c:\s3air\oxygen\sonic3air\build\_vstudio\lemonscript-ps3\ps3_release\compiler.o
c:\s3air\oxygen\sonic3air\build\_vstudio\lemonscript-ps3\ps3_release\compilerfrontend.o
c:\s3air\oxygen\sonic3air\build\_vstudio\lemonscript-ps3\ps3_release\tokenprocessing.o
c:\s3air\oxygen\sonic3air\build\_vstudio\lemonscript-ps3\ps3_release\linenumbertranslation.o
c:\s3air\oxygen\sonic3air\build\_vstudio\lemonscript-ps3\ps3_release\node.o
c:\s3air\oxygen\sonic3air\build\_vstudio\lemonscript-ps3\ps3_release\operators.o
c:\s3air\oxygen\sonic3air\build\_vstudio\lemonscript-ps3\ps3_release\parser.o
c:\s3air\oxygen\sonic3air\build\_vstudio\lemonscript-ps3\ps3_release\parserhelper.o
c:\s3air\oxygen\sonic3air\build\_vstudio\lemonscript-ps3\ps3_release\preprocessor.o
c:\s3air\oxygen\sonic3air\build\_vstudio\lemonscript-ps3\ps3_release\token.o
c:\s3air\oxygen\sonic3air\build\_vstudio\lemonscript-ps3\ps3_release\tokenhelper.o
c:\s3air\oxygen\sonic3air\build\_vstudio\lemonscript-ps3\ps3_release\typecasting.o
c:\s3air\oxygen\sonic3air\build\_vstudio\lemonscript-ps3\ps3_release\pch.o
c:\s3air\oxygen\sonic3air\build\_vstudio\lemonscript-ps3\ps3_release\basetype.o
c:\s3air\oxygen\sonic3air\build\_vstudio\lemonscript-ps3\ps3_release\constantarray.o
c:\s3air\oxygen\sonic3air\build\_vstudio\lemonscript-ps3\ps3_release\datatype.o
c:\s3air\oxygen\sonic3air\build\_vstudio\lemonscript-ps3\ps3_release\define.o
c:\s3air\oxygen\sonic3air\build\_vstudio\lemonscript-ps3\ps3_release\function.o
c:\s3air\oxygen\sonic3air\build\_vstudio\lemonscript-ps3\ps3_release\functionwrapper.o
c:\s3air\oxygen\sonic3air\build\_vstudio\lemonscript-ps3\ps3_release\nativefunction.o
c:\s3air\oxygen\sonic3air\build\_vstudio\lemonscript-ps3\ps3_release\scriptfunction.o
c:\s3air\oxygen\sonic3air\build\_vstudio\lemonscript-ps3\ps3_release\globalslookup.o
c:\s3air\oxygen\sonic3air\build\_vstudio\lemonscript-ps3\ps3_release\module.o
c:\s3air\oxygen\sonic3air\build\_vstudio\lemonscript-ps3\ps3_release\moduleserializer.o
c:\s3air\oxygen\sonic3air\build\_vstudio\lemonscript-ps3\ps3_release\opcode.o
c:\s3air\oxygen\sonic3air\build\_vstudio\lemonscript-ps3\ps3_release\program.o
c:\s3air\oxygen\sonic3air\build\_vstudio\lemonscript-ps3\ps3_release\sourcefileinfo.o
c:\s3air\oxygen\sonic3air\build\_vstudio\lemonscript-ps3\ps3_release\stringref.o
c:\s3air\oxygen\sonic3air\build\_vstudio\lemonscript-ps3\ps3_release\builtinfunctions.o
c:\s3air\oxygen\sonic3air\build\_vstudio\lemonscript-ps3\ps3_release\controlflow.o
c:\s3air\oxygen\sonic3air\build\_vstudio\lemonscript-ps3\ps3_release\opcodeprocessor.o
c:\s3air\oxygen\sonic3air\build\_vstudio\lemonscript-ps3\ps3_release\defaultopcodeprovider.o
c:\s3air\oxygen\sonic3air\build\_vstudio\lemonscript-ps3\ps3_release\nativizedopcodeprovider.o
c:\s3air\oxygen\sonic3air\build\_vstudio\lemonscript-ps3\ps3_release\optimizedopcodeprovider.o
c:\s3air\oxygen\sonic3air\build\_vstudio\lemonscript-ps3\ps3_release\runtime.o
c:\s3air\oxygen\sonic3air\build\_vstudio\lemonscript-ps3\ps3_release\runtimefunction.o
c:\s3air\oxygen\sonic3air\build\_vstudio\lemonscript-ps3\ps3_release\standardlibrary.o
c:\s3air\oxygen\sonic3air\build\_vstudio\lemonscript-ps3\ps3_release\nativizer.o
c:\s3air\oxygen\sonic3air\build\_vstudio\lemonscript-ps3\ps3_release\nativizerinternal.o
c:\s3air\oxygen\sonic3air\build\_vstudio\lemonscript-ps3\ps3_release\sourcecodewriter.o
c:\s3air\oxygen\sonic3air\build\_vstudio\lemonscript-ps3\ps3_release\translator.o
c:\s3air\oxygen\sonic3air\build\_vstudio\lemonscript-ps3\ps3_release\datatypehelper.o
c:\s3air\oxygen\sonic3air\build\_vstudio\lemonscript-ps3\ps3_release\flyweightstring.o
c:\s3air\oxygen\sonic3air\build\_vstudio\lemonscript-ps3\ps3_release\pragmasplitter.o
c:\s3air\oxygen\sonic3air\build\_vstudio\lemonscript-ps3\ps3_release\stringformatter.o
c:\s3air\oxygen\sonic3air\build\_vstudio\lemonscript-ps3\ps3_release\stringformatterlegacy.o
c:\s3air\oxygen\sonic3air\build\_vstudio\ps3_release\lemonscript-ps3.a
c:\s3air\oxygen\sonic3air\build\_vstudio\lemonscript-ps3\ps3_release\lemonscript-ps3.tlog\ps3ppusnc.command.1.tlog
c:\s3air\oxygen\sonic3air\build\_vstudio\lemonscript-ps3\ps3_release\lemonscript-ps3.tlog\ps3ppusnc.read.1.tlog
c:\s3air\oxygen\sonic3air\build\_vstudio\lemonscript-ps3\ps3_release\lemonscript-ps3.tlog\ps3ppusnc.write.1.tlog
c:\s3air\oxygen\sonic3air\build\_vstudio\lemonscript-ps3\ps3_release\lemonscript-ps3.tlog\ps3snarl.command.1.tlog
c:\s3air\oxygen\sonic3air\build\_vstudio\lemonscript-ps3\ps3_release\lemonscript-ps3.tlog\ps3snarl.read.1.tlog
c:\s3air\oxygen\sonic3air\build\_vstudio\lemonscript-ps3\ps3_release\lemonscript-ps3.tlog\ps3snarl.write.1.tlog
