Build started 14/9/2026 20:33:01.
     1>Project "C:\s3air\Oxygen\sonic3air\build\_vstudio\sonic3air-ps3\sonic3air-ps3.vcxproj" on node 2 (Build target(s)).
     1>ClCompile:
         ConfigurationImpl.cpp
         ps3ppusnc.exe -DNDEBUG -D__PS3__ -o PS3_Release\ConfigurationImpl.o -c -Xdepmode=1 -MD -Xmserrors -IC:\s3air\librmx\source -IC:\s3air\Oxygen\libs\zlib -IC:\s3air\Oxygen\sonic3air\build\_ps3\include -IC:\s3air\librmx\source\rmxmedia\_glew -IC:\s3air\Oxygen\lemonscript\source -IC:\s3air\Oxygen\oxygenengine\source -IC:\s3air\Oxygen\sonic3air\source -IC:\s3air\Oxygen -IC:\s3air\Oxygen\libs\tremor\include -IC:\s3air\Oxygen\libs\libogg\include -I. -IC:/usr/local/cell\target\ppu\include -IC:/usr/local/cell\target\common\include -I"C:/usr/local/cell\host-win32\sn\ppu\include" -O2 -Xstd=cpp11 -Xc-=rtti C:\s3air\Oxygen\sonic3air\source\sonic3air\ConfigurationImpl.cpp
     1>C:\s3air\librmx\source\rmxmedia/audiovideo/AudioBuffer.h(55,14): warning 84: type qualifier specified more than once
         
         EngineDelegate.cpp
         ps3ppusnc.exe -DNDEBUG -D__PS3__ -o PS3_Release\EngineDelegate.o -c -Xdepmode=1 -MD -Xmserrors -IC:\s3air\librmx\source -IC:\s3air\Oxygen\libs\zlib -IC:\s3air\Oxygen\sonic3air\build\_ps3\include -IC:\s3air\librmx\source\rmxmedia\_glew -IC:\s3air\Oxygen\lemonscript\source -IC:\s3air\Oxygen\oxygenengine\source -IC:\s3air\Oxygen\sonic3air\source -IC:\s3air\Oxygen -IC:\s3air\Oxygen\libs\tremor\include -IC:\s3air\Oxygen\libs\libogg\include -I. -IC:/usr/local/cell\target\ppu\include -IC:/usr/local/cell\target\common\include -I"C:/usr/local/cell\host-win32\sn\ppu\include" -O2 -Xstd=cpp11 -Xc-=rtti C:\s3air\Oxygen\sonic3air\source\sonic3air\EngineDelegate.cpp
     1>C:\s3air\librmx\source\rmxmedia/audiovideo/AudioBuffer.h(55,14): warning 84: type qualifier specified more than once
         
         Game.cpp
         ps3ppusnc.exe -DNDEBUG -D__PS3__ -o PS3_Release\Game.o -c -Xdepmode=1 -MD -Xmserrors -IC:\s3air\librmx\source -IC:\s3air\Oxygen\libs\zlib -IC:\s3air\Oxygen\sonic3air\build\_ps3\include -IC:\s3air\librmx\source\rmxmedia\_glew -IC:\s3air\Oxygen\lemonscript\source -IC:\s3air\Oxygen\oxygenengine\source -IC:\s3air\Oxygen\sonic3air\source -IC:\s3air\Oxygen -IC:\s3air\Oxygen\libs\tremor\include -IC:\s3air\Oxygen\libs\libogg\include -I. -IC:/usr/local/cell\target\ppu\include -IC:/usr/local/cell\target\common\include -I"C:/usr/local/cell\host-win32\sn\ppu\include" -O2 -Xstd=cpp11 -Xc-=rtti C:\s3air\Oxygen\sonic3air\source\sonic3air\Game.cpp
     1>C:\s3air\librmx\source\rmxmedia/audiovideo/AudioBuffer.h(55,14): warning 84: type qualifier specified more than once
         
         NativizedCode.cpp
         ps3ppusnc.exe -DNDEBUG -D__PS3__ -o PS3_Release\NativizedCode.o -c -Xdepmode=1 -MD -Xmserrors -IC:\s3air\librmx\source -IC:\s3air\Oxygen\libs\zlib -IC:\s3air\Oxygen\sonic3air\build\_ps3\include -IC:\s3air\librmx\source\rmxmedia\_glew -IC:\s3air\Oxygen\lemonscript\source -IC:\s3air\Oxygen\oxygenengine\source -IC:\s3air\Oxygen\sonic3air\source -IC:\s3air\Oxygen -IC:\s3air\Oxygen\libs\tremor\include -IC:\s3air\Oxygen\libs\libogg\include -I. -IC:/usr/local/cell\target\ppu\include -IC:/usr/local/cell\target\common\include -I"C:/usr/local/cell\host-win32\sn\ppu\include" -O2 -Xstd=cpp11 -Xc-=rtti C:\s3air\Oxygen\sonic3air\source\sonic3air\_nativized\NativizedCode.cpp
     1>C:\s3air\librmx\source\rmxmedia/audiovideo/AudioBuffer.h(55,14): warning 84: type qualifier specified more than once
         
         AudioOut.cpp
         ps3ppusnc.exe -DNDEBUG -D__PS3__ -o PS3_Release\AudioOut.o -c -Xdepmode=1 -MD -Xmserrors -IC:\s3air\librmx\source -IC:\s3air\Oxygen\libs\zlib -IC:\s3air\Oxygen\sonic3air\build\_ps3\include -IC:\s3air\librmx\source\rmxmedia\_glew -IC:\s3air\Oxygen\lemonscript\source -IC:\s3air\Oxygen\oxygenengine\source -IC:\s3air\Oxygen\sonic3air\source -IC:\s3air\Oxygen -IC:\s3air\Oxygen\libs\tremor\include -IC:\s3air\Oxygen\libs\libogg\include -I. -IC:/usr/local/cell\target\ppu\include -IC:/usr/local/cell\target\common\include -I"C:/usr/local/cell\host-win32\sn\ppu\include" -O2 -Xstd=cpp11 -Xc-=rtti C:\s3air\Oxygen\sonic3air\source\sonic3air\audio\AudioOut.cpp
     1>C:\s3air\librmx\source\rmxmedia/audiovideo/AudioBuffer.h(55,14): warning 84: type qualifier specified more than once
         
         CustomAudioMixer.cpp
         ps3ppusnc.exe -DNDEBUG -D__PS3__ -o PS3_Release\CustomAudioMixer.o -c -Xdepmode=1 -MD -Xmserrors -IC:\s3air\librmx\source -IC:\s3air\Oxygen\libs\zlib -IC:\s3air\Oxygen\sonic3air\build\_ps3\include -IC:\s3air\librmx\source\rmxmedia\_glew -IC:\s3air\Oxygen\lemonscript\source -IC:\s3air\Oxygen\oxygenengine\source -IC:\s3air\Oxygen\sonic3air\source -IC:\s3air\Oxygen -IC:\s3air\Oxygen\libs\tremor\include -IC:\s3air\Oxygen\libs\libogg\include -I. -IC:/usr/local/cell\target\ppu\include -IC:/usr/local/cell\target\common\include -I"C:/usr/local/cell\host-win32\sn\ppu\include" -O2 -Xstd=cpp11 -Xc-=rtti C:\s3air\Oxygen\sonic3air\source\sonic3air\audio\CustomAudioMixer.cpp
     1>C:\s3air\librmx\source\rmxmedia/audiovideo/AudioBuffer.h(55,14): warning 84: type qualifier specified more than once
         
         RemasteredMusicDownload.cpp
         ps3ppusnc.exe -DNDEBUG -D__PS3__ -o PS3_Release\RemasteredMusicDownload.o -c -Xdepmode=1 -MD -Xmserrors -IC:\s3air\librmx\source -IC:\s3air\Oxygen\libs\zlib -IC:\s3air\Oxygen\sonic3air\build\_ps3\include -IC:\s3air\librmx\source\rmxmedia\_glew -IC:\s3air\Oxygen\lemonscript\source -IC:\s3air\Oxygen\oxygenengine\source -IC:\s3air\Oxygen\sonic3air\source -IC:\s3air\Oxygen -IC:\s3air\Oxygen\libs\tremor\include -IC:\s3air\Oxygen\libs\libogg\include -I. -IC:/usr/local/cell\target\ppu\include -IC:/usr/local/cell\target\common\include -I"C:/usr/local/cell\host-win32\sn\ppu\include" -O2 -Xstd=cpp11 -Xc-=rtti C:\s3air\Oxygen\sonic3air\source\sonic3air\audio\RemasteredMusicDownload.cpp
     1>C:\s3air\librmx\source\rmxmedia/audiovideo/AudioBuffer.h(55,14): warning 84: type qualifier specified more than once
         
         GameClient.cpp
         ps3ppusnc.exe -DNDEBUG -D__PS3__ -o PS3_Release\GameClient.o -c -Xdepmode=1 -MD -Xmserrors -IC:\s3air\librmx\source -IC:\s3air\Oxygen\libs\zlib -IC:\s3air\Oxygen\sonic3air\build\_ps3\include -IC:\s3air\librmx\source\rmxmedia\_glew -IC:\s3air\Oxygen\lemonscript\source -IC:\s3air\Oxygen\oxygenengine\source -IC:\s3air\Oxygen\sonic3air\source -IC:\s3air\Oxygen -IC:\s3air\Oxygen\libs\tremor\include -IC:\s3air\Oxygen\libs\libogg\include -I. -IC:/usr/local/cell\target\ppu\include -IC:/usr/local/cell\target\common\include -I"C:/usr/local/cell\host-win32\sn\ppu\include" -O2 -Xstd=cpp11 -Xc-=rtti C:\s3air\Oxygen\sonic3air\source\sonic3air\client\GameClient.cpp
     1>C:\s3air\librmx\source\rmxmedia/audiovideo/AudioBuffer.h(55,14): warning 84: type qualifier specified more than once
         
         GhostSync.cpp
         ps3ppusnc.exe -DNDEBUG -D__PS3__ -o PS3_Release\GhostSync.o -c -Xdepmode=1 -MD -Xmserrors -IC:\s3air\librmx\source -IC:\s3air\Oxygen\libs\zlib -IC:\s3air\Oxygen\sonic3air\build\_ps3\include -IC:\s3air\librmx\source\rmxmedia\_glew -IC:\s3air\Oxygen\lemonscript\source -IC:\s3air\Oxygen\oxygenengine\source -IC:\s3air\Oxygen\sonic3air\source -IC:\s3air\Oxygen -IC:\s3air\Oxygen\libs\tremor\include -IC:\s3air\Oxygen\libs\libogg\include -I. -IC:/usr/local/cell\target\ppu\include -IC:/usr/local/cell\target\common\include -I"C:/usr/local/cell\host-win32\sn\ppu\include" -O2 -Xstd=cpp11 -Xc-=rtti C:\s3air\Oxygen\sonic3air\source\sonic3air\client\GhostSync.cpp
     1>C:\s3air\librmx\source\rmxmedia/audiovideo/AudioBuffer.h(55,14): warning 84: type qualifier specified more than once
         
         UpdateCheck.cpp
         ps3ppusnc.exe -DNDEBUG -D__PS3__ -o PS3_Release\UpdateCheck.o -c -Xdepmode=1 -MD -Xmserrors -IC:\s3air\librmx\source -IC:\s3air\Oxygen\libs\zlib -IC:\s3air\Oxygen\sonic3air\build\_ps3\include -IC:\s3air\librmx\source\rmxmedia\_glew -IC:\s3air\Oxygen\lemonscript\source -IC:\s3air\Oxygen\oxygenengine\source -IC:\s3air\Oxygen\sonic3air\source -IC:\s3air\Oxygen -IC:\s3air\Oxygen\libs\tremor\include -IC:\s3air\Oxygen\libs\libogg\include -I. -IC:/usr/local/cell\target\ppu\include -IC:/usr/local/cell\target\common\include -I"C:/usr/local/cell\host-win32\sn\ppu\include" -O2 -Xstd=cpp11 -Xc-=rtti C:\s3air\Oxygen\sonic3air\source\sonic3air\client\UpdateCheck.cpp
     1>C:\s3air\librmx\source\rmxmedia/audiovideo/AudioBuffer.h(55,14): warning 84: type qualifier specified more than once
         
         CrowdControlClient.cpp
         ps3ppusnc.exe -DNDEBUG -D__PS3__ -o PS3_Release\CrowdControlClient.o -c -Xdepmode=1 -MD -Xmserrors -IC:\s3air\librmx\source -IC:\s3air\Oxygen\libs\zlib -IC:\s3air\Oxygen\sonic3air\build\_ps3\include -IC:\s3air\librmx\source\rmxmedia\_glew -IC:\s3air\Oxygen\lemonscript\source -IC:\s3air\Oxygen\oxygenengine\source -IC:\s3air\Oxygen\sonic3air\source -IC:\s3air\Oxygen -IC:\s3air\Oxygen\libs\tremor\include -IC:\s3air\Oxygen\libs\libogg\include -I. -IC:/usr/local/cell\target\ppu\include -IC:/usr/local/cell\target\common\include -I"C:/usr/local/cell\host-win32\sn\ppu\include" -O2 -Xstd=cpp11 -Xc-=rtti C:\s3air\Oxygen\sonic3air\source\sonic3air\client\crowdcontrol\CrowdControlClient.cpp
     1>C:\s3air\librmx\source\rmxmedia/audiovideo/AudioBuffer.h(55,14): warning 84: type qualifier specified more than once
         
         PlayerProgress.cpp
         ps3ppusnc.exe -DNDEBUG -D__PS3__ -o PS3_Release\PlayerProgress.o -c -Xdepmode=1 -MD -Xmserrors -IC:\s3air\librmx\source -IC:\s3air\Oxygen\libs\zlib -IC:\s3air\Oxygen\sonic3air\build\_ps3\include -IC:\s3air\librmx\source\rmxmedia\_glew -IC:\s3air\Oxygen\lemonscript\source -IC:\s3air\Oxygen\oxygenengine\source -IC:\s3air\Oxygen\sonic3air\source -IC:\s3air\Oxygen -IC:\s3air\Oxygen\libs\tremor\include -IC:\s3air\Oxygen\libs\libogg\include -I. -IC:/usr/local/cell\target\ppu\include -IC:/usr/local/cell\target\common\include -I"C:/usr/local/cell\host-win32\sn\ppu\include" -O2 -Xstd=cpp11 -Xc-=rtti C:\s3air\Oxygen\sonic3air\source\sonic3air\data\PlayerProgress.cpp
     1>C:\s3air\librmx\source\rmxmedia/audiovideo/AudioBuffer.h(55,14): warning 84: type qualifier specified more than once
         
         PlayerRecorder.cpp
         ps3ppusnc.exe -DNDEBUG -D__PS3__ -o PS3_Release\PlayerRecorder.o -c -Xdepmode=1 -MD -Xmserrors -IC:\s3air\librmx\source -IC:\s3air\Oxygen\libs\zlib -IC:\s3air\Oxygen\sonic3air\build\_ps3\include -IC:\s3air\librmx\source\rmxmedia\_glew -IC:\s3air\Oxygen\lemonscript\source -IC:\s3air\Oxygen\oxygenengine\source -IC:\s3air\Oxygen\sonic3air\source -IC:\s3air\Oxygen -IC:\s3air\Oxygen\libs\tremor\include -IC:\s3air\Oxygen\libs\libogg\include -I. -IC:/usr/local/cell\target\ppu\include -IC:/usr/local/cell\target\common\include -I"C:/usr/local/cell\host-win32\sn\ppu\include" -O2 -Xstd=cpp11 -Xc-=rtti C:\s3air\Oxygen\sonic3air\source\sonic3air\data\PlayerRecorder.cpp
     1>C:\s3air\librmx\source\rmxmedia/audiovideo/AudioBuffer.h(55,14): warning 84: type qualifier specified more than once
         
         SharedDatabase.cpp
         ps3ppusnc.exe -DNDEBUG -D__PS3__ -o PS3_Release\SharedDatabase.o -c -Xdepmode=1 -MD -Xmserrors -IC:\s3air\librmx\source -IC:\s3air\Oxygen\libs\zlib -IC:\s3air\Oxygen\sonic3air\build\_ps3\include -IC:\s3air\librmx\source\rmxmedia\_glew -IC:\s3air\Oxygen\lemonscript\source -IC:\s3air\Oxygen\oxygenengine\source -IC:\s3air\Oxygen\sonic3air\source -IC:\s3air\Oxygen -IC:\s3air\Oxygen\libs\tremor\include -IC:\s3air\Oxygen\libs\libogg\include -I. -IC:/usr/local/cell\target\ppu\include -IC:/usr/local/cell\target\common\include -I"C:/usr/local/cell\host-win32\sn\ppu\include" -O2 -Xstd=cpp11 -Xc-=rtti C:\s3air\Oxygen\sonic3air\source\sonic3air\data\SharedDatabase.cpp
     1>C:\s3air\librmx\source\rmxmedia/audiovideo/AudioBuffer.h(55,14): warning 84: type qualifier specified more than once
         
         TimeAttackData.cpp
         ps3ppusnc.exe -DNDEBUG -D__PS3__ -o PS3_Release\TimeAttackData.o -c -Xdepmode=1 -MD -Xmserrors -IC:\s3air\librmx\source -IC:\s3air\Oxygen\libs\zlib -IC:\s3air\Oxygen\sonic3air\build\_ps3\include -IC:\s3air\librmx\source\rmxmedia\_glew -IC:\s3air\Oxygen\lemonscript\source -IC:\s3air\Oxygen\oxygenengine\source -IC:\s3air\Oxygen\sonic3air\source -IC:\s3air\Oxygen -IC:\s3air\Oxygen\libs\tremor\include -IC:\s3air\Oxygen\libs\libogg\include -I. -IC:/usr/local/cell\target\ppu\include -IC:/usr/local/cell\target\common\include -I"C:/usr/local/cell\host-win32\sn\ppu\include" -O2 -Xstd=cpp11 -Xc-=rtti C:\s3air\Oxygen\sonic3air\source\sonic3air\data\TimeAttackData.cpp
     1>C:\s3air\librmx\source\rmxmedia/audiovideo/AudioBuffer.h(55,14): warning 84: type qualifier specified more than once
         
         ResourceScriptGenerator.cpp
         ps3ppusnc.exe -DNDEBUG -D__PS3__ -o PS3_Release\ResourceScriptGenerator.o -c -Xdepmode=1 -MD -Xmserrors -IC:\s3air\librmx\source -IC:\s3air\Oxygen\libs\zlib -IC:\s3air\Oxygen\sonic3air\build\_ps3\include -IC:\s3air\librmx\source\rmxmedia\_glew -IC:\s3air\Oxygen\lemonscript\source -IC:\s3air\Oxygen\oxygenengine\source -IC:\s3air\Oxygen\sonic3air\source -IC:\s3air\Oxygen -IC:\s3air\Oxygen\libs\tremor\include -IC:\s3air\Oxygen\libs\libogg\include -I. -IC:/usr/local/cell\target\ppu\include -IC:/usr/local/cell\target\common\include -I"C:/usr/local/cell\host-win32\sn\ppu\include" -O2 -Xstd=cpp11 -Xc-=rtti C:\s3air\Oxygen\sonic3air\source\sonic3air\generator\ResourceScriptGenerator.cpp
     1>C:\s3air\librmx\source\rmxmedia/audiovideo/AudioBuffer.h(55,14): warning 84: type qualifier specified more than once
         
         BlueSpheresRendering.cpp
         ps3ppusnc.exe -DNDEBUG -D__PS3__ -o PS3_Release\BlueSpheresRendering.o -c -Xdepmode=1 -MD -Xmserrors -IC:\s3air\librmx\source -IC:\s3air\Oxygen\libs\zlib -IC:\s3air\Oxygen\sonic3air\build\_ps3\include -IC:\s3air\librmx\source\rmxmedia\_glew -IC:\s3air\Oxygen\lemonscript\source -IC:\s3air\Oxygen\oxygenengine\source -IC:\s3air\Oxygen\sonic3air\source -IC:\s3air\Oxygen -IC:\s3air\Oxygen\libs\tremor\include -IC:\s3air\Oxygen\libs\libogg\include -I. -IC:/usr/local/cell\target\ppu\include -IC:/usr/local/cell\target\common\include -I"C:/usr/local/cell\host-win32\sn\ppu\include" -O2 -Xstd=cpp11 -Xc-=rtti C:\s3air\Oxygen\sonic3air\source\sonic3air\helper\BlueSpheresRendering.cpp
     1>C:\s3air\librmx\source\rmxmedia/audiovideo/AudioBuffer.h(55,14): warning 84: type qualifier specified more than once
         
         CommandForwarder.cpp
         ps3ppusnc.exe -DNDEBUG -D__PS3__ -o PS3_Release\CommandForwarder.o -c -Xdepmode=1 -MD -Xmserrors -IC:\s3air\librmx\source -IC:\s3air\Oxygen\libs\zlib -IC:\s3air\Oxygen\sonic3air\build\_ps3\include -IC:\s3air\librmx\source\rmxmedia\_glew -IC:\s3air\Oxygen\lemonscript\source -IC:\s3air\Oxygen\oxygenengine\source -IC:\s3air\Oxygen\sonic3air\source -IC:\s3air\Oxygen -IC:\s3air\Oxygen\libs\tremor\include -IC:\s3air\Oxygen\libs\libogg\include -I. -IC:/usr/local/cell\target\ppu\include -IC:/usr/local/cell\target\common\include -I"C:/usr/local/cell\host-win32\sn\ppu\include" -O2 -Xstd=cpp11 -Xc-=rtti C:\s3air\Oxygen\sonic3air\source\sonic3air\helper\CommandForwarder.cpp
     1>C:\s3air\librmx\source\rmxmedia/audiovideo/AudioBuffer.h(55,14): warning 84: type qualifier specified more than once
         
         DiscordIntegration.cpp
         ps3ppusnc.exe -DNDEBUG -D__PS3__ -o PS3_Release\DiscordIntegration.o -c -Xdepmode=1 -MD -Xmserrors -IC:\s3air\librmx\source -IC:\s3air\Oxygen\libs\zlib -IC:\s3air\Oxygen\sonic3air\build\_ps3\include -IC:\s3air\librmx\source\rmxmedia\_glew -IC:\s3air\Oxygen\lemonscript\source -IC:\s3air\Oxygen\oxygenengine\source -IC:\s3air\Oxygen\sonic3air\source -IC:\s3air\Oxygen -IC:\s3air\Oxygen\libs\tremor\include -IC:\s3air\Oxygen\libs\libogg\include -I. -IC:/usr/local/cell\target\ppu\include -IC:/usr/local/cell\target\common\include -I"C:/usr/local/cell\host-win32\sn\ppu\include" -O2 -Xstd=cpp11 -Xc-=rtti C:\s3air\Oxygen\sonic3air\source\sonic3air\helper\DiscordIntegration.cpp
     1>C:\s3air\librmx\source\rmxmedia/audiovideo/AudioBuffer.h(55,14): warning 84: type qualifier specified more than once
         
         DrawingUtils.cpp
         ps3ppusnc.exe -DNDEBUG -D__PS3__ -o PS3_Release\DrawingUtils.o -c -Xdepmode=1 -MD -Xmserrors -IC:\s3air\librmx\source -IC:\s3air\Oxygen\libs\zlib -IC:\s3air\Oxygen\sonic3air\build\_ps3\include -IC:\s3air\librmx\source\rmxmedia\_glew -IC:\s3air\Oxygen\lemonscript\source -IC:\s3air\Oxygen\oxygenengine\source -IC:\s3air\Oxygen\sonic3air\source -IC:\s3air\Oxygen -IC:\s3air\Oxygen\libs\tremor\include -IC:\s3air\Oxygen\libs\libogg\include -I. -IC:/usr/local/cell\target\ppu\include -IC:/usr/local/cell\target\common\include -I"C:/usr/local/cell\host-win32\sn\ppu\include" -O2 -Xstd=cpp11 -Xc-=rtti C:\s3air\Oxygen\sonic3air\source\sonic3air\helper\DrawingUtils.cpp
     1>C:\s3air\librmx\source\rmxmedia/audiovideo/AudioBuffer.h(55,14): warning 84: type qualifier specified more than once
         
         GameUtils.cpp
         ps3ppusnc.exe -DNDEBUG -D__PS3__ -o PS3_Release\GameUtils.o -c -Xdepmode=1 -MD -Xmserrors -IC:\s3air\librmx\source -IC:\s3air\Oxygen\libs\zlib -IC:\s3air\Oxygen\sonic3air\build\_ps3\include -IC:\s3air\librmx\source\rmxmedia\_glew -IC:\s3air\Oxygen\lemonscript\source -IC:\s3air\Oxygen\oxygenengine\source -IC:\s3air\Oxygen\sonic3air\source -IC:\s3air\Oxygen -IC:\s3air\Oxygen\libs\tremor\include -IC:\s3air\Oxygen\libs\libogg\include -I. -IC:/usr/local/cell\target\ppu\include -IC:/usr/local/cell\target\common\include -I"C:/usr/local/cell\host-win32\sn\ppu\include" -O2 -Xstd=cpp11 -Xc-=rtti C:\s3air\Oxygen\sonic3air\source\sonic3air\helper\GameUtils.cpp
     1>C:\s3air\librmx\source\rmxmedia/audiovideo/AudioBuffer.h(55,14): warning 84: type qualifier specified more than once
         
         PackageBuilder.cpp
         ps3ppusnc.exe -DNDEBUG -D__PS3__ -o PS3_Release\PackageBuilder.o -c -Xdepmode=1 -MD -Xmserrors -IC:\s3air\librmx\source -IC:\s3air\Oxygen\libs\zlib -IC:\s3air\Oxygen\sonic3air\build\_ps3\include -IC:\s3air\librmx\source\rmxmedia\_glew -IC:\s3air\Oxygen\lemonscript\source -IC:\s3air\Oxygen\oxygenengine\source -IC:\s3air\Oxygen\sonic3air\source -IC:\s3air\Oxygen -IC:\s3air\Oxygen\libs\tremor\include -IC:\s3air\Oxygen\libs\libogg\include -I. -IC:/usr/local/cell\target\ppu\include -IC:/usr/local/cell\target\common\include -I"C:/usr/local/cell\host-win32\sn\ppu\include" -O2 -Xstd=cpp11 -Xc-=rtti C:\s3air\Oxygen\sonic3air\source\sonic3air\helper\PackageBuilder.cpp
     1>C:\s3air\librmx\source\rmxmedia/audiovideo/AudioBuffer.h(55,14): warning 84: type qualifier specified more than once
         
         main.cpp
         ps3ppusnc.exe -DNDEBUG -D__PS3__ -o PS3_Release\main.o -c -Xdepmode=1 -MD -Xmserrors -IC:\s3air\librmx\source -IC:\s3air\Oxygen\libs\zlib -IC:\s3air\Oxygen\sonic3air\build\_ps3\include -IC:\s3air\librmx\source\rmxmedia\_glew -IC:\s3air\Oxygen\lemonscript\source -IC:\s3air\Oxygen\oxygenengine\source -IC:\s3air\Oxygen\sonic3air\source -IC:\s3air\Oxygen -IC:\s3air\Oxygen\libs\tremor\include -IC:\s3air\Oxygen\libs\libogg\include -I. -IC:/usr/local/cell\target\ppu\include -IC:/usr/local/cell\target\common\include -I"C:/usr/local/cell\host-win32\sn\ppu\include" -O2 -Xstd=cpp11 -Xc-=rtti C:\s3air\Oxygen\sonic3air\source\sonic3air\main.cpp
     1>C:\s3air\librmx\source\rmxmedia/audiovideo/AudioBuffer.h(55,14): warning 84: type qualifier specified more than once
         
         ActSelectMenu.cpp
         ps3ppusnc.exe -DNDEBUG -D__PS3__ -o PS3_Release\ActSelectMenu.o -c -Xdepmode=1 -MD -Xmserrors -IC:\s3air\librmx\source -IC:\s3air\Oxygen\libs\zlib -IC:\s3air\Oxygen\sonic3air\build\_ps3\include -IC:\s3air\librmx\source\rmxmedia\_glew -IC:\s3air\Oxygen\lemonscript\source -IC:\s3air\Oxygen\oxygenengine\source -IC:\s3air\Oxygen\sonic3air\source -IC:\s3air\Oxygen -IC:\s3air\Oxygen\libs\tremor\include -IC:\s3air\Oxygen\libs\libogg\include -I. -IC:/usr/local/cell\target\ppu\include -IC:/usr/local/cell\target\common\include -I"C:/usr/local/cell\host-win32\sn\ppu\include" -O2 -Xstd=cpp11 -Xc-=rtti C:\s3air\Oxygen\sonic3air\source\sonic3air\menu\ActSelectMenu.cpp
     1>C:\s3air\librmx\source\rmxmedia/audiovideo/AudioBuffer.h(55,14): warning 84: type qualifier specified more than once
         
         ExtrasMenu.cpp
         ps3ppusnc.exe -DNDEBUG -D__PS3__ -o PS3_Release\ExtrasMenu.o -c -Xdepmode=1 -MD -Xmserrors -IC:\s3air\librmx\source -IC:\s3air\Oxygen\libs\zlib -IC:\s3air\Oxygen\sonic3air\build\_ps3\include -IC:\s3air\librmx\source\rmxmedia\_glew -IC:\s3air\Oxygen\lemonscript\source -IC:\s3air\Oxygen\oxygenengine\source -IC:\s3air\Oxygen\sonic3air\source -IC:\s3air\Oxygen -IC:\s3air\Oxygen\libs\tremor\include -IC:\s3air\Oxygen\libs\libogg\include -I. -IC:/usr/local/cell\target\ppu\include -IC:/usr/local/cell\target\common\include -I"C:/usr/local/cell\host-win32\sn\ppu\include" -O2 -Xstd=cpp11 -Xc-=rtti C:\s3air\Oxygen\sonic3air\source\sonic3air\menu\ExtrasMenu.cpp
     1>C:\s3air\librmx\source\rmxmedia/audiovideo/AudioBuffer.h(55,14): warning 84: type qualifier specified more than once
         
         GameApp.cpp
         ps3ppusnc.exe -DNDEBUG -D__PS3__ -o PS3_Release\GameApp.o -c -Xdepmode=1 -MD -Xmserrors -IC:\s3air\librmx\source -IC:\s3air\Oxygen\libs\zlib -IC:\s3air\Oxygen\sonic3air\build\_ps3\include -IC:\s3air\librmx\source\rmxmedia\_glew -IC:\s3air\Oxygen\lemonscript\source -IC:\s3air\Oxygen\oxygenengine\source -IC:\s3air\Oxygen\sonic3air\source -IC:\s3air\Oxygen -IC:\s3air\Oxygen\libs\tremor\include -IC:\s3air\Oxygen\libs\libogg\include -I. -IC:/usr/local/cell\target\ppu\include -IC:/usr/local/cell\target\common\include -I"C:/usr/local/cell\host-win32\sn\ppu\include" -O2 -Xstd=cpp11 -Xc-=rtti C:\s3air\Oxygen\sonic3air\source\sonic3air\menu\GameApp.cpp
     1>C:\s3air\librmx\source\rmxmedia/audiovideo/AudioBuffer.h(55,14): warning 84: type qualifier specified more than once
         
         GameMenuBase.cpp
         ps3ppusnc.exe -DNDEBUG -D__PS3__ -o PS3_Release\GameMenuBase.o -c -Xdepmode=1 -MD -Xmserrors -IC:\s3air\librmx\source -IC:\s3air\Oxygen\libs\zlib -IC:\s3air\Oxygen\sonic3air\build\_ps3\include -IC:\s3air\librmx\source\rmxmedia\_glew -IC:\s3air\Oxygen\lemonscript\source -IC:\s3air\Oxygen\oxygenengine\source -IC:\s3air\Oxygen\sonic3air\source -IC:\s3air\Oxygen -IC:\s3air\Oxygen\libs\tremor\include -IC:\s3air\Oxygen\libs\libogg\include -I. -IC:/usr/local/cell\target\ppu\include -IC:/usr/local/cell\target\common\include -I"C:/usr/local/cell\host-win32\sn\ppu\include" -O2 -Xstd=cpp11 -Xc-=rtti C:\s3air\Oxygen\sonic3air\source\sonic3air\menu\GameMenuBase.cpp
     1>C:\s3air\librmx\source\rmxmedia/audiovideo/AudioBuffer.h(55,14): warning 84: type qualifier specified more than once
         
         GameMenuManager.cpp
         ps3ppusnc.exe -DNDEBUG -D__PS3__ -o PS3_Release\GameMenuManager.o -c -Xdepmode=1 -MD -Xmserrors -IC:\s3air\librmx\source -IC:\s3air\Oxygen\libs\zlib -IC:\s3air\Oxygen\sonic3air\build\_ps3\include -IC:\s3air\librmx\source\rmxmedia\_glew -IC:\s3air\Oxygen\lemonscript\source -IC:\s3air\Oxygen\oxygenengine\source -IC:\s3air\Oxygen\sonic3air\source -IC:\s3air\Oxygen -IC:\s3air\Oxygen\libs\tremor\include -IC:\s3air\Oxygen\libs\libogg\include -I. -IC:/usr/local/cell\target\ppu\include -IC:/usr/local/cell\target\common\include -I"C:/usr/local/cell\host-win32\sn\ppu\include" -O2 -Xstd=cpp11 -Xc-=rtti C:\s3air\Oxygen\sonic3air\source\sonic3air\menu\GameMenuManager.cpp
     1>C:\s3air\librmx\source\rmxmedia/audiovideo/AudioBuffer.h(55,14): warning 84: type qualifier specified more than once
         
         MainMenu.cpp
         ps3ppusnc.exe -DNDEBUG -D__PS3__ -o PS3_Release\MainMenu.o -c -Xdepmode=1 -MD -Xmserrors -IC:\s3air\librmx\source -IC:\s3air\Oxygen\libs\zlib -IC:\s3air\Oxygen\sonic3air\build\_ps3\include -IC:\s3air\librmx\source\rmxmedia\_glew -IC:\s3air\Oxygen\lemonscript\source -IC:\s3air\Oxygen\oxygenengine\source -IC:\s3air\Oxygen\sonic3air\source -IC:\s3air\Oxygen -IC:\s3air\Oxygen\libs\tremor\include -IC:\s3air\Oxygen\libs\libogg\include -I. -IC:/usr/local/cell\target\ppu\include -IC:/usr/local/cell\target\common\include -I"C:/usr/local/cell\host-win32\sn\ppu\include" -O2 -Xstd=cpp11 -Xc-=rtti C:\s3air\Oxygen\sonic3air\source\sonic3air\menu\MainMenu.cpp
     1>C:\s3air\librmx\source\rmxmedia/audiovideo/AudioBuffer.h(55,14): warning 84: type qualifier specified more than once
         
         MenuBackground.cpp
         ps3ppusnc.exe -DNDEBUG -D__PS3__ -o PS3_Release\MenuBackground.o -c -Xdepmode=1 -MD -Xmserrors -IC:\s3air\librmx\source -IC:\s3air\Oxygen\libs\zlib -IC:\s3air\Oxygen\sonic3air\build\_ps3\include -IC:\s3air\librmx\source\rmxmedia\_glew -IC:\s3air\Oxygen\lemonscript\source -IC:\s3air\Oxygen\oxygenengine\source -IC:\s3air\Oxygen\sonic3air\source -IC:\s3air\Oxygen -IC:\s3air\Oxygen\libs\tremor\include -IC:\s3air\Oxygen\libs\libogg\include -I. -IC:/usr/local/cell\target\ppu\include -IC:/usr/local/cell\target\common\include -I"C:/usr/local/cell\host-win32\sn\ppu\include" -O2 -Xstd=cpp11 -Xc-=rtti C:\s3air\Oxygen\sonic3air\source\sonic3air\menu\MenuBackground.cpp
     1>C:\s3air\librmx\source\rmxmedia/audiovideo/AudioBuffer.h(55,14): warning 84: type qualifier specified more than once
         
         PauseMenu.cpp
         ps3ppusnc.exe -DNDEBUG -D__PS3__ -o PS3_Release\PauseMenu.o -c -Xdepmode=1 -MD -Xmserrors -IC:\s3air\librmx\source -IC:\s3air\Oxygen\libs\zlib -IC:\s3air\Oxygen\sonic3air\build\_ps3\include -IC:\s3air\librmx\source\rmxmedia\_glew -IC:\s3air\Oxygen\lemonscript\source -IC:\s3air\Oxygen\oxygenengine\source -IC:\s3air\Oxygen\sonic3air\source -IC:\s3air\Oxygen -IC:\s3air\Oxygen\libs\tremor\include -IC:\s3air\Oxygen\libs\libogg\include -I. -IC:/usr/local/cell\target\ppu\include -IC:/usr/local/cell\target\common\include -I"C:/usr/local/cell\host-win32\sn\ppu\include" -O2 -Xstd=cpp11 -Xc-=rtti C:\s3air\Oxygen\sonic3air\source\sonic3air\menu\PauseMenu.cpp
     1>C:\s3air\librmx\source\rmxmedia/audiovideo/AudioBuffer.h(55,14): warning 84: type qualifier specified more than once
         
         SharedResources.cpp
         ps3ppusnc.exe -DNDEBUG -D__PS3__ -o PS3_Release\SharedResources.o -c -Xdepmode=1 -MD -Xmserrors -IC:\s3air\librmx\source -IC:\s3air\Oxygen\libs\zlib -IC:\s3air\Oxygen\sonic3air\build\_ps3\include -IC:\s3air\librmx\source\rmxmedia\_glew -IC:\s3air\Oxygen\lemonscript\source -IC:\s3air\Oxygen\oxygenengine\source -IC:\s3air\Oxygen\sonic3air\source -IC:\s3air\Oxygen -IC:\s3air\Oxygen\libs\tremor\include -IC:\s3air\Oxygen\libs\libogg\include -I. -IC:/usr/local/cell\target\ppu\include -IC:/usr/local/cell\target\common\include -I"C:/usr/local/cell\host-win32\sn\ppu\include" -O2 -Xstd=cpp11 -Xc-=rtti C:\s3air\Oxygen\sonic3air\source\sonic3air\menu\SharedResources.cpp
     1>C:\s3air\librmx\source\rmxmedia/audiovideo/AudioBuffer.h(55,14): warning 84: type qualifier specified more than once
         
         TimeAttackMenu.cpp
         ps3ppusnc.exe -DNDEBUG -D__PS3__ -o PS3_Release\TimeAttackMenu.o -c -Xdepmode=1 -MD -Xmserrors -IC:\s3air\librmx\source -IC:\s3air\Oxygen\libs\zlib -IC:\s3air\Oxygen\sonic3air\build\_ps3\include -IC:\s3air\librmx\source\rmxmedia\_glew -IC:\s3air\Oxygen\lemonscript\source -IC:\s3air\Oxygen\oxygenengine\source -IC:\s3air\Oxygen\sonic3air\source -IC:\s3air\Oxygen -IC:\s3air\Oxygen\libs\tremor\include -IC:\s3air\Oxygen\libs\libogg\include -I. -IC:/usr/local/cell\target\ppu\include -IC:/usr/local/cell\target\common\include -I"C:/usr/local/cell\host-win32\sn\ppu\include" -O2 -Xstd=cpp11 -Xc-=rtti C:\s3air\Oxygen\sonic3air\source\sonic3air\menu\TimeAttackMenu.cpp
     1>C:\s3air\librmx\source\rmxmedia/audiovideo/AudioBuffer.h(55,14): warning 84: type qualifier specified more than once
         
         TimeAttackResultsMenu.cpp
         ps3ppusnc.exe -DNDEBUG -D__PS3__ -o PS3_Release\TimeAttackResultsMenu.o -c -Xdepmode=1 -MD -Xmserrors -IC:\s3air\librmx\source -IC:\s3air\Oxygen\libs\zlib -IC:\s3air\Oxygen\sonic3air\build\_ps3\include -IC:\s3air\librmx\source\rmxmedia\_glew -IC:\s3air\Oxygen\lemonscript\source -IC:\s3air\Oxygen\oxygenengine\source -IC:\s3air\Oxygen\sonic3air\source -IC:\s3air\Oxygen -IC:\s3air\Oxygen\libs\tremor\include -IC:\s3air\Oxygen\libs\libogg\include -I. -IC:/usr/local/cell\target\ppu\include -IC:/usr/local/cell\target\common\include -I"C:/usr/local/cell\host-win32\sn\ppu\include" -O2 -Xstd=cpp11 -Xc-=rtti C:\s3air\Oxygen\sonic3air\source\sonic3air\menu\TimeAttackResultsMenu.cpp
     1>C:\s3air\librmx\source\rmxmedia/audiovideo/AudioBuffer.h(55,14): warning 84: type qualifier specified more than once
         
         ApplicationContextMenu.cpp
         ps3ppusnc.exe -DNDEBUG -D__PS3__ -o PS3_Release\ApplicationContextMenu.o -c -Xdepmode=1 -MD -Xmserrors -IC:\s3air\librmx\source -IC:\s3air\Oxygen\libs\zlib -IC:\s3air\Oxygen\sonic3air\build\_ps3\include -IC:\s3air\librmx\source\rmxmedia\_glew -IC:\s3air\Oxygen\lemonscript\source -IC:\s3air\Oxygen\oxygenengine\source -IC:\s3air\Oxygen\sonic3air\source -IC:\s3air\Oxygen -IC:\s3air\Oxygen\libs\tremor\include -IC:\s3air\Oxygen\libs\libogg\include -I. -IC:/usr/local/cell\target\ppu\include -IC:/usr/local/cell\target\common\include -I"C:/usr/local/cell\host-win32\sn\ppu\include" -O2 -Xstd=cpp11 -Xc-=rtti C:\s3air\Oxygen\sonic3air\source\sonic3air\menu\context\ApplicationContextMenu.cpp
     1>C:\s3air\librmx\source\rmxmedia/audiovideo/AudioBuffer.h(55,14): warning 84: type qualifier specified more than once
         
         GeneralMenuEntries.cpp
         ps3ppusnc.exe -DNDEBUG -D__PS3__ -o PS3_Release\GeneralMenuEntries.o -c -Xdepmode=1 -MD -Xmserrors -IC:\s3air\librmx\source -IC:\s3air\Oxygen\libs\zlib -IC:\s3air\Oxygen\sonic3air\build\_ps3\include -IC:\s3air\librmx\source\rmxmedia\_glew -IC:\s3air\Oxygen\lemonscript\source -IC:\s3air\Oxygen\oxygenengine\source -IC:\s3air\Oxygen\sonic3air\source -IC:\s3air\Oxygen -IC:\s3air\Oxygen\libs\tremor\include -IC:\s3air\Oxygen\libs\libogg\include -I. -IC:/usr/local/cell\target\ppu\include -IC:/usr/local/cell\target\common\include -I"C:/usr/local/cell\host-win32\sn\ppu\include" -O2 -Xstd=cpp11 -Xc-=rtti C:\s3air\Oxygen\sonic3air\source\sonic3air\menu\entries\GeneralMenuEntries.cpp
     1>C:\s3air\librmx\source\rmxmedia/audiovideo/AudioBuffer.h(55,14): warning 84: type qualifier specified more than once
         
         GameMenuControlsDisplay.cpp
         ps3ppusnc.exe -DNDEBUG -D__PS3__ -o PS3_Release\GameMenuControlsDisplay.o -c -Xdepmode=1 -MD -Xmserrors -IC:\s3air\librmx\source -IC:\s3air\Oxygen\libs\zlib -IC:\s3air\Oxygen\sonic3air\build\_ps3\include -IC:\s3air\librmx\source\rmxmedia\_glew -IC:\s3air\Oxygen\lemonscript\source -IC:\s3air\Oxygen\oxygenengine\source -IC:\s3air\Oxygen\sonic3air\source -IC:\s3air\Oxygen -IC:\s3air\Oxygen\libs\tremor\include -IC:\s3air\Oxygen\libs\libogg\include -I. -IC:/usr/local/cell\target\ppu\include -IC:/usr/local/cell\target\common\include -I"C:/usr/local/cell\host-win32\sn\ppu\include" -O2 -Xstd=cpp11 -Xc-=rtti C:\s3air\Oxygen\sonic3air\source\sonic3air\menu\helper\GameMenuControlsDisplay.cpp
     1>C:\s3air\librmx\source\rmxmedia/audiovideo/AudioBuffer.h(55,14): warning 84: type qualifier specified more than once
         
         GameMenuScrolling.cpp
         ps3ppusnc.exe -DNDEBUG -D__PS3__ -o PS3_Release\GameMenuScrolling.o -c -Xdepmode=1 -MD -Xmserrors -IC:\s3air\librmx\source -IC:\s3air\Oxygen\libs\zlib -IC:\s3air\Oxygen\sonic3air\build\_ps3\include -IC:\s3air\librmx\source\rmxmedia\_glew -IC:\s3air\Oxygen\lemonscript\source -IC:\s3air\Oxygen\oxygenengine\source -IC:\s3air\Oxygen\sonic3air\source -IC:\s3air\Oxygen -IC:\s3air\Oxygen\libs\tremor\include -IC:\s3air\Oxygen\libs\libogg\include -I. -IC:/usr/local/cell\target\ppu\include -IC:/usr/local/cell\target\common\include -I"C:/usr/local/cell\host-win32\sn\ppu\include" -O2 -Xstd=cpp11 -Xc-=rtti C:\s3air\Oxygen\sonic3air\source\sonic3air\menu\helper\GameMenuScrolling.cpp
     1>C:\s3air\librmx\source\rmxmedia/audiovideo/AudioBuffer.h(55,14): warning 84: type qualifier specified more than once
         
         ModsMenu.cpp
         ps3ppusnc.exe -DNDEBUG -D__PS3__ -o PS3_Release\ModsMenu.o -c -Xdepmode=1 -MD -Xmserrors -IC:\s3air\librmx\source -IC:\s3air\Oxygen\libs\zlib -IC:\s3air\Oxygen\sonic3air\build\_ps3\include -IC:\s3air\librmx\source\rmxmedia\_glew -IC:\s3air\Oxygen\lemonscript\source -IC:\s3air\Oxygen\oxygenengine\source -IC:\s3air\Oxygen\sonic3air\source -IC:\s3air\Oxygen -IC:\s3air\Oxygen\libs\tremor\include -IC:\s3air\Oxygen\libs\libogg\include -I. -IC:/usr/local/cell\target\ppu\include -IC:/usr/local/cell\target\common\include -I"C:/usr/local/cell\host-win32\sn\ppu\include" -O2 -Xstd=cpp11 -Xc-=rtti C:\s3air\Oxygen\sonic3air\source\sonic3air\menu\mods\ModsMenu.cpp
     1>C:\s3air\librmx\source\rmxmedia/audiovideo/AudioBuffer.h(55,14): warning 84: type qualifier specified more than once
         
         ModsMenuEntries.cpp
         ps3ppusnc.exe -DNDEBUG -D__PS3__ -o PS3_Release\ModsMenuEntries.o -c -Xdepmode=1 -MD -Xmserrors -IC:\s3air\librmx\source -IC:\s3air\Oxygen\libs\zlib -IC:\s3air\Oxygen\sonic3air\build\_ps3\include -IC:\s3air\librmx\source\rmxmedia\_glew -IC:\s3air\Oxygen\lemonscript\source -IC:\s3air\Oxygen\oxygenengine\source -IC:\s3air\Oxygen\sonic3air\source -IC:\s3air\Oxygen -IC:\s3air\Oxygen\libs\tremor\include -IC:\s3air\Oxygen\libs\libogg\include -I. -IC:/usr/local/cell\target\ppu\include -IC:/usr/local/cell\target\common\include -I"C:/usr/local/cell\host-win32\sn\ppu\include" -O2 -Xstd=cpp11 -Xc-=rtti C:\s3air\Oxygen\sonic3air\source\sonic3air\menu\mods\ModsMenuEntries.cpp
     1>C:\s3air\librmx\source\rmxmedia/audiovideo/AudioBuffer.h(55,14): warning 84: type qualifier specified more than once
         
         ControllerSetupMenu.cpp
         ps3ppusnc.exe -DNDEBUG -D__PS3__ -o PS3_Release\ControllerSetupMenu.o -c -Xdepmode=1 -MD -Xmserrors -IC:\s3air\librmx\source -IC:\s3air\Oxygen\libs\zlib -IC:\s3air\Oxygen\sonic3air\build\_ps3\include -IC:\s3air\librmx\source\rmxmedia\_glew -IC:\s3air\Oxygen\lemonscript\source -IC:\s3air\Oxygen\oxygenengine\source -IC:\s3air\Oxygen\sonic3air\source -IC:\s3air\Oxygen -IC:\s3air\Oxygen\libs\tremor\include -IC:\s3air\Oxygen\libs\libogg\include -I. -IC:/usr/local/cell\target\ppu\include -IC:/usr/local/cell\target\common\include -I"C:/usr/local/cell\host-win32\sn\ppu\include" -O2 -Xstd=cpp11 -Xc-=rtti C:\s3air\Oxygen\sonic3air\source\sonic3air\menu\options\ControllerSetupMenu.cpp
     1>C:\s3air\librmx\source\rmxmedia/audiovideo/AudioBuffer.h(55,14): warning 84: type qualifier specified more than once
         
         OptionsEntry.cpp
         ps3ppusnc.exe -DNDEBUG -D__PS3__ -o PS3_Release\OptionsEntry.o -c -Xdepmode=1 -MD -Xmserrors -IC:\s3air\librmx\source -IC:\s3air\Oxygen\libs\zlib -IC:\s3air\Oxygen\sonic3air\build\_ps3\include -IC:\s3air\librmx\source\rmxmedia\_glew -IC:\s3air\Oxygen\lemonscript\source -IC:\s3air\Oxygen\oxygenengine\source -IC:\s3air\Oxygen\sonic3air\source -IC:\s3air\Oxygen -IC:\s3air\Oxygen\libs\tremor\include -IC:\s3air\Oxygen\libs\libogg\include -I. -IC:/usr/local/cell\target\ppu\include -IC:/usr/local/cell\target\common\include -I"C:/usr/local/cell\host-win32\sn\ppu\include" -O2 -Xstd=cpp11 -Xc-=rtti C:\s3air\Oxygen\sonic3air\source\sonic3air\menu\options\OptionsEntry.cpp
     1>C:\s3air\librmx\source\rmxmedia/audiovideo/AudioBuffer.h(55,14): warning 84: type qualifier specified more than once
         
         OptionsMenu.cpp
         ps3ppusnc.exe -DNDEBUG -D__PS3__ -o PS3_Release\OptionsMenu.o -c -Xdepmode=1 -MD -Xmserrors -IC:\s3air\librmx\source -IC:\s3air\Oxygen\libs\zlib -IC:\s3air\Oxygen\sonic3air\build\_ps3\include -IC:\s3air\librmx\source\rmxmedia\_glew -IC:\s3air\Oxygen\lemonscript\source -IC:\s3air\Oxygen\oxygenengine\source -IC:\s3air\Oxygen\sonic3air\source -IC:\s3air\Oxygen -IC:\s3air\Oxygen\libs\tremor\include -IC:\s3air\Oxygen\libs\libogg\include -I. -IC:/usr/local/cell\target\ppu\include -IC:/usr/local/cell\target\common\include -I"C:/usr/local/cell\host-win32\sn\ppu\include" -O2 -Xstd=cpp11 -Xc-=rtti C:\s3air\Oxygen\sonic3air\source\sonic3air\menu\options\OptionsMenu.cpp
     1>C:\s3air\librmx\source\rmxmedia/audiovideo/AudioBuffer.h(55,14): warning 84: type qualifier specified more than once
         
         OptionsMenuEntries.cpp
         ps3ppusnc.exe -DNDEBUG -D__PS3__ -o PS3_Release\OptionsMenuEntries.o -c -Xdepmode=1 -MD -Xmserrors -IC:\s3air\librmx\source -IC:\s3air\Oxygen\libs\zlib -IC:\s3air\Oxygen\sonic3air\build\_ps3\include -IC:\s3air\librmx\source\rmxmedia\_glew -IC:\s3air\Oxygen\lemonscript\source -IC:\s3air\Oxygen\oxygenengine\source -IC:\s3air\Oxygen\sonic3air\source -IC:\s3air\Oxygen -IC:\s3air\Oxygen\libs\tremor\include -IC:\s3air\Oxygen\libs\libogg\include -I. -IC:/usr/local/cell\target\ppu\include -IC:/usr/local/cell\target\common\include -I"C:/usr/local/cell\host-win32\sn\ppu\include" -O2 -Xstd=cpp11 -Xc-=rtti C:\s3air\Oxygen\sonic3air\source\sonic3air\menu\options\OptionsMenuEntries.cpp
     1>C:\s3air\librmx\source\rmxmedia/audiovideo/AudioBuffer.h(55,14): warning 84: type qualifier specified more than once
         
         SecretUnlockedWindow.cpp
         ps3ppusnc.exe -DNDEBUG -D__PS3__ -o PS3_Release\SecretUnlockedWindow.o -c -Xdepmode=1 -MD -Xmserrors -IC:\s3air\librmx\source -IC:\s3air\Oxygen\libs\zlib -IC:\s3air\Oxygen\sonic3air\build\_ps3\include -IC:\s3air\librmx\source\rmxmedia\_glew -IC:\s3air\Oxygen\lemonscript\source -IC:\s3air\Oxygen\oxygenengine\source -IC:\s3air\Oxygen\sonic3air\source -IC:\s3air\Oxygen -IC:\s3air\Oxygen\libs\tremor\include -IC:\s3air\Oxygen\libs\libogg\include -I. -IC:/usr/local/cell\target\ppu\include -IC:/usr/local/cell\target\common\include -I"C:/usr/local/cell\host-win32\sn\ppu\include" -O2 -Xstd=cpp11 -Xc-=rtti C:\s3air\Oxygen\sonic3air\source\sonic3air\menu\overlays\SecretUnlockedWindow.cpp
     1>C:\s3air\librmx\source\rmxmedia/audiovideo/AudioBuffer.h(55,14): warning 84: type qualifier specified more than once
         
         SkippableCutsceneWindow.cpp
         ps3ppusnc.exe -DNDEBUG -D__PS3__ -o PS3_Release\SkippableCutsceneWindow.o -c -Xdepmode=1 -MD -Xmserrors -IC:\s3air\librmx\source -IC:\s3air\Oxygen\libs\zlib -IC:\s3air\Oxygen\sonic3air\build\_ps3\include -IC:\s3air\librmx\source\rmxmedia\_glew -IC:\s3air\Oxygen\lemonscript\source -IC:\s3air\Oxygen\oxygenengine\source -IC:\s3air\Oxygen\sonic3air\source -IC:\s3air\Oxygen -IC:\s3air\Oxygen\libs\tremor\include -IC:\s3air\Oxygen\libs\libogg\include -I. -IC:/usr/local/cell\target\ppu\include -IC:/usr/local/cell\target\common\include -I"C:/usr/local/cell\host-win32\sn\ppu\include" -O2 -Xstd=cpp11 -Xc-=rtti C:\s3air\Oxygen\sonic3air\source\sonic3air\menu\overlays\SkippableCutsceneWindow.cpp
     1>C:\s3air\librmx\source\rmxmedia/audiovideo/AudioBuffer.h(55,14): warning 84: type qualifier specified more than once
         
         pch.cpp
         ps3ppusnc.exe -DNDEBUG -D__PS3__ -o PS3_Release\pch.o -c -Xdepmode=1 -MD -Xmserrors -IC:\s3air\librmx\source -IC:\s3air\Oxygen\libs\zlib -IC:\s3air\Oxygen\sonic3air\build\_ps3\include -IC:\s3air\librmx\source\rmxmedia\_glew -IC:\s3air\Oxygen\lemonscript\source -IC:\s3air\Oxygen\oxygenengine\source -IC:\s3air\Oxygen\sonic3air\source -IC:\s3air\Oxygen -IC:\s3air\Oxygen\libs\tremor\include -IC:\s3air\Oxygen\libs\libogg\include -I. -IC:/usr/local/cell\target\ppu\include -IC:/usr/local/cell\target\common\include -I"C:/usr/local/cell\host-win32\sn\ppu\include" -O2 -Xstd=cpp11 -Xc-=rtti C:\s3air\Oxygen\sonic3air\source\sonic3air\pch.cpp
     1>C:\s3air\librmx\source\rmxmedia/audiovideo/AudioBuffer.h(55,14): warning 84: type qualifier specified more than once
         
         DynamicSprites.cpp
         ps3ppusnc.exe -DNDEBUG -D__PS3__ -o PS3_Release\DynamicSprites.o -c -Xdepmode=1 -MD -Xmserrors -IC:\s3air\librmx\source -IC:\s3air\Oxygen\libs\zlib -IC:\s3air\Oxygen\sonic3air\build\_ps3\include -IC:\s3air\librmx\source\rmxmedia\_glew -IC:\s3air\Oxygen\lemonscript\source -IC:\s3air\Oxygen\oxygenengine\source -IC:\s3air\Oxygen\sonic3air\source -IC:\s3air\Oxygen -IC:\s3air\Oxygen\libs\tremor\include -IC:\s3air\Oxygen\libs\libogg\include -I. -IC:/usr/local/cell\target\ppu\include -IC:/usr/local/cell\target\common\include -I"C:/usr/local/cell\host-win32\sn\ppu\include" -O2 -Xstd=cpp11 -Xc-=rtti C:\s3air\Oxygen\sonic3air\source\sonic3air\resources\DynamicSprites.cpp
     1>C:\s3air\librmx\source\rmxmedia/audiovideo/AudioBuffer.h(55,14): warning 84: type qualifier specified more than once
         
         ScriptImplementations.cpp
         ps3ppusnc.exe -DNDEBUG -D__PS3__ -o PS3_Release\ScriptImplementations.o -c -Xdepmode=1 -MD -Xmserrors -IC:\s3air\librmx\source -IC:\s3air\Oxygen\libs\zlib -IC:\s3air\Oxygen\sonic3air\build\_ps3\include -IC:\s3air\librmx\source\rmxmedia\_glew -IC:\s3air\Oxygen\lemonscript\source -IC:\s3air\Oxygen\oxygenengine\source -IC:\s3air\Oxygen\sonic3air\source -IC:\s3air\Oxygen -IC:\s3air\Oxygen\libs\tremor\include -IC:\s3air\Oxygen\libs\libogg\include -I. -IC:/usr/local/cell\target\ppu\include -IC:/usr/local/cell\target\common\include -I"C:/usr/local/cell\host-win32\sn\ppu\include" -O2 -Xstd=cpp11 -Xc-=rtti C:\s3air\Oxygen\sonic3air\source\sonic3air\scriptimpl\ScriptImplementations.cpp
     1>C:\s3air\librmx\source\rmxmedia/audiovideo/AudioBuffer.h(55,14): warning 84: type qualifier specified more than once
         
       Link:
         C:\usr\local\cell\host-win32\sn\bin\ps3ppuld64.exe -oformat=elf -o "C:\s3air\Oxygen\sonic3air\build\_vstudio\PS3_Release\sonic3air-ps3.elf" -L"C:\usr\local\cell\target\ppu\lib\PSGL\RSX\ultra-opt" -LC:\s3air\Oxygen\sonic3air\lib -LC:\s3air\Oxygen\sonic3air\build\lib -LC:\s3air\Oxygen\sonic3air\build\_vstudio\PS3_Release --start-group PS3_Release\AudioOut.o PS3_Release\CustomAudioMixer.o PS3_Release\RemasteredMusicDownload.o PS3_Release\CrowdControlClient.o PS3_Release\GameClient.o PS3_Release\GhostSync.o PS3_Release\UpdateCheck.o PS3_Release\ConfigurationImpl.o PS3_Release\PlayerProgress.o PS3_Release\PlayerRecorder.o PS3_Release\SharedDatabase.o PS3_Release\TimeAttackData.o PS3_Release\EngineDelegate.o PS3_Release\Game.o PS3_Release\ResourceScriptGenerator.o PS3_Release\BlueSpheresRendering.o PS3_Release\CommandForwarder.o PS3_Release\DiscordIntegration.o PS3_Release\DrawingUtils.o PS3_Release\GameUtils.o PS3_Release\PackageBuilder.o PS3_Release\main.o PS3_Release\ActSelectMenu.o PS3_Release\ApplicationContextMenu.o PS3_Release\GeneralMenuEntries.o PS3_Release\ExtrasMenu.o PS3_Release\GameApp.o PS3_Release\GameMenuBase.o PS3_Release\GameMenuManager.o PS3_Release\GameMenuControlsDisplay.o PS3_Release\GameMenuScrolling.o PS3_Release\MainMenu.o PS3_Release\MenuBackground.o PS3_Release\ModsMenu.o PS3_Release\ModsMenuEntries.o PS3_Release\ControllerSetupMenu.o PS3_Release\OptionsEntry.o PS3_Release\OptionsMenu.o PS3_Release\OptionsMenuEntries.o PS3_Release\SecretUnlockedWindow.o PS3_Release\SkippableCutsceneWindow.o PS3_Release\PauseMenu.o PS3_Release\SharedResources.o PS3_Release\TimeAttackMenu.o PS3_Release\TimeAttackResultsMenu.o PS3_Release\pch.o PS3_Release\DynamicSprites.o PS3_Release\ScriptImplementations.o PS3_Release\NativizedCode.o "oxygen_netcore-ps3.a" "oxygen-ps3.a" "lemonscript-ps3.a" rmxmedia.a rmxext_oggvorbis.a rmxbase.a libivorbis.a libogg.a zlib.a libPSGLU.a libPSGLFX.a libPSGL.a libPSGLcgc.a libdbgfont.a libcgc.a libgcm_cmd.a libgcm_sys_stub.a libsysutil_game_stub.a libsysutil_stub.a libsysmodule_stub.a libresc_stub.a libio_stub.a libaudio_stub.a libnetctl_stub.a libnet_stub.a libcs.a libsn.a libstdc++.a libpthread.a libm.a libsn.a libm.a libio_stub.a libfs_stub.a --end-group
         ps3ppuld 430.1.5139.0 (rel,ps3,430.1,common,src @160906 x64) C:\usr\local\cell\host-win32\sn\bin\ps3ppuld64.exe
     1>Command line : error : L0032: could not open file "oxygen-ps3.a"
     1>Command line : error : L0064: Linking aborted
     1>Done Building Project "C:\s3air\Oxygen\sonic3air\build\_vstudio\sonic3air-ps3\sonic3air-ps3.vcxproj" (Build target(s)) -- FAILED.

Build FAILED.

Time Elapsed 00:01:49.32
