c:\s3air\oxygen\sonic3air\build\_vstudio\ps3_release\sonic3air-ps3.elf
c:\s3air\oxygen\sonic3air\build\_vstudio\sonic3air-ps3\ps3_release\configurationimpl.o
c:\s3air\oxygen\sonic3air\build\_vstudio\sonic3air-ps3\ps3_release\enginedelegate.o
c:\s3air\oxygen\sonic3air\build\_vstudio\sonic3air-ps3\ps3_release\game.o
c:\s3air\oxygen\sonic3air\build\_vstudio\sonic3air-ps3\ps3_release\nativizedcode.o
c:\s3air\oxygen\sonic3air\build\_vstudio\sonic3air-ps3\ps3_release\audioout.o
c:\s3air\oxygen\sonic3air\build\_vstudio\sonic3air-ps3\ps3_release\customaudiomixer.o
c:\s3air\oxygen\sonic3air\build\_vstudio\sonic3air-ps3\ps3_release\remasteredmusicdownload.o
c:\s3air\oxygen\sonic3air\build\_vstudio\sonic3air-ps3\ps3_release\gameclient.o
c:\s3air\oxygen\sonic3air\build\_vstudio\sonic3air-ps3\ps3_release\ghostsync.o
c:\s3air\oxygen\sonic3air\build\_vstudio\sonic3air-ps3\ps3_release\updatecheck.o
c:\s3air\oxygen\sonic3air\build\_vstudio\sonic3air-ps3\ps3_release\crowdcontrolclient.o
c:\s3air\oxygen\sonic3air\build\_vstudio\sonic3air-ps3\ps3_release\playerprogress.o
c:\s3air\oxygen\sonic3air\build\_vstudio\sonic3air-ps3\ps3_release\playerrecorder.o
c:\s3air\oxygen\sonic3air\build\_vstudio\sonic3air-ps3\ps3_release\shareddatabase.o
c:\s3air\oxygen\sonic3air\build\_vstudio\sonic3air-ps3\ps3_release\timeattackdata.o
c:\s3air\oxygen\sonic3air\build\_vstudio\sonic3air-ps3\ps3_release\resourcescriptgenerator.o
c:\s3air\oxygen\sonic3air\build\_vstudio\sonic3air-ps3\ps3_release\bluespheresrendering.o
c:\s3air\oxygen\sonic3air\build\_vstudio\sonic3air-ps3\ps3_release\commandforwarder.o
c:\s3air\oxygen\sonic3air\build\_vstudio\sonic3air-ps3\ps3_release\discordintegration.o
c:\s3air\oxygen\sonic3air\build\_vstudio\sonic3air-ps3\ps3_release\drawingutils.o
c:\s3air\oxygen\sonic3air\build\_vstudio\sonic3air-ps3\ps3_release\gameutils.o
c:\s3air\oxygen\sonic3air\build\_vstudio\sonic3air-ps3\ps3_release\packagebuilder.o
c:\s3air\oxygen\sonic3air\build\_vstudio\sonic3air-ps3\ps3_release\main.o
c:\s3air\oxygen\sonic3air\build\_vstudio\sonic3air-ps3\ps3_release\extrasmenu.o
c:\s3air\oxygen\sonic3air\build\_vstudio\sonic3air-ps3\ps3_release\gameapp.o
c:\s3air\oxygen\sonic3air\build\_vstudio\sonic3air-ps3\ps3_release\gamemenubase.o
c:\s3air\oxygen\sonic3air\build\_vstudio\sonic3air-ps3\ps3_release\gamemenumanager.o
c:\s3air\oxygen\sonic3air\build\_vstudio\sonic3air-ps3\ps3_release\mainmenu.o
c:\s3air\oxygen\sonic3air\build\_vstudio\sonic3air-ps3\ps3_release\menubackground.o
c:\s3air\oxygen\sonic3air\build\_vstudio\sonic3air-ps3\ps3_release\pausemenu.o
c:\s3air\oxygen\sonic3air\build\_vstudio\sonic3air-ps3\ps3_release\sharedresources.o
c:\s3air\oxygen\sonic3air\build\_vstudio\sonic3air-ps3\ps3_release\timeattackmenu.o
c:\s3air\oxygen\sonic3air\build\_vstudio\sonic3air-ps3\ps3_release\timeattackresultsmenu.o
c:\s3air\oxygen\sonic3air\build\_vstudio\sonic3air-ps3\ps3_release\applicationcontextmenu.o
c:\s3air\oxygen\sonic3air\build\_vstudio\sonic3air-ps3\ps3_release\generalmenuentries.o
c:\s3air\oxygen\sonic3air\build\_vstudio\sonic3air-ps3\ps3_release\gamemenucontrolsdisplay.o
c:\s3air\oxygen\sonic3air\build\_vstudio\sonic3air-ps3\ps3_release\gamemenuscrolling.o
c:\s3air\oxygen\sonic3air\build\_vstudio\sonic3air-ps3\ps3_release\modsmenu.o
c:\s3air\oxygen\sonic3air\build\_vstudio\sonic3air-ps3\ps3_release\modsmenuentries.o
c:\s3air\oxygen\sonic3air\build\_vstudio\sonic3air-ps3\ps3_release\modsstartpage.o
c:\s3air\oxygen\sonic3air\build\_vstudio\sonic3air-ps3\ps3_release\controllersetupmenu.o
c:\s3air\oxygen\sonic3air\build\_vstudio\sonic3air-ps3\ps3_release\optionsconfig.o
c:\s3air\oxygen\sonic3air\build\_vstudio\sonic3air-ps3\ps3_release\optionsentry.o
c:\s3air\oxygen\sonic3air\build\_vstudio\sonic3air-ps3\ps3_release\optionsmenu.o
c:\s3air\oxygen\sonic3air\build\_vstudio\sonic3air-ps3\ps3_release\optionsmenuentries.o
c:\s3air\oxygen\sonic3air\build\_vstudio\sonic3air-ps3\ps3_release\secretunlockedwindow.o
c:\s3air\oxygen\sonic3air\build\_vstudio\sonic3air-ps3\ps3_release\skippablecutscenewindow.o
c:\s3air\oxygen\sonic3air\build\_vstudio\sonic3air-ps3\ps3_release\pch.o
c:\s3air\oxygen\sonic3air\build\_vstudio\sonic3air-ps3\ps3_release\platformspecifics.o
c:\s3air\oxygen\sonic3air\build\_vstudio\sonic3air-ps3\ps3_release\dynamicsprites.o
c:\s3air\oxygen\sonic3air\build\_vstudio\sonic3air-ps3\ps3_release\scriptimplementations.o
c:\s3air\oxygen\sonic3air\build\_vstudio\sonic3air-ps3\ps3_release\sonic3air-ps3.tlog\ps3ppuld64.command.1.tlog
c:\s3air\oxygen\sonic3air\build\_vstudio\sonic3air-ps3\ps3_release\sonic3air-ps3.tlog\ps3ppuld64.read.1.tlog
c:\s3air\oxygen\sonic3air\build\_vstudio\sonic3air-ps3\ps3_release\sonic3air-ps3.tlog\ps3ppuld64.write.1.tlog
c:\s3air\oxygen\sonic3air\build\_vstudio\sonic3air-ps3\ps3_release\sonic3air-ps3.tlog\ps3ppusnc.command.1.tlog
c:\s3air\oxygen\sonic3air\build\_vstudio\sonic3air-ps3\ps3_release\sonic3air-ps3.tlog\ps3ppusnc.read.1.tlog
c:\s3air\oxygen\sonic3air\build\_vstudio\sonic3air-ps3\ps3_release\sonic3air-ps3.tlog\ps3ppusnc.write.1.tlog
