c:\s3air\oxygen\sonic3air\build\_vstudio\zlib\ps3_release\adler32.o
c:\s3air\oxygen\sonic3air\build\_vstudio\zlib\ps3_release\compress.o
c:\s3air\oxygen\sonic3air\build\_vstudio\zlib\ps3_release\crc32.o
c:\s3air\oxygen\sonic3air\build\_vstudio\zlib\ps3_release\deflate.o
c:\s3air\oxygen\sonic3air\build\_vstudio\zlib\ps3_release\gzio.o
c:\s3air\oxygen\sonic3air\build\_vstudio\zlib\ps3_release\infblock.o
c:\s3air\oxygen\sonic3air\build\_vstudio\zlib\ps3_release\infcodes.o
c:\s3air\oxygen\sonic3air\build\_vstudio\zlib\ps3_release\inffast.o
c:\s3air\oxygen\sonic3air\build\_vstudio\zlib\ps3_release\inflate.o
c:\s3air\oxygen\sonic3air\build\_vstudio\zlib\ps3_release\inftrees.o
c:\s3air\oxygen\sonic3air\build\_vstudio\zlib\ps3_release\infutil.o
c:\s3air\oxygen\sonic3air\build\_vstudio\zlib\ps3_release\trees.o
c:\s3air\oxygen\sonic3air\build\_vstudio\zlib\ps3_release\uncompr.o
c:\s3air\oxygen\sonic3air\build\_vstudio\zlib\ps3_release\zutil.o
c:\s3air\oxygen\sonic3air\build\_vstudio\zlib\ps3_release\ioapi.o
c:\s3air\oxygen\sonic3air\build\_vstudio\zlib\ps3_release\unzip.o
c:\s3air\oxygen\sonic3air\build\_vstudio\ps3_release\zlib.a
c:\s3air\oxygen\sonic3air\build\_vstudio\zlib\ps3_release\zlib.tlog\ps3ppusnc.command.1.tlog
c:\s3air\oxygen\sonic3air\build\_vstudio\zlib\ps3_release\zlib.tlog\ps3ppusnc.read.1.tlog
c:\s3air\oxygen\sonic3air\build\_vstudio\zlib\ps3_release\zlib.tlog\ps3ppusnc.write.1.tlog
c:\s3air\oxygen\sonic3air\build\_vstudio\zlib\ps3_release\zlib.tlog\ps3snarl.command.1.tlog
c:\s3air\oxygen\sonic3air\build\_vstudio\zlib\ps3_release\zlib.tlog\ps3snarl.read.1.tlog
c:\s3air\oxygen\sonic3air\build\_vstudio\zlib\ps3_release\zlib.tlog\ps3snarl.write.1.tlog
