c:\s3air\oxygen\sonic3air\build\_vstudio\lemonscript-ps3\lemonscript-ps3_\compiler.o
c:\s3air\oxygen\sonic3air\build\_vstudio\lemonscript-ps3\lemonscript-ps3_\linenumbertranslation.o
c:\s3air\oxygen\sonic3air\build\_vstudio\lemonscript-ps3\lemonscript-ps3_\node.o
c:\s3air\oxygen\sonic3air\build\_vstudio\lemonscript-ps3\lemonscript-ps3_\operators.o
c:\s3air\oxygen\sonic3air\build\_vstudio\lemonscript-ps3\lemonscript-ps3_\preprocessor.o
c:\s3air\oxygen\sonic3air\build\_vstudio\lemonscript-ps3\lemonscript-ps3_\token.o
c:\s3air\oxygen\sonic3air\build\_vstudio\lemonscript-ps3\lemonscript-ps3_\tokenhelper.o
c:\s3air\oxygen\sonic3air\build\_vstudio\lemonscript-ps3\lemonscript-ps3_\typecasting.o
c:\s3air\oxygen\sonic3air\build\_vstudio\lemonscript-ps3\lemonscript-ps3_\functioncompiler.o
c:\s3air\oxygen\sonic3air\build\_vstudio\lemonscript-ps3\lemonscript-ps3_\compilerfrontend.o
c:\s3air\oxygen\sonic3air\build\_vstudio\lemonscript-ps3\lemonscript-ps3_\tokenprocessing.o
c:\s3air\oxygen\sonic3air\build\_vstudio\lemonscript-ps3\lemonscript-ps3_\parser.o
c:\s3air\oxygen\sonic3air\build\_vstudio\lemonscript-ps3\lemonscript-ps3_\parserhelper.o
c:\s3air\oxygen\sonic3air\build\_vstudio\lemonscript-ps3\lemonscript-ps3_\pch.o
c:\s3air\oxygen\sonic3air\build\_vstudio\lemonscript-ps3\lemonscript-ps3_\basetype.o
c:\s3air\oxygen\sonic3air\build\_vstudio\lemonscript-ps3\lemonscript-ps3_\constantarray.o
c:\s3air\oxygen\sonic3air\build\_vstudio\lemonscript-ps3\lemonscript-ps3_\datatype.o
c:\s3air\oxygen\sonic3air\build\_vstudio\lemonscript-ps3\lemonscript-ps3_\define.o
c:\s3air\oxygen\sonic3air\build\_vstudio\lemonscript-ps3\lemonscript-ps3_\function.o
c:\s3air\oxygen\sonic3air\build\_vstudio\lemonscript-ps3\lemonscript-ps3_\functionwrapper.o
c:\s3air\oxygen\sonic3air\build\_vstudio\lemonscript-ps3\lemonscript-ps3_\globalslookup.o
c:\s3air\oxygen\sonic3air\build\_vstudio\lemonscript-ps3\lemonscript-ps3_\module.o
c:\s3air\oxygen\sonic3air\build\_vstudio\lemonscript-ps3\lemonscript-ps3_\moduleserializer.o
c:\s3air\oxygen\sonic3air\build\_vstudio\lemonscript-ps3\lemonscript-ps3_\opcode.o
c:\s3air\oxygen\sonic3air\build\_vstudio\lemonscript-ps3\lemonscript-ps3_\program.o
c:\s3air\oxygen\sonic3air\build\_vstudio\lemonscript-ps3\lemonscript-ps3_\stringref.o
c:\s3air\oxygen\sonic3air\build\_vstudio\lemonscript-ps3\lemonscript-ps3_\builtinfunctions.o
c:\s3air\oxygen\sonic3air\build\_vstudio\lemonscript-ps3\lemonscript-ps3_\controlflow.o
c:\s3air\oxygen\sonic3air\build\_vstudio\lemonscript-ps3\lemonscript-ps3_\opcodeprocessor.o
c:\s3air\oxygen\sonic3air\build\_vstudio\lemonscript-ps3\lemonscript-ps3_\runtime.o
c:\s3air\oxygen\sonic3air\build\_vstudio\lemonscript-ps3\lemonscript-ps3_\runtimefunction.o
c:\s3air\oxygen\sonic3air\build\_vstudio\lemonscript-ps3\lemonscript-ps3_\standardlibrary.o
c:\s3air\oxygen\sonic3air\build\_vstudio\lemonscript-ps3\lemonscript-ps3_\defaultopcodeprovider.o
c:\s3air\oxygen\sonic3air\build\_vstudio\lemonscript-ps3\lemonscript-ps3_\nativizedopcodeprovider.o
c:\s3air\oxygen\sonic3air\build\_vstudio\lemonscript-ps3\lemonscript-ps3_\optimizedopcodeprovider.o
c:\s3air\oxygen\sonic3air\build\_vstudio\lemonscript-ps3\lemonscript-ps3_\nativizer.o
c:\s3air\oxygen\sonic3air\build\_vstudio\lemonscript-ps3\lemonscript-ps3_\nativizerinternal.o
c:\s3air\oxygen\sonic3air\build\_vstudio\lemonscript-ps3\lemonscript-ps3_\sourcecodewriter.o
c:\s3air\oxygen\sonic3air\build\_vstudio\lemonscript-ps3\lemonscript-ps3_\translator.o
c:\s3air\oxygen\sonic3air\build\_vstudio\lemonscript-ps3\lemonscript-ps3_\flyweightstring.o
c:\s3air\oxygen\sonic3air\build\_vstudio\lemonscript-ps3\lemonscript-ps3_\pragmasplitter.o
c:\s3air\oxygen\sonic3air\build\lib\lemonscript-ps3.a
c:\s3air\oxygen\sonic3air\build\_vstudio\lemonscript-ps3\..\..\lib\\lemonscript-ps3.a
c:\s3air\oxygen\sonic3air\build\_vstudio\lemonscript-ps3\lemonscript-ps3_\lemonscript-ps3.tlog\ps3ppusnc.command.1.tlog
c:\s3air\oxygen\sonic3air\build\_vstudio\lemonscript-ps3\lemonscript-ps3_\lemonscript-ps3.tlog\ps3ppusnc.read.1.tlog
c:\s3air\oxygen\sonic3air\build\_vstudio\lemonscript-ps3\lemonscript-ps3_\lemonscript-ps3.tlog\ps3ppusnc.write.1.tlog
c:\s3air\oxygen\sonic3air\build\_vstudio\lemonscript-ps3\lemonscript-ps3_\lemonscript-ps3.tlog\ps3snarl.command.1.tlog
c:\s3air\oxygen\sonic3air\build\_vstudio\lemonscript-ps3\lemonscript-ps3_\lemonscript-ps3.tlog\ps3snarl.read.1.tlog
c:\s3air\oxygen\sonic3air\build\_vstudio\lemonscript-ps3\lemonscript-ps3_\lemonscript-ps3.tlog\ps3snarl.write.1.tlog
