Build started 14/9/2026 20:31:41.
     1>Project "C:\s3air\Oxygen\sonic3air\build\_vstudio\rmxmedia\rmxmedia.vcxproj" on node 2 (Build target(s)).
     1>C:\Program Files (x86)\MSBuild\12.0\bin\Microsoft.Common.CurrentVersion.targets(1430,5): warning : The referenced project '..\rmxbase\rmxbase.vcxproj' does not exist.
     1>ClCompile:
         AudioBuffer.cpp
         ps3ppusnc.exe -DNDEBUG -D__PS3__ -o rmxmedia_\AudioBuffer.o -c -Xdepmode=1 -MD -Xmserrors -IC:\s3air\librmx\source -IC:\s3air\Oxygen\sonic3air\build\_ps3\include\zlib -IC:\s3air\Oxygen\sonic3air\build\_ps3\include -IC:\s3air\librmx\source\rmxmedia\_glew -IC:\s3air\Oxygen -I. -IC:/usr/local/cell\target\ppu\include -IC:/usr/local/cell\target\common\include -I"C:/usr/local/cell\host-win32\sn\ppu\include" -O2 -Xstd=cpp11 -Xc-=rtti C:\s3air\librmx\source\rmxmedia\audiovideo\AudioBuffer.cpp
     1>C:\s3air\librmx\source\rmxmedia/audiovideo/AudioBuffer.h(55,14): warning 84: type qualifier specified more than once
         
         AudioManager.cpp
         ps3ppusnc.exe -DNDEBUG -D__PS3__ -o rmxmedia_\AudioManager.o -c -Xdepmode=1 -MD -Xmserrors -IC:\s3air\librmx\source -IC:\s3air\Oxygen\sonic3air\build\_ps3\include\zlib -IC:\s3air\Oxygen\sonic3air\build\_ps3\include -IC:\s3air\librmx\source\rmxmedia\_glew -IC:\s3air\Oxygen -I. -IC:/usr/local/cell\target\ppu\include -IC:/usr/local/cell\target\common\include -I"C:/usr/local/cell\host-win32\sn\ppu\include" -O2 -Xstd=cpp11 -Xc-=rtti C:\s3air\librmx\source\rmxmedia\audiovideo\AudioManager.cpp
     1>C:\s3air\librmx\source\rmxmedia/audiovideo/AudioBuffer.h(55,14): warning 84: type qualifier specified more than once
         
     1>C:\s3air\librmx\source\rmxmedia\audiovideo\AudioManager.cpp(513,8): warning 84: type qualifier specified more than once
         
         AudioMixer.cpp
         ps3ppusnc.exe -DNDEBUG -D__PS3__ -o rmxmedia_\AudioMixer.o -c -Xdepmode=1 -MD -Xmserrors -IC:\s3air\librmx\source -IC:\s3air\Oxygen\sonic3air\build\_ps3\include\zlib -IC:\s3air\Oxygen\sonic3air\build\_ps3\include -IC:\s3air\librmx\source\rmxmedia\_glew -IC:\s3air\Oxygen -I. -IC:/usr/local/cell\target\ppu\include -IC:/usr/local/cell\target\common\include -I"C:/usr/local/cell\host-win32\sn\ppu\include" -O2 -Xstd=cpp11 -Xc-=rtti C:\s3air\librmx\source\rmxmedia\audiovideo\AudioMixer.cpp
     1>C:\s3air\librmx\source\rmxmedia/audiovideo/AudioBuffer.h(55,14): warning 84: type qualifier specified more than once
         
         AudioReference.cpp
         ps3ppusnc.exe -DNDEBUG -D__PS3__ -o rmxmedia_\AudioReference.o -c -Xdepmode=1 -MD -Xmserrors -IC:\s3air\librmx\source -IC:\s3air\Oxygen\sonic3air\build\_ps3\include\zlib -IC:\s3air\Oxygen\sonic3air\build\_ps3\include -IC:\s3air\librmx\source\rmxmedia\_glew -IC:\s3air\Oxygen -I. -IC:/usr/local/cell\target\ppu\include -IC:/usr/local/cell\target\common\include -I"C:/usr/local/cell\host-win32\sn\ppu\include" -O2 -Xstd=cpp11 -Xc-=rtti C:\s3air\librmx\source\rmxmedia\audiovideo\AudioReference.cpp
     1>C:\s3air\librmx\source\rmxmedia/audiovideo/AudioBuffer.h(55,14): warning 84: type qualifier specified more than once
         
         VideoBuffer.cpp
         ps3ppusnc.exe -DNDEBUG -D__PS3__ -o rmxmedia_\VideoBuffer.o -c -Xdepmode=1 -MD -Xmserrors -IC:\s3air\librmx\source -IC:\s3air\Oxygen\sonic3air\build\_ps3\include\zlib -IC:\s3air\Oxygen\sonic3air\build\_ps3\include -IC:\s3air\librmx\source\rmxmedia\_glew -IC:\s3air\Oxygen -I. -IC:/usr/local/cell\target\ppu\include -IC:/usr/local/cell\target\common\include -I"C:/usr/local/cell\host-win32\sn\ppu\include" -O2 -Xstd=cpp11 -Xc-=rtti C:\s3air\librmx\source\rmxmedia\audiovideo\VideoBuffer.cpp
     1>C:\s3air\librmx\source\rmxmedia/audiovideo/AudioBuffer.h(55,14): warning 84: type qualifier specified more than once
         
         FileInputStreamSDL.cpp
         ps3ppusnc.exe -DNDEBUG -D__PS3__ -o rmxmedia_\FileInputStreamSDL.o -c -Xdepmode=1 -MD -Xmserrors -IC:\s3air\librmx\source -IC:\s3air\Oxygen\sonic3air\build\_ps3\include\zlib -IC:\s3air\Oxygen\sonic3air\build\_ps3\include -IC:\s3air\librmx\source\rmxmedia\_glew -IC:\s3air\Oxygen -I. -IC:/usr/local/cell\target\ppu\include -IC:/usr/local/cell\target\common\include -I"C:/usr/local/cell\host-win32\sn\ppu\include" -O2 -Xstd=cpp11 -Xc-=rtti C:\s3air\librmx\source\rmxmedia\file\FileInputStreamSDL.cpp
     1>C:\s3air\librmx\source\rmxmedia/audiovideo/AudioBuffer.h(55,14): warning 84: type qualifier specified more than once
         
         FileProviderSDL.cpp
         ps3ppusnc.exe -DNDEBUG -D__PS3__ -o rmxmedia_\FileProviderSDL.o -c -Xdepmode=1 -MD -Xmserrors -IC:\s3air\librmx\source -IC:\s3air\Oxygen\sonic3air\build\_ps3\include\zlib -IC:\s3air\Oxygen\sonic3air\build\_ps3\include -IC:\s3air\librmx\source\rmxmedia\_glew -IC:\s3air\Oxygen -I. -IC:/usr/local/cell\target\ppu\include -IC:/usr/local/cell\target\common\include -I"C:/usr/local/cell\host-win32\sn\ppu\include" -O2 -Xstd=cpp11 -Xc-=rtti C:\s3air\librmx\source\rmxmedia\file\FileProviderSDL.cpp
     1>C:\s3air\librmx\source\rmxmedia/audiovideo/AudioBuffer.h(55,14): warning 84: type qualifier specified more than once
         
         Font.cpp
         ps3ppusnc.exe -DNDEBUG -D__PS3__ -o rmxmedia_\Font.o -c -Xdepmode=1 -MD -Xmserrors -IC:\s3air\librmx\source -IC:\s3air\Oxygen\sonic3air\build\_ps3\include\zlib -IC:\s3air\Oxygen\sonic3air\build\_ps3\include -IC:\s3air\librmx\source\rmxmedia\_glew -IC:\s3air\Oxygen -I. -IC:/usr/local/cell\target\ppu\include -IC:/usr/local/cell\target\common\include -I"C:/usr/local/cell\host-win32\sn\ppu\include" -O2 -Xstd=cpp11 -Xc-=rtti C:\s3air\librmx\source\rmxmedia\font\Font.cpp
     1>C:\s3air\librmx\source\rmxmedia/audiovideo/AudioBuffer.h(55,14): warning 84: type qualifier specified more than once
         
         FontProcessor.cpp
         ps3ppusnc.exe -DNDEBUG -D__PS3__ -o rmxmedia_\FontProcessor.o -c -Xdepmode=1 -MD -Xmserrors -IC:\s3air\librmx\source -IC:\s3air\Oxygen\sonic3air\build\_ps3\include\zlib -IC:\s3air\Oxygen\sonic3air\build\_ps3\include -IC:\s3air\librmx\source\rmxmedia\_glew -IC:\s3air\Oxygen -I. -IC:/usr/local/cell\target\ppu\include -IC:/usr/local/cell\target\common\include -I"C:/usr/local/cell\host-win32\sn\ppu\include" -O2 -Xstd=cpp11 -Xc-=rtti C:\s3air\librmx\source\rmxmedia\font\FontProcessor.cpp
     1>C:\s3air\librmx\source\rmxmedia/audiovideo/AudioBuffer.h(55,14): warning 84: type qualifier specified more than once
         
         FontSource.cpp
         ps3ppusnc.exe -DNDEBUG -D__PS3__ -o rmxmedia_\FontSource.o -c -Xdepmode=1 -MD -Xmserrors -IC:\s3air\librmx\source -IC:\s3air\Oxygen\sonic3air\build\_ps3\include\zlib -IC:\s3air\Oxygen\sonic3air\build\_ps3\include -IC:\s3air\librmx\source\rmxmedia\_glew -IC:\s3air\Oxygen -I. -IC:/usr/local/cell\target\ppu\include -IC:/usr/local/cell\target\common\include -I"C:/usr/local/cell\host-win32\sn\ppu\include" -O2 -Xstd=cpp11 -Xc-=rtti C:\s3air\librmx\source\rmxmedia\font\FontSource.cpp
     1>C:\s3air\librmx\source\rmxmedia/audiovideo/AudioBuffer.h(55,14): warning 84: type qualifier specified more than once
         
         AppFramework.cpp
         ps3ppusnc.exe -DNDEBUG -D__PS3__ -o rmxmedia_\AppFramework.o -c -Xdepmode=1 -MD -Xmserrors -IC:\s3air\librmx\source -IC:\s3air\Oxygen\sonic3air\build\_ps3\include\zlib -IC:\s3air\Oxygen\sonic3air\build\_ps3\include -IC:\s3air\librmx\source\rmxmedia\_glew -IC:\s3air\Oxygen -I. -IC:/usr/local/cell\target\ppu\include -IC:/usr/local/cell\target\common\include -I"C:/usr/local/cell\host-win32\sn\ppu\include" -O2 -Xstd=cpp11 -Xc-=rtti C:\s3air\librmx\source\rmxmedia\framework\AppFramework.cpp
     1>C:\s3air\librmx\source\rmxmedia/audiovideo/AudioBuffer.h(55,14): warning 84: type qualifier specified more than once
         
         FTX_System.cpp
         ps3ppusnc.exe -DNDEBUG -D__PS3__ -o rmxmedia_\FTX_System.o -c -Xdepmode=1 -MD -Xmserrors -IC:\s3air\librmx\source -IC:\s3air\Oxygen\sonic3air\build\_ps3\include\zlib -IC:\s3air\Oxygen\sonic3air\build\_ps3\include -IC:\s3air\librmx\source\rmxmedia\_glew -IC:\s3air\Oxygen -I. -IC:/usr/local/cell\target\ppu\include -IC:/usr/local/cell\target\common\include -I"C:/usr/local/cell\host-win32\sn\ppu\include" -O2 -Xstd=cpp11 -Xc-=rtti C:\s3air\librmx\source\rmxmedia\framework\FTX_System.cpp
     1>C:\s3air\librmx\source\rmxmedia/audiovideo/AudioBuffer.h(55,14): warning 84: type qualifier specified more than once
         
         GuiBase.cpp
         ps3ppusnc.exe -DNDEBUG -D__PS3__ -o rmxmedia_\GuiBase.o -c -Xdepmode=1 -MD -Xmserrors -IC:\s3air\librmx\source -IC:\s3air\Oxygen\sonic3air\build\_ps3\include\zlib -IC:\s3air\Oxygen\sonic3air\build\_ps3\include -IC:\s3air\librmx\source\rmxmedia\_glew -IC:\s3air\Oxygen -I. -IC:/usr/local/cell\target\ppu\include -IC:/usr/local/cell\target\common\include -I"C:/usr/local/cell\host-win32\sn\ppu\include" -O2 -Xstd=cpp11 -Xc-=rtti C:\s3air\librmx\source\rmxmedia\framework\GuiBase.cpp
     1>C:\s3air\librmx\source\rmxmedia/audiovideo/AudioBuffer.h(55,14): warning 84: type qualifier specified more than once
         
         Framebuffer.cpp
         ps3ppusnc.exe -DNDEBUG -D__PS3__ -o rmxmedia_\Framebuffer.o -c -Xdepmode=1 -MD -Xmserrors -IC:\s3air\librmx\source -IC:\s3air\Oxygen\sonic3air\build\_ps3\include\zlib -IC:\s3air\Oxygen\sonic3air\build\_ps3\include -IC:\s3air\librmx\source\rmxmedia\_glew -IC:\s3air\Oxygen -I. -IC:/usr/local/cell\target\ppu\include -IC:/usr/local/cell\target\common\include -I"C:/usr/local/cell\host-win32\sn\ppu\include" -O2 -Xstd=cpp11 -Xc-=rtti C:\s3air\librmx\source\rmxmedia\opengl\Framebuffer.cpp
     1>C:\s3air\librmx\source\rmxmedia/audiovideo/AudioBuffer.h(55,14): warning 84: type qualifier specified more than once
         
         GLTools.cpp
         ps3ppusnc.exe -DNDEBUG -D__PS3__ -o rmxmedia_\GLTools.o -c -Xdepmode=1 -MD -Xmserrors -IC:\s3air\librmx\source -IC:\s3air\Oxygen\sonic3air\build\_ps3\include\zlib -IC:\s3air\Oxygen\sonic3air\build\_ps3\include -IC:\s3air\librmx\source\rmxmedia\_glew -IC:\s3air\Oxygen -I. -IC:/usr/local/cell\target\ppu\include -IC:/usr/local/cell\target\common\include -I"C:/usr/local/cell\host-win32\sn\ppu\include" -O2 -Xstd=cpp11 -Xc-=rtti C:\s3air\librmx\source\rmxmedia\opengl\GLTools.cpp
     1>C:\s3air\librmx\source\rmxmedia/audiovideo/AudioBuffer.h(55,14): warning 84: type qualifier specified more than once
         
         OpenGLFontOutput.cpp
         ps3ppusnc.exe -DNDEBUG -D__PS3__ -o rmxmedia_\OpenGLFontOutput.o -c -Xdepmode=1 -MD -Xmserrors -IC:\s3air\librmx\source -IC:\s3air\Oxygen\sonic3air\build\_ps3\include\zlib -IC:\s3air\Oxygen\sonic3air\build\_ps3\include -IC:\s3air\librmx\source\rmxmedia\_glew -IC:\s3air\Oxygen -I. -IC:/usr/local/cell\target\ppu\include -IC:/usr/local/cell\target\common\include -I"C:/usr/local/cell\host-win32\sn\ppu\include" -O2 -Xstd=cpp11 -Xc-=rtti C:\s3air\librmx\source\rmxmedia\opengl\OpenGLFontOutput.cpp
     1>C:\s3air\librmx\source\rmxmedia/audiovideo/AudioBuffer.h(55,14): warning 84: type qualifier specified more than once
         
         Painter.cpp
         ps3ppusnc.exe -DNDEBUG -D__PS3__ -o rmxmedia_\Painter.o -c -Xdepmode=1 -MD -Xmserrors -IC:\s3air\librmx\source -IC:\s3air\Oxygen\sonic3air\build\_ps3\include\zlib -IC:\s3air\Oxygen\sonic3air\build\_ps3\include -IC:\s3air\librmx\source\rmxmedia\_glew -IC:\s3air\Oxygen -I. -IC:/usr/local/cell\target\ppu\include -IC:/usr/local/cell\target\common\include -I"C:/usr/local/cell\host-win32\sn\ppu\include" -O2 -Xstd=cpp11 -Xc-=rtti C:\s3air\librmx\source\rmxmedia\opengl\Painter.cpp
     1>C:\s3air\librmx\source\rmxmedia/audiovideo/AudioBuffer.h(55,14): warning 84: type qualifier specified more than once
         
         Shader.cpp
         ps3ppusnc.exe -DNDEBUG -D__PS3__ -o rmxmedia_\Shader.o -c -Xdepmode=1 -MD -Xmserrors -IC:\s3air\librmx\source -IC:\s3air\Oxygen\sonic3air\build\_ps3\include\zlib -IC:\s3air\Oxygen\sonic3air\build\_ps3\include -IC:\s3air\librmx\source\rmxmedia\_glew -IC:\s3air\Oxygen -I. -IC:/usr/local/cell\target\ppu\include -IC:/usr/local/cell\target\common\include -I"C:/usr/local/cell\host-win32\sn\ppu\include" -O2 -Xstd=cpp11 -Xc-=rtti C:\s3air\librmx\source\rmxmedia\opengl\Shader.cpp
     1>C:\s3air\librmx\source\rmxmedia/audiovideo/AudioBuffer.h(55,14): warning 84: type qualifier specified more than once
         
         SpriteAtlas.cpp
         ps3ppusnc.exe -DNDEBUG -D__PS3__ -o rmxmedia_\SpriteAtlas.o -c -Xdepmode=1 -MD -Xmserrors -IC:\s3air\librmx\source -IC:\s3air\Oxygen\sonic3air\build\_ps3\include\zlib -IC:\s3air\Oxygen\sonic3air\build\_ps3\include -IC:\s3air\librmx\source\rmxmedia\_glew -IC:\s3air\Oxygen -I. -IC:/usr/local/cell\target\ppu\include -IC:/usr/local/cell\target\common\include -I"C:/usr/local/cell\host-win32\sn\ppu\include" -O2 -Xstd=cpp11 -Xc-=rtti C:\s3air\librmx\source\rmxmedia\opengl\SpriteAtlas.cpp
     1>C:\s3air\librmx\source\rmxmedia/audiovideo/AudioBuffer.h(55,14): warning 84: type qualifier specified more than once
         
         Texture.cpp
         ps3ppusnc.exe -DNDEBUG -D__PS3__ -o rmxmedia_\Texture.o -c -Xdepmode=1 -MD -Xmserrors -IC:\s3air\librmx\source -IC:\s3air\Oxygen\sonic3air\build\_ps3\include\zlib -IC:\s3air\Oxygen\sonic3air\build\_ps3\include -IC:\s3air\librmx\source\rmxmedia\_glew -IC:\s3air\Oxygen -I. -IC:/usr/local/cell\target\ppu\include -IC:/usr/local/cell\target\common\include -I"C:/usr/local/cell\host-win32\sn\ppu\include" -O2 -Xstd=cpp11 -Xc-=rtti C:\s3air\librmx\source\rmxmedia\opengl\Texture.cpp
     1>C:\s3air\librmx\source\rmxmedia/audiovideo/AudioBuffer.h(55,14): warning 84: type qualifier specified more than once
         
         VertexArrayObject.cpp
         ps3ppusnc.exe -DNDEBUG -D__PS3__ -o rmxmedia_\VertexArrayObject.o -c -Xdepmode=1 -MD -Xmserrors -IC:\s3air\librmx\source -IC:\s3air\Oxygen\sonic3air\build\_ps3\include\zlib -IC:\s3air\Oxygen\sonic3air\build\_ps3\include -IC:\s3air\librmx\source\rmxmedia\_glew -IC:\s3air\Oxygen -I. -IC:/usr/local/cell\target\ppu\include -IC:/usr/local/cell\target\common\include -I"C:/usr/local/cell\host-win32\sn\ppu\include" -O2 -Xstd=cpp11 -Xc-=rtti C:\s3air\librmx\source\rmxmedia\opengl\VertexArrayObject.cpp
     1>C:\s3air\librmx\source\rmxmedia/audiovideo/AudioBuffer.h(55,14): warning 84: type qualifier specified more than once
         
         rmxmedia.cpp
         ps3ppusnc.exe -DNDEBUG -D__PS3__ -o rmxmedia_\rmxmedia.o -c -Xdepmode=1 -MD -Xmserrors -IC:\s3air\librmx\source -IC:\s3air\Oxygen\sonic3air\build\_ps3\include\zlib -IC:\s3air\Oxygen\sonic3air\build\_ps3\include -IC:\s3air\librmx\source\rmxmedia\_glew -IC:\s3air\Oxygen -I. -IC:/usr/local/cell\target\ppu\include -IC:/usr/local/cell\target\common\include -I"C:/usr/local/cell\host-win32\sn\ppu\include" -O2 -Xstd=cpp11 -Xc-=rtti C:\s3air\librmx\source\rmxmedia\rmxmedia.cpp
     1>C:\s3air\librmx\source\rmxmedia/audiovideo/AudioBuffer.h(55,14): warning 84: type qualifier specified more than once
         
         JobManager.cpp
         ps3ppusnc.exe -DNDEBUG -D__PS3__ -o rmxmedia_\JobManager.o -c -Xdepmode=1 -MD -Xmserrors -IC:\s3air\librmx\source -IC:\s3air\Oxygen\sonic3air\build\_ps3\include\zlib -IC:\s3air\Oxygen\sonic3air\build\_ps3\include -IC:\s3air\librmx\source\rmxmedia\_glew -IC:\s3air\Oxygen -I. -IC:/usr/local/cell\target\ppu\include -IC:/usr/local/cell\target\common\include -I"C:/usr/local/cell\host-win32\sn\ppu\include" -O2 -Xstd=cpp11 -Xc-=rtti C:\s3air\librmx\source\rmxmedia\threads\JobManager.cpp
     1>C:\s3air\librmx\source\rmxmedia/audiovideo/AudioBuffer.h(55,14): warning 84: type qualifier specified more than once
         
         Thread.cpp
         ps3ppusnc.exe -DNDEBUG -D__PS3__ -o rmxmedia_\Thread.o -c -Xdepmode=1 -MD -Xmserrors -IC:\s3air\librmx\source -IC:\s3air\Oxygen\sonic3air\build\_ps3\include\zlib -IC:\s3air\Oxygen\sonic3air\build\_ps3\include -IC:\s3air\librmx\source\rmxmedia\_glew -IC:\s3air\Oxygen -I. -IC:/usr/local/cell\target\ppu\include -IC:/usr/local/cell\target\common\include -I"C:/usr/local/cell\host-win32\sn\ppu\include" -O2 -Xstd=cpp11 -Xc-=rtti C:\s3air\librmx\source\rmxmedia\threads\Thread.cpp
     1>C:\s3air\librmx\source\rmxmedia/audiovideo/AudioBuffer.h(55,14): warning 84: type qualifier specified more than once
         
       Lib:
         C:\usr\local\cell\host-win32\sn\bin\ps3snarl.exe create C:\s3air\Oxygen\sonic3air\build\_vstudio\rmxmedia\..\..\lib\\rmxmedia.a
         addmod rmxmedia_\AudioBuffer.o
         addmod rmxmedia_\AudioManager.o
         addmod rmxmedia_\AudioMixer.o
         addmod rmxmedia_\AudioReference.o
         addmod rmxmedia_\VideoBuffer.o
         addmod rmxmedia_\FileInputStreamSDL.o
         addmod rmxmedia_\FileProviderSDL.o
         addmod rmxmedia_\Font.o
         addmod rmxmedia_\FontProcessor.o
         addmod rmxmedia_\FontSource.o
         addmod rmxmedia_\AppFramework.o
         addmod rmxmedia_\FTX_System.o
         addmod rmxmedia_\GuiBase.o
         addmod rmxmedia_\Framebuffer.o
         addmod rmxmedia_\GLTools.o
         addmod rmxmedia_\OpenGLFontOutput.o
         addmod rmxmedia_\Painter.o
         addmod rmxmedia_\Shader.o
         addmod rmxmedia_\SpriteAtlas.o
         addmod rmxmedia_\Texture.o
         addmod rmxmedia_\VertexArrayObject.o
         addmod rmxmedia_\rmxmedia.o
         addmod rmxmedia_\JobManager.o
         addmod rmxmedia_\Thread.o
         addmod rmxmedia_\glew.o
         save
         end
         rmxmedia.vcxproj -> C:\s3air\Oxygen\sonic3air\build\_vstudio\rmxmedia\..\..\lib\\rmxmedia.a
     1>Done Building Project "C:\s3air\Oxygen\sonic3air\build\_vstudio\rmxmedia\rmxmedia.vcxproj" (Build target(s)).

Build succeeded.

Time Elapsed 00:00:40.54
