c:\s3air\oxygen\sonic3air\build\_vstudio\rmxmedia\rmxmedia_\glew.o
c:\s3air\oxygen\sonic3air\build\_vstudio\rmxmedia\rmxmedia_\audiobuffer.o
c:\s3air\oxygen\sonic3air\build\_vstudio\rmxmedia\rmxmedia_\audiomanager.o
c:\s3air\oxygen\sonic3air\build\_vstudio\rmxmedia\rmxmedia_\audiomixer.o
c:\s3air\oxygen\sonic3air\build\_vstudio\rmxmedia\rmxmedia_\audioreference.o
c:\s3air\oxygen\sonic3air\build\_vstudio\rmxmedia\rmxmedia_\videobuffer.o
c:\s3air\oxygen\sonic3air\build\_vstudio\rmxmedia\rmxmedia_\font.o
c:\s3air\oxygen\sonic3air\build\_vstudio\rmxmedia\rmxmedia_\fontprocessor.o
c:\s3air\oxygen\sonic3air\build\_vstudio\rmxmedia\rmxmedia_\fontsource.o
c:\s3air\oxygen\sonic3air\build\_vstudio\rmxmedia\rmxmedia_\appframework.o
c:\s3air\oxygen\sonic3air\build\_vstudio\rmxmedia\rmxmedia_\guibase.o
c:\s3air\oxygen\sonic3air\build\_vstudio\rmxmedia\rmxmedia_\inputcontext.o
c:\s3air\oxygen\sonic3air\build\_vstudio\rmxmedia\rmxmedia_\systemmanager.o
c:\s3air\oxygen\sonic3air\build\_vstudio\rmxmedia\rmxmedia_\videomanager.o
c:\s3air\oxygen\sonic3air\build\_vstudio\rmxmedia\rmxmedia_\framebuffer.o
c:\s3air\oxygen\sonic3air\build\_vstudio\rmxmedia\rmxmedia_\gltools.o
c:\s3air\oxygen\sonic3air\build\_vstudio\rmxmedia\rmxmedia_\openglfontoutput.o
c:\s3air\oxygen\sonic3air\build\_vstudio\rmxmedia\rmxmedia_\painter.o
c:\s3air\oxygen\sonic3air\build\_vstudio\rmxmedia\rmxmedia_\shader.o
c:\s3air\oxygen\sonic3air\build\_vstudio\rmxmedia\rmxmedia_\spriteatlas.o
c:\s3air\oxygen\sonic3air\build\_vstudio\rmxmedia\rmxmedia_\texture.o
c:\s3air\oxygen\sonic3air\build\_vstudio\rmxmedia\rmxmedia_\vertexarrayobject.o
c:\s3air\oxygen\sonic3air\build\_vstudio\rmxmedia\rmxmedia_\rmxmedia.o
c:\s3air\oxygen\sonic3air\build\_vstudio\rmxmedia\rmxmedia_\jobmanager.o
c:\s3air\oxygen\sonic3air\build\_vstudio\rmxmedia\rmxmedia_\thread.o
c:\s3air\oxygen\sonic3air\build\lib\rmxmedia.a
c:\s3air\oxygen\sonic3air\build\_vstudio\rmxmedia\..\..\lib\\rmxmedia.a
c:\s3air\oxygen\sonic3air\build\_vstudio\rmxmedia\rmxmedia_\rmxmedia.tlog\ps3ppusnc.command.1.tlog
c:\s3air\oxygen\sonic3air\build\_vstudio\rmxmedia\rmxmedia_\rmxmedia.tlog\ps3ppusnc.read.1.tlog
c:\s3air\oxygen\sonic3air\build\_vstudio\rmxmedia\rmxmedia_\rmxmedia.tlog\ps3ppusnc.write.1.tlog
c:\s3air\oxygen\sonic3air\build\_vstudio\rmxmedia\rmxmedia_\rmxmedia.tlog\ps3snarl.command.1.tlog
c:\s3air\oxygen\sonic3air\build\_vstudio\rmxmedia\rmxmedia_\rmxmedia.tlog\ps3snarl.read.1.tlog
c:\s3air\oxygen\sonic3air\build\_vstudio\rmxmedia\rmxmedia_\rmxmedia.tlog\ps3snarl.write.1.tlog
