c:\s3air\oxygen\sonic3air\build\_vstudio\zlib\ps3_debug\adler32.o
c:\s3air\oxygen\sonic3air\build\_vstudio\zlib\ps3_debug\compress.o
c:\s3air\oxygen\sonic3air\build\_vstudio\zlib\ps3_debug\ioapi.o
c:\s3air\oxygen\sonic3air\build\_vstudio\zlib\ps3_debug\unzip.o
c:\s3air\oxygen\sonic3air\build\_vstudio\zlib\ps3_debug\crc32.o
c:\s3air\oxygen\sonic3air\build\_vstudio\zlib\ps3_debug\deflate.o
c:\s3air\oxygen\sonic3air\build\_vstudio\zlib\ps3_debug\gzclose.o
c:\s3air\oxygen\sonic3air\build\_vstudio\zlib\ps3_debug\gzlib.o
c:\s3air\oxygen\sonic3air\build\_vstudio\zlib\ps3_debug\gzread.o
c:\s3air\oxygen\sonic3air\build\_vstudio\zlib\ps3_debug\gzwrite.o
c:\s3air\oxygen\sonic3air\build\_vstudio\zlib\ps3_debug\infback.o
c:\s3air\oxygen\sonic3air\build\_vstudio\zlib\ps3_debug\inffast.o
c:\s3air\oxygen\sonic3air\build\_vstudio\zlib\ps3_debug\inflate.o
c:\s3air\oxygen\sonic3air\build\_vstudio\zlib\ps3_debug\inftrees.o
c:\s3air\oxygen\sonic3air\build\_vstudio\zlib\ps3_debug\trees.o
c:\s3air\oxygen\sonic3air\build\_vstudio\zlib\ps3_debug\uncompr.o
c:\s3air\oxygen\sonic3air\build\_vstudio\zlib\ps3_debug\zutil.o
c:\s3air\oxygen\sonic3air\build\_vstudio\ps3_debug\zlib.a
c:\s3air\oxygen\sonic3air\build\_vstudio\zlib\ps3_debug\zlib.tlog\ps3ppusnc.command.1.tlog
c:\s3air\oxygen\sonic3air\build\_vstudio\zlib\ps3_debug\zlib.tlog\ps3ppusnc.read.1.tlog
c:\s3air\oxygen\sonic3air\build\_vstudio\zlib\ps3_debug\zlib.tlog\ps3ppusnc.write.1.tlog
c:\s3air\oxygen\sonic3air\build\_vstudio\zlib\ps3_debug\zlib.tlog\ps3snarl.command.1.tlog
c:\s3air\oxygen\sonic3air\build\_vstudio\zlib\ps3_debug\zlib.tlog\ps3snarl.read.1.tlog
c:\s3air\oxygen\sonic3air\build\_vstudio\zlib\ps3_debug\zlib.tlog\ps3snarl.write.1.tlog
