c:\s3air\oxygen\sonic3air\build\_vstudio\lemonscript-ps3\ps3_debug\compiler.o
c:\s3air\oxygen\sonic3air\build\_vstudio\lemonscript-ps3\ps3_debug\linenumbertranslation.o
c:\s3air\oxygen\sonic3air\build\_vstudio\lemonscript-ps3\ps3_debug\node.o
c:\s3air\oxygen\sonic3air\build\_vstudio\lemonscript-ps3\ps3_debug\operators.o
c:\s3air\oxygen\sonic3air\build\_vstudio\lemonscript-ps3\ps3_debug\preprocessor.o
c:\s3air\oxygen\sonic3air\build\_vstudio\lemonscript-ps3\ps3_debug\token.o
c:\s3air\oxygen\sonic3air\build\_vstudio\lemonscript-ps3\ps3_debug\tokenhelper.o
c:\s3air\oxygen\sonic3air\build\_vstudio\lemonscript-ps3\ps3_debug\typecasting.o
c:\s3air\oxygen\sonic3air\build\_vstudio\lemonscript-ps3\ps3_debug\functioncompiler.o
c:\s3air\oxygen\sonic3air\build\_vstudio\lemonscript-ps3\ps3_debug\opcodeoptimization.o
c:\s3air\oxygen\sonic3air\build\_vstudio\lemonscript-ps3\ps3_debug\compilerfrontend.o
c:\s3air\oxygen\sonic3air\build\_vstudio\lemonscript-ps3\ps3_debug\tokenprocessing.o
c:\s3air\oxygen\sonic3air\build\_vstudio\lemonscript-ps3\ps3_debug\parser.o
c:\s3air\oxygen\sonic3air\build\_vstudio\lemonscript-ps3\ps3_debug\parserhelper.o
c:\s3air\oxygen\sonic3air\build\_vstudio\lemonscript-ps3\ps3_debug\pch.o
c:\s3air\oxygen\sonic3air\build\_vstudio\lemonscript-ps3\ps3_debug\basetype.o
c:\s3air\oxygen\sonic3air\build\_vstudio\lemonscript-ps3\ps3_debug\constantarray.o
c:\s3air\oxygen\sonic3air\build\_vstudio\lemonscript-ps3\ps3_debug\datatype.o
c:\s3air\oxygen\sonic3air\build\_vstudio\lemonscript-ps3\ps3_debug\define.o
c:\s3air\oxygen\sonic3air\build\_vstudio\lemonscript-ps3\ps3_debug\globalslookup.o
c:\s3air\oxygen\sonic3air\build\_vstudio\lemonscript-ps3\ps3_debug\module.o
c:\s3air\oxygen\sonic3air\build\_vstudio\lemonscript-ps3\ps3_debug\moduleserializer.o
c:\s3air\oxygen\sonic3air\build\_vstudio\lemonscript-ps3\ps3_debug\opcode.o
c:\s3air\oxygen\sonic3air\build\_vstudio\lemonscript-ps3\ps3_debug\program.o
c:\s3air\oxygen\sonic3air\build\_vstudio\lemonscript-ps3\ps3_debug\sourcefileinfo.o
c:\s3air\oxygen\sonic3air\build\_vstudio\lemonscript-ps3\ps3_debug\stringref.o
c:\s3air\oxygen\sonic3air\build\_vstudio\lemonscript-ps3\ps3_debug\function.o
c:\s3air\oxygen\sonic3air\build\_vstudio\lemonscript-ps3\ps3_debug\functionwrapper.o
c:\s3air\oxygen\sonic3air\build\_vstudio\lemonscript-ps3\ps3_debug\nativefunction.o
c:\s3air\oxygen\sonic3air\build\_vstudio\lemonscript-ps3\ps3_debug\scriptfunction.o
c:\s3air\oxygen\sonic3air\build\_vstudio\lemonscript-ps3\ps3_debug\builtinfunctions.o
c:\s3air\oxygen\sonic3air\build\_vstudio\lemonscript-ps3\ps3_debug\controlflow.o
c:\s3air\oxygen\sonic3air\build\_vstudio\lemonscript-ps3\ps3_debug\opcodeprocessor.o
c:\s3air\oxygen\sonic3air\build\_vstudio\lemonscript-ps3\ps3_debug\runtime.o
c:\s3air\oxygen\sonic3air\build\_vstudio\lemonscript-ps3\ps3_debug\runtimefunction.o
c:\s3air\oxygen\sonic3air\build\_vstudio\lemonscript-ps3\ps3_debug\standardlibrary.o
c:\s3air\oxygen\sonic3air\build\_vstudio\lemonscript-ps3\ps3_debug\defaultopcodeprovider.o
c:\s3air\oxygen\sonic3air\build\_vstudio\lemonscript-ps3\ps3_debug\nativizedopcodeprovider.o
c:\s3air\oxygen\sonic3air\build\_vstudio\lemonscript-ps3\ps3_debug\optimizedopcodeprovider.o
c:\s3air\oxygen\sonic3air\build\_vstudio\lemonscript-ps3\ps3_debug\nativizer.o
c:\s3air\oxygen\sonic3air\build\_vstudio\lemonscript-ps3\ps3_debug\nativizerinternal.o
c:\s3air\oxygen\sonic3air\build\_vstudio\lemonscript-ps3\ps3_debug\sourcecodewriter.o
c:\s3air\oxygen\sonic3air\build\_vstudio\lemonscript-ps3\ps3_debug\translator.o
c:\s3air\oxygen\sonic3air\build\_vstudio\lemonscript-ps3\ps3_debug\datatypehelper.o
c:\s3air\oxygen\sonic3air\build\_vstudio\lemonscript-ps3\ps3_debug\flyweightstring.o
c:\s3air\oxygen\sonic3air\build\_vstudio\lemonscript-ps3\ps3_debug\pragmasplitter.o
c:\s3air\oxygen\sonic3air\build\_vstudio\lemonscript-ps3\ps3_debug\stringformatter.o
c:\s3air\oxygen\sonic3air\build\_vstudio\lemonscript-ps3\ps3_debug\stringformatterlegacy.o
c:\s3air\oxygen\sonic3air\build\_vstudio\ps3_debug\lemonscript-ps3.a
c:\s3air\oxygen\sonic3air\build\_vstudio\lemonscript-ps3\ps3_debug\lemonscript-ps3.tlog\ps3ppusnc.command.1.tlog
c:\s3air\oxygen\sonic3air\build\_vstudio\lemonscript-ps3\ps3_debug\lemonscript-ps3.tlog\ps3ppusnc.read.1.tlog
c:\s3air\oxygen\sonic3air\build\_vstudio\lemonscript-ps3\ps3_debug\lemonscript-ps3.tlog\ps3ppusnc.write.1.tlog
c:\s3air\oxygen\sonic3air\build\_vstudio\lemonscript-ps3\ps3_debug\lemonscript-ps3.tlog\ps3snarl.command.1.tlog
c:\s3air\oxygen\sonic3air\build\_vstudio\lemonscript-ps3\ps3_debug\lemonscript-ps3.tlog\ps3snarl.read.1.tlog
c:\s3air\oxygen\sonic3air\build\_vstudio\lemonscript-ps3\ps3_debug\lemonscript-ps3.tlog\ps3snarl.write.1.tlog
