c:\s3air\oxygen\sonic3air\build\_vstudio\rmxmedia\ps3_release\glew.o
c:\s3air\oxygen\sonic3air\build\_vstudio\rmxmedia\ps3_release\audiobuffer.o
c:\s3air\oxygen\sonic3air\build\_vstudio\rmxmedia\ps3_release\audiomanager.o
c:\s3air\oxygen\sonic3air\build\_vstudio\rmxmedia\ps3_release\audiomixer.o
c:\s3air\oxygen\sonic3air\build\_vstudio\rmxmedia\ps3_release\audioreference.o
c:\s3air\oxygen\sonic3air\build\_vstudio\rmxmedia\ps3_release\videobuffer.o
c:\s3air\oxygen\sonic3air\build\_vstudio\rmxmedia\ps3_release\font.o
c:\s3air\oxygen\sonic3air\build\_vstudio\rmxmedia\ps3_release\fontprocessor.o
c:\s3air\oxygen\sonic3air\build\_vstudio\rmxmedia\ps3_release\fontsource.o
c:\s3air\oxygen\sonic3air\build\_vstudio\rmxmedia\ps3_release\appframework.o
c:\s3air\oxygen\sonic3air\build\_vstudio\rmxmedia\ps3_release\guibase.o
c:\s3air\oxygen\sonic3air\build\_vstudio\rmxmedia\ps3_release\inputcontext.o
c:\s3air\oxygen\sonic3air\build\_vstudio\rmxmedia\ps3_release\systemmanager.o
c:\s3air\oxygen\sonic3air\build\_vstudio\rmxmedia\ps3_release\videomanager.o
c:\s3air\oxygen\sonic3air\build\_vstudio\rmxmedia\ps3_release\framebuffer.o
c:\s3air\oxygen\sonic3air\build\_vstudio\rmxmedia\ps3_release\gltools.o
c:\s3air\oxygen\sonic3air\build\_vstudio\rmxmedia\ps3_release\openglfontoutput.o
c:\s3air\oxygen\sonic3air\build\_vstudio\rmxmedia\ps3_release\painter.o
c:\s3air\oxygen\sonic3air\build\_vstudio\rmxmedia\ps3_release\shader.o
c:\s3air\oxygen\sonic3air\build\_vstudio\rmxmedia\ps3_release\spriteatlas.o
c:\s3air\oxygen\sonic3air\build\_vstudio\rmxmedia\ps3_release\texture.o
c:\s3air\oxygen\sonic3air\build\_vstudio\rmxmedia\ps3_release\vertexarrayobject.o
c:\s3air\oxygen\sonic3air\build\_vstudio\rmxmedia\ps3_release\rmxmedia.o
c:\s3air\oxygen\sonic3air\build\_vstudio\rmxmedia\ps3_release\jobmanager.o
c:\s3air\oxygen\sonic3air\build\_vstudio\rmxmedia\ps3_release\thread.o
c:\s3air\oxygen\sonic3air\build\_vstudio\ps3_release\rmxmedia.a
c:\s3air\oxygen\sonic3air\build\_vstudio\rmxmedia\ps3_release\rmxmedia.tlog\ps3ppusnc.command.1.tlog
c:\s3air\oxygen\sonic3air\build\_vstudio\rmxmedia\ps3_release\rmxmedia.tlog\ps3ppusnc.read.1.tlog
c:\s3air\oxygen\sonic3air\build\_vstudio\rmxmedia\ps3_release\rmxmedia.tlog\ps3ppusnc.write.1.tlog
c:\s3air\oxygen\sonic3air\build\_vstudio\rmxmedia\ps3_release\rmxmedia.tlog\ps3snarl.command.1.tlog
c:\s3air\oxygen\sonic3air\build\_vstudio\rmxmedia\ps3_release\rmxmedia.tlog\ps3snarl.read.1.tlog
c:\s3air\oxygen\sonic3air\build\_vstudio\rmxmedia\ps3_release\rmxmedia.tlog\ps3snarl.write.1.tlog
