c:\s3air\oxygen\sonic3air\build\rmxbase\ps3_release\basics.o
c:\s3air\oxygen\sonic3air\build\rmxbase\ps3_release\errorhandler.o
c:\s3air\oxygen\sonic3air\build\rmxbase\ps3_release\bitmap.o
c:\s3air\oxygen\sonic3air\build\rmxbase\ps3_release\bitmapcodecbmp.o
c:\s3air\oxygen\sonic3air\build\rmxbase\ps3_release\bitmapcodecico.o
c:\s3air\oxygen\sonic3air\build\rmxbase\ps3_release\bitmapcodecjpg.o
c:\s3air\oxygen\sonic3air\build\rmxbase\ps3_release\bitmapcodecpng.o
c:\s3air\oxygen\sonic3air\build\rmxbase\ps3_release\color.o
c:\s3air\oxygen\sonic3air\build\rmxbase\ps3_release\palettebitmap.o
c:\s3air\oxygen\sonic3air\build\rmxbase\ps3_release\weakptr.o
c:\s3air\oxygen\sonic3air\build\rmxbase\ps3_release\filecrawler.o
c:\s3air\oxygen\sonic3air\build\rmxbase\ps3_release\filehandle.o
c:\s3air\oxygen\sonic3air\build\rmxbase\ps3_release\fileio.o
c:\s3air\oxygen\sonic3air\build\rmxbase\ps3_release\fileprovider.o
c:\s3air\oxygen\sonic3air\build\rmxbase\ps3_release\filesystem.o
c:\s3air\oxygen\sonic3air\build\rmxbase\ps3_release\jsonhelper.o
c:\s3air\oxygen\sonic3air\build\rmxbase\ps3_release\realfileprovider.o
c:\s3air\oxygen\sonic3air\build\rmxbase\ps3_release\math.o
c:\s3air\oxygen\sonic3air\build\rmxbase\ps3_release\binaryserializer.o
c:\s3air\oxygen\sonic3air\build\rmxbase\ps3_release\inputstream.o
c:\s3air\oxygen\sonic3air\build\rmxbase\ps3_release\onetimeallocpool.o
c:\s3air\oxygen\sonic3air\build\rmxbase\ps3_release\outputstream.o
c:\s3air\oxygen\sonic3air\build\rmxbase\ps3_release\rc4encryption.o
c:\s3air\oxygen\sonic3air\build\rmxbase\ps3_release\rmxdeflate.o
c:\s3air\oxygen\sonic3air\build\rmxbase\ps3_release\string.o
c:\s3air\oxygen\sonic3air\build\rmxbase\ps3_release\unalignedmemory.o
c:\s3air\oxygen\sonic3air\build\rmxbase\ps3_release\utf8conversion.o
c:\s3air\oxygen\sonic3air\build\rmxbase\ps3_release\vectorbinaryserializer.o
c:\s3air\oxygen\sonic3air\build\rmxbase\ps3_release\zlibdeflate.o
c:\s3air\oxygen\sonic3air\build\rmxbase\ps3_release\rmxbase.o
c:\s3air\oxygen\sonic3air\build\rmxbase\ps3_release\logging.o
c:\s3air\oxygen\sonic3air\build\rmxbase\ps3_release\tools.o
c:\s3air\oxygen\sonic3air\build\rmxbase\ps3_release\json_reader.o
c:\s3air\oxygen\sonic3air\build\rmxbase\ps3_release\json_value.o
c:\s3air\oxygen\sonic3air\build\rmxbase\ps3_release\json_writer.o
c:\s3air\oxygen\sonic3air\build\_vstudio\ps3_release\rmxbase.a
c:\s3air\oxygen\sonic3air\build\rmxbase\ps3_release\rmxbase.tlog\ps3ppusnc.command.1.tlog
c:\s3air\oxygen\sonic3air\build\rmxbase\ps3_release\rmxbase.tlog\ps3ppusnc.read.1.tlog
c:\s3air\oxygen\sonic3air\build\rmxbase\ps3_release\rmxbase.tlog\ps3ppusnc.write.1.tlog
c:\s3air\oxygen\sonic3air\build\rmxbase\ps3_release\rmxbase.tlog\ps3snarl.command.1.tlog
c:\s3air\oxygen\sonic3air\build\rmxbase\ps3_release\rmxbase.tlog\ps3snarl.read.1.tlog
c:\s3air\oxygen\sonic3air\build\rmxbase\ps3_release\rmxbase.tlog\ps3snarl.write.1.tlog
