c:\s3air\oxygen\sonic3air\build\_vstudio\ps3_debug\sonic3air-ps3.elf
c:\s3air\oxygen\sonic3air\build\_vstudio\sonic3air-ps3\ps3_debug\configurationimpl.o
c:\s3air\oxygen\sonic3air\build\_vstudio\sonic3air-ps3\ps3_debug\enginedelegate.o
c:\s3air\oxygen\sonic3air\build\_vstudio\sonic3air-ps3\ps3_debug\game.o
c:\s3air\oxygen\sonic3air\build\_vstudio\sonic3air-ps3\ps3_debug\nativizedcode.o
c:\s3air\oxygen\sonic3air\build\_vstudio\sonic3air-ps3\ps3_debug\audioout.o
c:\s3air\oxygen\sonic3air\build\_vstudio\sonic3air-ps3\ps3_debug\customaudiomixer.o
c:\s3air\oxygen\sonic3air\build\_vstudio\sonic3air-ps3\ps3_debug\remasteredmusicdownload.o
c:\s3air\oxygen\sonic3air\build\_vstudio\sonic3air-ps3\ps3_debug\gameclient.o
c:\s3air\oxygen\sonic3air\build\_vstudio\sonic3air-ps3\ps3_debug\ghostsync.o
c:\s3air\oxygen\sonic3air\build\_vstudio\sonic3air-ps3\ps3_debug\updatecheck.o
c:\s3air\oxygen\sonic3air\build\_vstudio\sonic3air-ps3\ps3_debug\crowdcontrolclient.o
c:\s3air\oxygen\sonic3air\build\_vstudio\sonic3air-ps3\ps3_debug\playerprogress.o
c:\s3air\oxygen\sonic3air\build\_vstudio\sonic3air-ps3\ps3_debug\playerrecorder.o
c:\s3air\oxygen\sonic3air\build\_vstudio\sonic3air-ps3\ps3_debug\shareddatabase.o
c:\s3air\oxygen\sonic3air\build\_vstudio\sonic3air-ps3\ps3_debug\timeattackdata.o
c:\s3air\oxygen\sonic3air\build\_vstudio\sonic3air-ps3\ps3_debug\resourcescriptgenerator.o
c:\s3air\oxygen\sonic3air\build\_vstudio\sonic3air-ps3\ps3_debug\bluespheresrendering.o
c:\s3air\oxygen\sonic3air\build\_vstudio\sonic3air-ps3\ps3_debug\commandforwarder.o
c:\s3air\oxygen\sonic3air\build\_vstudio\sonic3air-ps3\ps3_debug\discordintegration.o
c:\s3air\oxygen\sonic3air\build\_vstudio\sonic3air-ps3\ps3_debug\drawingutils.o
c:\s3air\oxygen\sonic3air\build\_vstudio\sonic3air-ps3\ps3_debug\gameutils.o
c:\s3air\oxygen\sonic3air\build\_vstudio\sonic3air-ps3\ps3_debug\packagebuilder.o
c:\s3air\oxygen\sonic3air\build\_vstudio\sonic3air-ps3\ps3_debug\main.o
c:\s3air\oxygen\sonic3air\build\_vstudio\sonic3air-ps3\ps3_debug\extrasmenu.o
c:\s3air\oxygen\sonic3air\build\_vstudio\sonic3air-ps3\ps3_debug\gameapp.o
c:\s3air\oxygen\sonic3air\build\_vstudio\sonic3air-ps3\ps3_debug\gamemenubase.o
c:\s3air\oxygen\sonic3air\build\_vstudio\sonic3air-ps3\ps3_debug\gamemenumanager.o
c:\s3air\oxygen\sonic3air\build\_vstudio\sonic3air-ps3\ps3_debug\mainmenu.o
c:\s3air\oxygen\sonic3air\build\_vstudio\sonic3air-ps3\ps3_debug\menubackground.o
c:\s3air\oxygen\sonic3air\build\_vstudio\sonic3air-ps3\ps3_debug\pausemenu.o
c:\s3air\oxygen\sonic3air\build\_vstudio\sonic3air-ps3\ps3_debug\sharedresources.o
c:\s3air\oxygen\sonic3air\build\_vstudio\sonic3air-ps3\ps3_debug\timeattackmenu.o
c:\s3air\oxygen\sonic3air\build\_vstudio\sonic3air-ps3\ps3_debug\timeattackresultsmenu.o
c:\s3air\oxygen\sonic3air\build\_vstudio\sonic3air-ps3\ps3_debug\applicationcontextmenu.o
c:\s3air\oxygen\sonic3air\build\_vstudio\sonic3air-ps3\ps3_debug\generalmenuentries.o
c:\s3air\oxygen\sonic3air\build\_vstudio\sonic3air-ps3\ps3_debug\gamemenucontrolsdisplay.o
c:\s3air\oxygen\sonic3air\build\_vstudio\sonic3air-ps3\ps3_debug\gamemenuscrolling.o
c:\s3air\oxygen\sonic3air\build\_vstudio\sonic3air-ps3\ps3_debug\modsmenu.o
c:\s3air\oxygen\sonic3air\build\_vstudio\sonic3air-ps3\ps3_debug\modsmenuentries.o
c:\s3air\oxygen\sonic3air\build\_vstudio\sonic3air-ps3\ps3_debug\modsstartpage.o
c:\s3air\oxygen\sonic3air\build\_vstudio\sonic3air-ps3\ps3_debug\controllersetupmenu.o
c:\s3air\oxygen\sonic3air\build\_vstudio\sonic3air-ps3\ps3_debug\optionsconfig.o
c:\s3air\oxygen\sonic3air\build\_vstudio\sonic3air-ps3\ps3_debug\optionsentry.o
c:\s3air\oxygen\sonic3air\build\_vstudio\sonic3air-ps3\ps3_debug\optionsmenu.o
c:\s3air\oxygen\sonic3air\build\_vstudio\sonic3air-ps3\ps3_debug\optionsmenuentries.o
c:\s3air\oxygen\sonic3air\build\_vstudio\sonic3air-ps3\ps3_debug\secretunlockedwindow.o
c:\s3air\oxygen\sonic3air\build\_vstudio\sonic3air-ps3\ps3_debug\skippablecutscenewindow.o
c:\s3air\oxygen\sonic3air\build\_vstudio\sonic3air-ps3\ps3_debug\pch.o
c:\s3air\oxygen\sonic3air\build\_vstudio\sonic3air-ps3\ps3_debug\platformspecifics.o
c:\s3air\oxygen\sonic3air\build\_vstudio\sonic3air-ps3\ps3_debug\dynamicsprites.o
c:\s3air\oxygen\sonic3air\build\_vstudio\sonic3air-ps3\ps3_debug\scriptimplementations.o
c:\s3air\oxygen\sonic3air\build\_vstudio\sonic3air-ps3\ps3_debug\sonic3air-ps3.tlog\ps3ppuld64.command.1.tlog
c:\s3air\oxygen\sonic3air\build\_vstudio\sonic3air-ps3\ps3_debug\sonic3air-ps3.tlog\ps3ppuld64.read.1.tlog
c:\s3air\oxygen\sonic3air\build\_vstudio\sonic3air-ps3\ps3_debug\sonic3air-ps3.tlog\ps3ppuld64.write.1.tlog
c:\s3air\oxygen\sonic3air\build\_vstudio\sonic3air-ps3\ps3_debug\sonic3air-ps3.tlog\ps3ppusnc.command.1.tlog
c:\s3air\oxygen\sonic3air\build\_vstudio\sonic3air-ps3\ps3_debug\sonic3air-ps3.tlog\ps3ppusnc.read.1.tlog
c:\s3air\oxygen\sonic3air\build\_vstudio\sonic3air-ps3\ps3_debug\sonic3air-ps3.tlog\ps3ppusnc.write.1.tlog
