c:\s3air\oxygen\sonic3air\build\_vstudio\libivorbis\ps3_debug\analysis.o
c:\s3air\oxygen\sonic3air\build\_vstudio\libivorbis\ps3_debug\bitrate.o
c:\s3air\oxygen\sonic3air\build\_vstudio\libivorbis\ps3_debug\block.o
c:\s3air\oxygen\sonic3air\build\_vstudio\libivorbis\ps3_debug\codebook.o
c:\s3air\oxygen\sonic3air\build\_vstudio\libivorbis\ps3_debug\envelope.o
c:\s3air\oxygen\sonic3air\build\_vstudio\libivorbis\ps3_debug\floor0.o
c:\s3air\oxygen\sonic3air\build\_vstudio\libivorbis\ps3_debug\floor1.o
c:\s3air\oxygen\sonic3air\build\_vstudio\libivorbis\ps3_debug\info.o
c:\s3air\oxygen\sonic3air\build\_vstudio\libivorbis\ps3_debug\lookup.o
c:\s3air\oxygen\sonic3air\build\_vstudio\libivorbis\ps3_debug\lpc.o
c:\s3air\oxygen\sonic3air\build\_vstudio\libivorbis\ps3_debug\lsp.o
c:\s3air\oxygen\sonic3air\build\_vstudio\libivorbis\ps3_debug\mapping0.o
c:\s3air\oxygen\sonic3air\build\_vstudio\libivorbis\ps3_debug\mdct.o
c:\s3air\oxygen\sonic3air\build\_vstudio\libivorbis\ps3_debug\psy.o
c:\s3air\oxygen\sonic3air\build\_vstudio\libivorbis\ps3_debug\registry.o
c:\s3air\oxygen\sonic3air\build\_vstudio\libivorbis\ps3_debug\res0.o
c:\s3air\oxygen\sonic3air\build\_vstudio\libivorbis\ps3_debug\sharedbook.o
c:\s3air\oxygen\sonic3air\build\_vstudio\libivorbis\ps3_debug\smallft.o
c:\s3air\oxygen\sonic3air\build\_vstudio\libivorbis\ps3_debug\synthesis.o
c:\s3air\oxygen\sonic3air\build\_vstudio\libivorbis\ps3_debug\vorbisenc.o
c:\s3air\oxygen\sonic3air\build\_vstudio\libivorbis\ps3_debug\vorbisfile.o
c:\s3air\oxygen\sonic3air\build\_vstudio\libivorbis\ps3_debug\window.o
c:\s3air\oxygen\sonic3air\build\_vstudio\ps3_debug\libivorbis.a
c:\s3air\oxygen\sonic3air\build\_vstudio\libivorbis\ps3_debug\libivorbis.tlog\ps3ppusnc.command.1.tlog
c:\s3air\oxygen\sonic3air\build\_vstudio\libivorbis\ps3_debug\libivorbis.tlog\ps3ppusnc.read.1.tlog
c:\s3air\oxygen\sonic3air\build\_vstudio\libivorbis\ps3_debug\libivorbis.tlog\ps3ppusnc.write.1.tlog
c:\s3air\oxygen\sonic3air\build\_vstudio\libivorbis\ps3_debug\libivorbis.tlog\ps3snarl.command.1.tlog
c:\s3air\oxygen\sonic3air\build\_vstudio\libivorbis\ps3_debug\libivorbis.tlog\ps3snarl.read.1.tlog
c:\s3air\oxygen\sonic3air\build\_vstudio\libivorbis\ps3_debug\libivorbis.tlog\ps3snarl.write.1.tlog
