c:\s3air\oxygen\sonic3air\build\rmxbase\ps3_debug\json_reader.o
c:\s3air\oxygen\sonic3air\build\rmxbase\ps3_debug\json_value.o
c:\s3air\oxygen\sonic3air\build\rmxbase\ps3_debug\json_writer.o
c:\s3air\oxygen\sonic3air\build\rmxbase\ps3_debug\basics.o
c:\s3air\oxygen\sonic3air\build\rmxbase\ps3_debug\errorhandler.o
c:\s3air\oxygen\sonic3air\build\rmxbase\ps3_debug\bitmap.o
c:\s3air\oxygen\sonic3air\build\rmxbase\ps3_debug\bitmapcodecbmp.o
c:\s3air\oxygen\sonic3air\build\rmxbase\ps3_debug\bitmapcodecico.o
c:\s3air\oxygen\sonic3air\build\rmxbase\ps3_debug\bitmapcodecjpg.o
c:\s3air\oxygen\sonic3air\build\rmxbase\ps3_debug\bitmapcodecpng.o
c:\s3air\oxygen\sonic3air\build\rmxbase\ps3_debug\color.o
c:\s3air\oxygen\sonic3air\build\rmxbase\ps3_debug\palettebitmap.o
c:\s3air\oxygen\sonic3air\build\rmxbase\ps3_debug\weakptr.o
c:\s3air\oxygen\sonic3air\build\rmxbase\ps3_debug\filecrawler.o
c:\s3air\oxygen\sonic3air\build\rmxbase\ps3_debug\filehandle.o
c:\s3air\oxygen\sonic3air\build\rmxbase\ps3_debug\fileio.o
c:\s3air\oxygen\sonic3air\build\rmxbase\ps3_debug\fileprovider.o
c:\s3air\oxygen\sonic3air\build\rmxbase\ps3_debug\filesystem.o
c:\s3air\oxygen\sonic3air\build\rmxbase\ps3_debug\jsonhelper.o
c:\s3air\oxygen\sonic3air\build\rmxbase\ps3_debug\realfileprovider.o
c:\s3air\oxygen\sonic3air\build\rmxbase\ps3_debug\math.o
c:\s3air\oxygen\sonic3air\build\rmxbase\ps3_debug\binaryserializer.o
c:\s3air\oxygen\sonic3air\build\rmxbase\ps3_debug\inputstream.o
c:\s3air\oxygen\sonic3air\build\rmxbase\ps3_debug\onetimeallocpool.o
c:\s3air\oxygen\sonic3air\build\rmxbase\ps3_debug\outputstream.o
c:\s3air\oxygen\sonic3air\build\rmxbase\ps3_debug\rc4encryption.o
c:\s3air\oxygen\sonic3air\build\rmxbase\ps3_debug\rmxdeflate.o
c:\s3air\oxygen\sonic3air\build\rmxbase\ps3_debug\string.o
c:\s3air\oxygen\sonic3air\build\rmxbase\ps3_debug\utf8conversion.o
c:\s3air\oxygen\sonic3air\build\rmxbase\ps3_debug\unalignedmemory.o
c:\s3air\oxygen\sonic3air\build\rmxbase\ps3_debug\vectorbinaryserializer.o
c:\s3air\oxygen\sonic3air\build\rmxbase\ps3_debug\zlibdeflate.o
c:\s3air\oxygen\sonic3air\build\rmxbase\ps3_debug\rmxbase.o
c:\s3air\oxygen\sonic3air\build\rmxbase\ps3_debug\logging.o
c:\s3air\oxygen\sonic3air\build\rmxbase\ps3_debug\tools.o
c:\s3air\oxygen\sonic3air\build\_vstudio\ps3_debug\rmxbase.a
c:\s3air\oxygen\sonic3air\build\rmxbase\ps3_debug\rmxbase.tlog\ps3ppusnc.command.1.tlog
c:\s3air\oxygen\sonic3air\build\rmxbase\ps3_debug\rmxbase.tlog\ps3ppusnc.read.1.tlog
c:\s3air\oxygen\sonic3air\build\rmxbase\ps3_debug\rmxbase.tlog\ps3ppusnc.write.1.tlog
c:\s3air\oxygen\sonic3air\build\rmxbase\ps3_debug\rmxbase.tlog\ps3snarl.command.1.tlog
c:\s3air\oxygen\sonic3air\build\rmxbase\ps3_debug\rmxbase.tlog\ps3snarl.read.1.tlog
c:\s3air\oxygen\sonic3air\build\rmxbase\ps3_debug\rmxbase.tlog\ps3snarl.write.1.tlog
