c:\s3air\oxygen\sonic3air\build\_vstudio\oxygen-ps3\ps3_debug\application.o
c:\s3air\oxygen\sonic3air\build\_vstudio\oxygen-ps3\ps3_debug\configuration.o
c:\s3air\oxygen\sonic3air\build\_vstudio\oxygen-ps3\ps3_debug\enginemain.o
c:\s3air\oxygen\sonic3air\build\_vstudio\oxygen-ps3\ps3_debug\gameloader.o
c:\s3air\oxygen\sonic3air\build\_vstudio\oxygen-ps3\ps3_debug\gameprofile.o
c:\s3air\oxygen\sonic3air\build\_vstudio\oxygen-ps3\ps3_debug\audiocollection.o
c:\s3air\oxygen\sonic3air\build\_vstudio\oxygen-ps3\ps3_debug\audiooutbase.o
c:\s3air\oxygen\sonic3air\build\_vstudio\oxygen-ps3\ps3_debug\audioplayer.o
c:\s3air\oxygen\sonic3air\build\_vstudio\oxygen-ps3\ps3_debug\audiosourcebase.o
c:\s3air\oxygen\sonic3air\build\_vstudio\oxygen-ps3\ps3_debug\audiosourcemanager.o
c:\s3air\oxygen\sonic3air\build\_vstudio\oxygen-ps3\ps3_debug\emulationaudiosource.o
c:\s3air\oxygen\sonic3air\build\_vstudio\oxygen-ps3\ps3_debug\oggaudiosource.o
c:\s3air\oxygen\sonic3air\build\_vstudio\oxygen-ps3\ps3_debug\gameview.o
c:\s3air\oxygen\sonic3air\build\_vstudio\oxygen-ps3\ps3_debug\controlsin.o
c:\s3air\oxygen\sonic3air\build\_vstudio\oxygen-ps3\ps3_debug\inputconfig.o
c:\s3air\oxygen\sonic3air\build\_vstudio\oxygen-ps3\ps3_debug\inputmanager.o
c:\s3air\oxygen\sonic3air\build\_vstudio\oxygen-ps3\ps3_debug\inputrecorder.o
c:\s3air\oxygen\sonic3air\build\_vstudio\oxygen-ps3\ps3_debug\rumbleeffectqueue.o
c:\s3air\oxygen\sonic3air\build\_vstudio\oxygen-ps3\ps3_debug\gamesetupscreen.o
c:\s3air\oxygen\sonic3air\build\_vstudio\oxygen-ps3\ps3_debug\menuitems.o
c:\s3air\oxygen\sonic3air\build\_vstudio\oxygen-ps3\ps3_debug\oxygenmenu.o
c:\s3air\oxygen\sonic3air\build\_vstudio\oxygen-ps3\ps3_debug\mod.o
c:\s3air\oxygen\sonic3air\build\_vstudio\oxygen-ps3\ps3_debug\modmanager.o
c:\s3air\oxygen\sonic3air\build\_vstudio\oxygen-ps3\ps3_debug\backdropview.o
c:\s3air\oxygen\sonic3air\build\_vstudio\oxygen-ps3\ps3_debug\cheatsheetoverlay.o
c:\s3air\oxygen\sonic3air\build\_vstudio\oxygen-ps3\ps3_debug\debuglogview.o
c:\s3air\oxygen\sonic3air\build\_vstudio\oxygen-ps3\ps3_debug\debugsidepanel.o
c:\s3air\oxygen\sonic3air\build\_vstudio\oxygen-ps3\ps3_debug\debugsidepanelcategory.o
c:\s3air\oxygen\sonic3air\build\_vstudio\oxygen-ps3\ps3_debug\memoryhexview.o
c:\s3air\oxygen\sonic3air\build\_vstudio\oxygen-ps3\ps3_debug\profilingview.o
c:\s3air\oxygen\sonic3air\build\_vstudio\oxygen-ps3\ps3_debug\savestatemenu.o
c:\s3air\oxygen\sonic3air\build\_vstudio\oxygen-ps3\ps3_debug\touchcontrolsoverlay.o
c:\s3air\oxygen\sonic3air\build\_vstudio\oxygen-ps3\ps3_debug\videoout.o
c:\s3air\oxygen\sonic3air\build\_vstudio\oxygen-ps3\ps3_debug\downloadmanager.o
c:\s3air\oxygen\sonic3air\build\_vstudio\oxygen-ps3\ps3_debug\downloader.o
c:\s3air\oxygen\sonic3air\build\_vstudio\oxygen-ps3\ps3_debug\drawcollection.o
c:\s3air\oxygen\sonic3air\build\_vstudio\oxygen-ps3\ps3_debug\drawcommand.o
c:\s3air\oxygen\sonic3air\build\_vstudio\oxygen-ps3\ps3_debug\drawer.o
c:\s3air\oxygen\sonic3air\build\_vstudio\oxygen-ps3\ps3_debug\drawertexture.o
c:\s3air\oxygen\sonic3air\build\_vstudio\oxygen-ps3\ps3_debug\opengldrawer.o
c:\s3air\oxygen\sonic3air\build\_vstudio\oxygen-ps3\ps3_debug\opengldrawerresources.o
c:\s3air\oxygen\sonic3air\build\_vstudio\oxygen-ps3\ps3_debug\opengldrawertexture.o
c:\s3air\oxygen\sonic3air\build\_vstudio\oxygen-ps3\ps3_debug\openglspritetexturemanager.o
c:\s3air\oxygen\sonic3air\build\_vstudio\oxygen-ps3\ps3_debug\opengltexture.o
c:\s3air\oxygen\sonic3air\build\_vstudio\oxygen-ps3\ps3_debug\openglupscaler.o
c:\s3air\oxygen\sonic3air\build\_vstudio\oxygen-ps3\ps3_debug\blitter.o
c:\s3air\oxygen\sonic3air\build\_vstudio\oxygen-ps3\ps3_debug\softwaredrawer.o
c:\s3air\oxygen\sonic3air\build\_vstudio\oxygen-ps3\ps3_debug\softwaredrawertexture.o
c:\s3air\oxygen\sonic3air\build\_vstudio\oxygen-ps3\ps3_debug\softwarerasterizer.o
c:\s3air\oxygen\sonic3air\build\_vstudio\oxygen-ps3\ps3_debug\filepackage.o
c:\s3air\oxygen\sonic3air\build\_vstudio\oxygen-ps3\ps3_debug\filestructuretree.o
c:\s3air\oxygen\sonic3air\build\_vstudio\oxygen-ps3\ps3_debug\packedfileprovider.o
c:\s3air\oxygen\sonic3air\build\_vstudio\oxygen-ps3\ps3_debug\zipfileprovider.o
c:\s3air\oxygen\sonic3air\build\_vstudio\oxygen-ps3\ps3_debug\bitstream.o
c:\s3air\oxygen\sonic3air\build\_vstudio\oxygen-ps3\ps3_debug\filehelper.o
c:\s3air\oxygen\sonic3air\build\_vstudio\oxygen-ps3\ps3_debug\highresolutiontimer.o
c:\s3air\oxygen\sonic3air\build\_vstudio\oxygen-ps3\ps3_debug\jsonhelper.o
c:\s3air\oxygen\sonic3air\build\_vstudio\oxygen-ps3\ps3_debug\jsonserializer.o
c:\s3air\oxygen\sonic3air\build\_vstudio\oxygen-ps3\ps3_debug\logging.o
c:\s3air\oxygen\sonic3air\build\_vstudio\oxygen-ps3\ps3_debug\profiling.o
c:\s3air\oxygen\sonic3air\build\_vstudio\oxygen-ps3\ps3_debug\randomnumbergenerator.o
c:\s3air\oxygen\sonic3air\build\_vstudio\oxygen-ps3\ps3_debug\textinputhandler.o
c:\s3air\oxygen\sonic3air\build\_vstudio\oxygen-ps3\ps3_debug\transform2d.o
c:\s3air\oxygen\sonic3air\build\_vstudio\oxygen-ps3\ps3_debug\utils.o
c:\s3air\oxygen\sonic3air\build\_vstudio\oxygen-ps3\ps3_debug\devmodemainwindow.o
c:\s3air\oxygen\sonic3air\build\_vstudio\oxygen-ps3\ps3_debug\devmodewindowbase.o
c:\s3air\oxygen\sonic3air\build\_vstudio\oxygen-ps3\ps3_debug\audiobrowserwindow.o
c:\s3air\oxygen\sonic3air\build\_vstudio\oxygen-ps3\ps3_debug\callframeswindow.o
c:\s3air\oxygen\sonic3air\build\_vstudio\oxygen-ps3\ps3_debug\customsidepanelwindow.o
c:\s3air\oxygen\sonic3air\build\_vstudio\oxygen-ps3\ps3_debug\debuglogwindow.o
c:\s3air\oxygen\sonic3air\build\_vstudio\oxygen-ps3\ps3_debug\filebrowserwindow.o
c:\s3air\oxygen\sonic3air\build\_vstudio\oxygen-ps3\ps3_debug\gamesimwindow.o
c:\s3air\oxygen\sonic3air\build\_vstudio\oxygen-ps3\ps3_debug\gamevisualizationswindow.o
c:\s3air\oxygen\sonic3air\build\_vstudio\oxygen-ps3\ps3_debug\memoryhexviewwindow.o
c:\s3air\oxygen\sonic3air\build\_vstudio\oxygen-ps3\ps3_debug\networkingwindow.o
c:\s3air\oxygen\sonic3air\build\_vstudio\oxygen-ps3\ps3_debug\palettebrowserwindow.o
c:\s3air\oxygen\sonic3air\build\_vstudio\oxygen-ps3\ps3_debug\paletteviewwindow.o
c:\s3air\oxygen\sonic3air\build\_vstudio\oxygen-ps3\ps3_debug\persistentdatawindow.o
c:\s3air\oxygen\sonic3air\build\_vstudio\oxygen-ps3\ps3_debug\renderedgeometrywindow.o
c:\s3air\oxygen\sonic3air\build\_vstudio\oxygen-ps3\ps3_debug\scriptbuildwindow.o
c:\s3air\oxygen\sonic3air\build\_vstudio\oxygen-ps3\ps3_debug\settingswindow.o
c:\s3air\oxygen\sonic3air\build\_vstudio\oxygen-ps3\ps3_debug\spritebrowserwindow.o
c:\s3air\oxygen\sonic3air\build\_vstudio\oxygen-ps3\ps3_debug\vramwriteswindow.o
c:\s3air\oxygen\sonic3air\build\_vstudio\oxygen-ps3\ps3_debug\watcheswindow.o
c:\s3air\oxygen\sonic3air\build\_vstudio\oxygen-ps3\ps3_debug\imguiextensions.o
c:\s3air\oxygen\sonic3air\build\_vstudio\oxygen-ps3\ps3_debug\imguihelpers.o
c:\s3air\oxygen\sonic3air\build\_vstudio\oxygen-ps3\ps3_debug\imguiintegration.o
c:\s3air\oxygen\sonic3air\build\_vstudio\oxygen-ps3\ps3_debug\imguimanager.o
c:\s3air\oxygen\sonic3air\build\_vstudio\oxygen-ps3\ps3_debug\imguisoftwarerenderer.o
c:\s3air\oxygen\sonic3air\build\_vstudio\oxygen-ps3\ps3_debug\imguifilebrowser.o
c:\s3air\oxygen\sonic3air\build\_vstudio\oxygen-ps3\ps3_debug\engineserverclient.o
c:\s3air\oxygen\sonic3air\build\_vstudio\oxygen-ps3\ps3_debug\externaladdressquery.o
c:\s3air\oxygen\sonic3air\build\_vstudio\oxygen-ps3\ps3_debug\netplayclient.o
c:\s3air\oxygen\sonic3air\build\_vstudio\oxygen-ps3\ps3_debug\netplayhost.o
c:\s3air\oxygen\sonic3air\build\_vstudio\oxygen-ps3\ps3_debug\netplaymanager.o
c:\s3air\oxygen\sonic3air\build\_vstudio\oxygen-ps3\ps3_debug\pch.o
c:\s3air\oxygen\sonic3air\build\_vstudio\oxygen-ps3\ps3_debug\crashhandler.o
c:\s3air\oxygen\sonic3air\build\_vstudio\oxygen-ps3\ps3_debug\platformfunctions.o
c:\s3air\oxygen\sonic3air\build\_vstudio\oxygen-ps3\ps3_debug\androidjnihelper.o
c:\s3air\oxygen\sonic3air\build\_vstudio\oxygen-ps3\ps3_debug\androidjavainterface.o
c:\s3air\oxygen\sonic3air\build\_vstudio\oxygen-ps3\ps3_debug\geometry.o
c:\s3air\oxygen\sonic3air\build\_vstudio\oxygen-ps3\ps3_debug\renderresources.o
c:\s3air\oxygen\sonic3air\build\_vstudio\oxygen-ps3\ps3_debug\renderer.o
c:\s3air\oxygen\sonic3air\build\_vstudio\oxygen-ps3\ps3_debug\openglrenderresources.o
c:\s3air\oxygen\sonic3air\build\_vstudio\oxygen-ps3\ps3_debug\openglrenderer.o
c:\s3air\oxygen\sonic3air\build\_vstudio\oxygen-ps3\ps3_debug\debugdrawplaneshader.o
c:\s3air\oxygen\sonic3air\build\_vstudio\oxygen-ps3\ps3_debug\openglshader.o
c:\s3air\oxygen\sonic3air\build\_vstudio\oxygen-ps3\ps3_debug\postfxblurshader.o
c:\s3air\oxygen\sonic3air\build\_vstudio\oxygen-ps3\ps3_debug\rendercomponentspriteshader.o
c:\s3air\oxygen\sonic3air\build\_vstudio\oxygen-ps3\ps3_debug\renderpalettespriteshader.o
c:\s3air\oxygen\sonic3air\build\_vstudio\oxygen-ps3\ps3_debug\renderplaneshader.o
c:\s3air\oxygen\sonic3air\build\_vstudio\oxygen-ps3\ps3_debug\rendervdpspriteshader.o
c:\s3air\oxygen\sonic3air\build\_vstudio\oxygen-ps3\ps3_debug\simplecopyscreenshader.o
c:\s3air\oxygen\sonic3air\build\_vstudio\oxygen-ps3\ps3_debug\simplerectcoloredshader.o
c:\s3air\oxygen\sonic3air\build\_vstudio\oxygen-ps3\ps3_debug\simplerectindexedshader.o
c:\s3air\oxygen\sonic3air\build\_vstudio\oxygen-ps3\ps3_debug\simplerectoverdrawshader.o
c:\s3air\oxygen\sonic3air\build\_vstudio\oxygen-ps3\ps3_debug\simplerecttexturedshader.o
c:\s3air\oxygen\sonic3air\build\_vstudio\oxygen-ps3\ps3_debug\simplerecttextureduvshader.o
c:\s3air\oxygen\sonic3air\build\_vstudio\oxygen-ps3\ps3_debug\simplerectvertexcolorshader.o
c:\s3air\oxygen\sonic3air\build\_vstudio\oxygen-ps3\ps3_debug\patternmanager.o
c:\s3air\oxygen\sonic3air\build\_vstudio\oxygen-ps3\ps3_debug\planemanager.o
c:\s3air\oxygen\sonic3air\build\_vstudio\oxygen-ps3\ps3_debug\renderitem.o
c:\s3air\oxygen\sonic3air\build\_vstudio\oxygen-ps3\ps3_debug\renderparts.o
c:\s3air\oxygen\sonic3air\build\_vstudio\oxygen-ps3\ps3_debug\scrolloffsetsmanager.o
c:\s3air\oxygen\sonic3air\build\_vstudio\oxygen-ps3\ps3_debug\spritemanager.o
c:\s3air\oxygen\sonic3air\build\_vstudio\oxygen-ps3\ps3_debug\palette.o
c:\s3air\oxygen\sonic3air\build\_vstudio\oxygen-ps3\ps3_debug\palettemanager.o
c:\s3air\oxygen\sonic3air\build\_vstudio\oxygen-ps3\ps3_debug\softwarerenderer.o
c:\s3air\oxygen\sonic3air\build\_vstudio\oxygen-ps3\ps3_debug\componentsprite.o
c:\s3air\oxygen\sonic3air\build\_vstudio\oxygen-ps3\ps3_debug\palettesprite.o
c:\s3air\oxygen\sonic3air\build\_vstudio\oxygen-ps3\ps3_debug\spritedump.o
c:\s3air\oxygen\sonic3air\build\_vstudio\oxygen-ps3\ps3_debug\buffertexture.o
c:\s3air\oxygen\sonic3air\build\_vstudio\oxygen-ps3\ps3_debug\kosinski.o
c:\s3air\oxygen\sonic3air\build\_vstudio\oxygen-ps3\ps3_debug\renderutils.o
c:\s3air\oxygen\sonic3air\build\_vstudio\oxygen-ps3\ps3_debug\fontcollection.o
c:\s3air\oxygen\sonic3air\build\_vstudio\oxygen-ps3\ps3_debug\palettecollection.o
c:\s3air\oxygen\sonic3air\build\_vstudio\oxygen-ps3\ps3_debug\printedtextcache.o
c:\s3air\oxygen\sonic3air\build\_vstudio\oxygen-ps3\ps3_debug\rawdatacollection.o
c:\s3air\oxygen\sonic3air\build\_vstudio\oxygen-ps3\ps3_debug\resourcescache.o
c:\s3air\oxygen\sonic3air\build\_vstudio\oxygen-ps3\ps3_debug\spritecollection.o
c:\s3air\oxygen\sonic3air\build\_vstudio\oxygen-ps3\ps3_debug\codeexec.o
c:\s3air\oxygen\sonic3air\build\_vstudio\oxygen-ps3\ps3_debug\emulatorinterface.o
c:\s3air\oxygen\sonic3air\build\_vstudio\oxygen-ps3\ps3_debug\gamerecorder.o
c:\s3air\oxygen\sonic3air\build\_vstudio\oxygen-ps3\ps3_debug\lemonscriptprogram.o
c:\s3air\oxygen\sonic3air\build\_vstudio\oxygen-ps3\ps3_debug\lemonscriptruntime.o
c:\s3air\oxygen\sonic3air\build\_vstudio\oxygen-ps3\ps3_debug\logdisplay.o
c:\s3air\oxygen\sonic3air\build\_vstudio\oxygen-ps3\ps3_debug\persistentdata.o
c:\s3air\oxygen\sonic3air\build\_vstudio\oxygen-ps3\ps3_debug\savestateserializer.o
c:\s3air\oxygen\sonic3air\build\_vstudio\oxygen-ps3\ps3_debug\simulation.o
c:\s3air\oxygen\sonic3air\build\_vstudio\oxygen-ps3\ps3_debug\simulationstate.o
c:\s3air\oxygen\sonic3air\build\_vstudio\oxygen-ps3\ps3_debug\romdataanalyser.o
c:\s3air\oxygen\sonic3air\build\_vstudio\oxygen-ps3\ps3_debug\lemonscriptbindings.o
c:\s3air\oxygen\sonic3air\build\_vstudio\oxygen-ps3\ps3_debug\rendererbindings.o
c:\s3air\oxygen\sonic3air\build\_vstudio\oxygen-ps3\ps3_debug\debugtracking.o
c:\s3air\oxygen\sonic3air\build\_vstudio\oxygen-ps3\ps3_debug\sounddriver.o
c:\s3air\oxygen\sonic3air\build\_vstudio\oxygen-ps3\ps3_debug\soundemulation.o
c:\s3air\oxygen\sonic3air\build\_vstudio\oxygen-ps3\ps3_debug\blip_buf.o
c:\s3air\oxygen\sonic3air\build\_vstudio\oxygen-ps3\ps3_debug\sn76489.o
c:\s3air\oxygen\sonic3air\build\_vstudio\oxygen-ps3\ps3_debug\ym2612.o
c:\s3air\oxygen\sonic3air\build\_vstudio\ps3_debug\oxygen-ps3.a
c:\s3air\oxygen\sonic3air\build\_vstudio\oxygen-ps3\ps3_debug\oxygen-ps3.tlog\ps3ppusnc.command.1.tlog
c:\s3air\oxygen\sonic3air\build\_vstudio\oxygen-ps3\ps3_debug\oxygen-ps3.tlog\ps3ppusnc.read.1.tlog
c:\s3air\oxygen\sonic3air\build\_vstudio\oxygen-ps3\ps3_debug\oxygen-ps3.tlog\ps3ppusnc.write.1.tlog
c:\s3air\oxygen\sonic3air\build\_vstudio\oxygen-ps3\ps3_debug\oxygen-ps3.tlog\ps3snarl.command.1.tlog
c:\s3air\oxygen\sonic3air\build\_vstudio\oxygen-ps3\ps3_debug\oxygen-ps3.tlog\ps3snarl.read.1.tlog
c:\s3air\oxygen\sonic3air\build\_vstudio\oxygen-ps3\ps3_debug\oxygen-ps3.tlog\ps3snarl.write.1.tlog
