Build started 4/9/2026 14:50:42.
     1>Project "C:\s3air\Oxygen\sonic3air\build\_vstudio\oxygen_netcore-ps3\oxygen_netcore-ps3.vcxproj" on node 2 (Build target(s)).
     1>ClCompile:
         ConnectionManager.cpp
         ps3ppusnc.exe -D_DEBUG -D__CELL_ASSERT__ -D__CELLOS_LV2__ -D__ppc__ -D__PPU__ -DRMX_PLATFORM_PS3 -DRMX_NO_GLEW -DRMX_NO_IMGUI -DUSE_GLES -DIMGUI_DISABLE_DEFAULT_SHELL_FUNCTIONS -DJSONCPP_NO_LOCALE_SUPPORT -DJSON_USE_EXCEPTION=0 -D__PS3__ -o PS3_Debug\ConnectionManager.o -c -Xdepmode=1 -MD -Xmserrors -IC:\s3air\librmx\source -IC:\s3air\framework\external\zlib\zlib -I"C:\s3air\framework\external\ogg-vorbis\libvorbis\include" -I"C:\s3air\framework\external\ogg-vorbis\libogg\include" -IC:\s3air\Oxygen\lemonscript\source -IC:\s3air\Oxygen\oxygenengine\source -IC:\s3air\framework\external\zlib\zlib\contrib\minizip -I. -IC:/usr/local/cell\target\ppu\include -IC:/usr/local/cell\target\common\include -I"C:/usr/local/cell\host-win32\sn\ppu\include" -g -O0 -Xstd=cpp11 -Xc-=rtti C:\s3air\Oxygen\oxygenengine\source\oxygen_netcore\network\ConnectionManager.cpp
         CryptoFunctions.cpp
         ps3ppusnc.exe -D_DEBUG -D__CELL_ASSERT__ -D__CELLOS_LV2__ -D__ppc__ -D__PPU__ -DRMX_PLATFORM_PS3 -DRMX_NO_GLEW -DRMX_NO_IMGUI -DUSE_GLES -DIMGUI_DISABLE_DEFAULT_SHELL_FUNCTIONS -DJSONCPP_NO_LOCALE_SUPPORT -DJSON_USE_EXCEPTION=0 -D__PS3__ -o PS3_Debug\CryptoFunctions.o -c -Xdepmode=1 -MD -Xmserrors -IC:\s3air\librmx\source -IC:\s3air\framework\external\zlib\zlib -I"C:\s3air\framework\external\ogg-vorbis\libvorbis\include" -I"C:\s3air\framework\external\ogg-vorbis\libogg\include" -IC:\s3air\Oxygen\lemonscript\source -IC:\s3air\Oxygen\oxygenengine\source -IC:\s3air\framework\external\zlib\zlib\contrib\minizip -I. -IC:/usr/local/cell\target\ppu\include -IC:/usr/local/cell\target\common\include -I"C:/usr/local/cell\host-win32\sn\ppu\include" -g -O0 -Xstd=cpp11 -Xc-=rtti C:\s3air\Oxygen\oxygenengine\source\oxygen_netcore\network\internal\CryptoFunctions.cpp
         ReceivedPacketCache.cpp
         ps3ppusnc.exe -D_DEBUG -D__CELL_ASSERT__ -D__CELLOS_LV2__ -D__ppc__ -D__PPU__ -DRMX_PLATFORM_PS3 -DRMX_NO_GLEW -DRMX_NO_IMGUI -DUSE_GLES -DIMGUI_DISABLE_DEFAULT_SHELL_FUNCTIONS -DJSONCPP_NO_LOCALE_SUPPORT -DJSON_USE_EXCEPTION=0 -D__PS3__ -o PS3_Debug\ReceivedPacketCache.o -c -Xdepmode=1 -MD -Xmserrors -IC:\s3air\librmx\source -IC:\s3air\framework\external\zlib\zlib -I"C:\s3air\framework\external\ogg-vorbis\libvorbis\include" -I"C:\s3air\framework\external\ogg-vorbis\libogg\include" -IC:\s3air\Oxygen\lemonscript\source -IC:\s3air\Oxygen\oxygenengine\source -IC:\s3air\framework\external\zlib\zlib\contrib\minizip -I. -IC:/usr/local/cell\target\ppu\include -IC:/usr/local/cell\target\common\include -I"C:/usr/local/cell\host-win32\sn\ppu\include" -g -O0 -Xstd=cpp11 -Xc-=rtti C:\s3air\Oxygen\oxygenengine\source\oxygen_netcore\network\internal\ReceivedPacketCache.cpp
         SentPacketCache.cpp
         ps3ppusnc.exe -D_DEBUG -D__CELL_ASSERT__ -D__CELLOS_LV2__ -D__ppc__ -D__PPU__ -DRMX_PLATFORM_PS3 -DRMX_NO_GLEW -DRMX_NO_IMGUI -DUSE_GLES -DIMGUI_DISABLE_DEFAULT_SHELL_FUNCTIONS -DJSONCPP_NO_LOCALE_SUPPORT -DJSON_USE_EXCEPTION=0 -D__PS3__ -o PS3_Debug\SentPacketCache.o -c -Xdepmode=1 -MD -Xmserrors -IC:\s3air\librmx\source -IC:\s3air\framework\external\zlib\zlib -I"C:\s3air\framework\external\ogg-vorbis\libvorbis\include" -I"C:\s3air\framework\external\ogg-vorbis\libogg\include" -IC:\s3air\Oxygen\lemonscript\source -IC:\s3air\Oxygen\oxygenengine\source -IC:\s3air\framework\external\zlib\zlib\contrib\minizip -I. -IC:/usr/local/cell\target\ppu\include -IC:/usr/local/cell\target\common\include -I"C:/usr/local/cell\host-win32\sn\ppu\include" -g -O0 -Xstd=cpp11 -Xc-=rtti C:\s3air\Oxygen\oxygenengine\source\oxygen_netcore\network\internal\SentPacketCache.cpp
         WebSocketClient.cpp
         ps3ppusnc.exe -D_DEBUG -D__CELL_ASSERT__ -D__CELLOS_LV2__ -D__ppc__ -D__PPU__ -DRMX_PLATFORM_PS3 -DRMX_NO_GLEW -DRMX_NO_IMGUI -DUSE_GLES -DIMGUI_DISABLE_DEFAULT_SHELL_FUNCTIONS -DJSONCPP_NO_LOCALE_SUPPORT -DJSON_USE_EXCEPTION=0 -D__PS3__ -o PS3_Debug\WebSocketClient.o -c -Xdepmode=1 -MD -Xmserrors -IC:\s3air\librmx\source -IC:\s3air\framework\external\zlib\zlib -I"C:\s3air\framework\external\ogg-vorbis\libvorbis\include" -I"C:\s3air\framework\external\ogg-vorbis\libogg\include" -IC:\s3air\Oxygen\lemonscript\source -IC:\s3air\Oxygen\oxygenengine\source -IC:\s3air\framework\external\zlib\zlib\contrib\minizip -I. -IC:/usr/local/cell\target\ppu\include -IC:/usr/local/cell\target\common\include -I"C:/usr/local/cell\host-win32\sn\ppu\include" -g -O0 -Xstd=cpp11 -Xc-=rtti C:\s3air\Oxygen\oxygenengine\source\oxygen_netcore\network\internal\WebSocketClient.cpp
     1>C:\s3air\Oxygen\oxygenengine\source\oxygen_netcore\network\internal\WebSocketClient.cpp(18,20): warning 178: variable "<unnamed>::WEBSOCKET_PROTOCOL" was declared but never referenced
         
         WebSocketWrapper.cpp
         ps3ppusnc.exe -D_DEBUG -D__CELL_ASSERT__ -D__CELLOS_LV2__ -D__ppc__ -D__PPU__ -DRMX_PLATFORM_PS3 -DRMX_NO_GLEW -DRMX_NO_IMGUI -DUSE_GLES -DIMGUI_DISABLE_DEFAULT_SHELL_FUNCTIONS -DJSONCPP_NO_LOCALE_SUPPORT -DJSON_USE_EXCEPTION=0 -D__PS3__ -o PS3_Debug\WebSocketWrapper.o -c -Xdepmode=1 -MD -Xmserrors -IC:\s3air\librmx\source -IC:\s3air\framework\external\zlib\zlib -I"C:\s3air\framework\external\ogg-vorbis\libvorbis\include" -I"C:\s3air\framework\external\ogg-vorbis\libogg\include" -IC:\s3air\Oxygen\lemonscript\source -IC:\s3air\Oxygen\oxygenengine\source -IC:\s3air\framework\external\zlib\zlib\contrib\minizip -I. -IC:/usr/local/cell\target\ppu\include -IC:/usr/local/cell\target\common\include -I"C:/usr/local/cell\host-win32\sn\ppu\include" -g -O0 -Xstd=cpp11 -Xc-=rtti C:\s3air\Oxygen\oxygenengine\source\oxygen_netcore\network\internal\WebSocketWrapper.cpp
     1>C:\s3air\Oxygen\oxygenengine\source\oxygen_netcore\network\internal\WebSocketWrapper.cpp(83,13): warning 178: variable "opcode" was declared but never referenced
         
         NetConnection.cpp
         ps3ppusnc.exe -D_DEBUG -D__CELL_ASSERT__ -D__CELLOS_LV2__ -D__ppc__ -D__PPU__ -DRMX_PLATFORM_PS3 -DRMX_NO_GLEW -DRMX_NO_IMGUI -DUSE_GLES -DIMGUI_DISABLE_DEFAULT_SHELL_FUNCTIONS -DJSONCPP_NO_LOCALE_SUPPORT -DJSON_USE_EXCEPTION=0 -D__PS3__ -o PS3_Debug\NetConnection.o -c -Xdepmode=1 -MD -Xmserrors -IC:\s3air\librmx\source -IC:\s3air\framework\external\zlib\zlib -I"C:\s3air\framework\external\ogg-vorbis\libvorbis\include" -I"C:\s3air\framework\external\ogg-vorbis\libogg\include" -IC:\s3air\Oxygen\lemonscript\source -IC:\s3air\Oxygen\oxygenengine\source -IC:\s3air\framework\external\zlib\zlib\contrib\minizip -I. -IC:/usr/local/cell\target\ppu\include -IC:/usr/local/cell\target\common\include -I"C:/usr/local/cell\host-win32\sn\ppu\include" -g -O0 -Xstd=cpp11 -Xc-=rtti C:\s3air\Oxygen\oxygenengine\source\oxygen_netcore\network\NetConnection.cpp
         RequestBase.cpp
         ps3ppusnc.exe -D_DEBUG -D__CELL_ASSERT__ -D__CELLOS_LV2__ -D__ppc__ -D__PPU__ -DRMX_PLATFORM_PS3 -DRMX_NO_GLEW -DRMX_NO_IMGUI -DUSE_GLES -DIMGUI_DISABLE_DEFAULT_SHELL_FUNCTIONS -DJSONCPP_NO_LOCALE_SUPPORT -DJSON_USE_EXCEPTION=0 -D__PS3__ -o PS3_Debug\RequestBase.o -c -Xdepmode=1 -MD -Xmserrors -IC:\s3air\librmx\source -IC:\s3air\framework\external\zlib\zlib -I"C:\s3air\framework\external\ogg-vorbis\libvorbis\include" -I"C:\s3air\framework\external\ogg-vorbis\libogg\include" -IC:\s3air\Oxygen\lemonscript\source -IC:\s3air\Oxygen\oxygenengine\source -IC:\s3air\framework\external\zlib\zlib\contrib\minizip -I. -IC:/usr/local/cell\target\ppu\include -IC:/usr/local/cell\target\common\include -I"C:/usr/local/cell\host-win32\sn\ppu\include" -g -O0 -Xstd=cpp11 -Xc-=rtti C:\s3air\Oxygen\oxygenengine\source\oxygen_netcore\network\RequestBase.cpp
         Sockets.cpp
         ps3ppusnc.exe -D_DEBUG -D__CELL_ASSERT__ -D__CELLOS_LV2__ -D__ppc__ -D__PPU__ -DRMX_PLATFORM_PS3 -DRMX_NO_GLEW -DRMX_NO_IMGUI -DUSE_GLES -DIMGUI_DISABLE_DEFAULT_SHELL_FUNCTIONS -DJSONCPP_NO_LOCALE_SUPPORT -DJSON_USE_EXCEPTION=0 -D__PS3__ -o PS3_Debug\Sockets.o -c -Xdepmode=1 -MD -Xmserrors -IC:\s3air\librmx\source -IC:\s3air\framework\external\zlib\zlib -I"C:\s3air\framework\external\ogg-vorbis\libvorbis\include" -I"C:\s3air\framework\external\ogg-vorbis\libogg\include" -IC:\s3air\Oxygen\lemonscript\source -IC:\s3air\Oxygen\oxygenengine\source -IC:\s3air\framework\external\zlib\zlib\contrib\minizip -I. -IC:/usr/local/cell\target\ppu\include -IC:/usr/local/cell\target\common\include -I"C:/usr/local/cell\host-win32\sn\ppu\include" -g -O0 -Xstd=cpp11 -Xc-=rtti C:\s3air\Oxygen\oxygenengine\source\oxygen_netcore\network\Sockets.cpp
         pch.cpp
         ps3ppusnc.exe -D_DEBUG -D__CELL_ASSERT__ -D__CELLOS_LV2__ -D__ppc__ -D__PPU__ -DRMX_PLATFORM_PS3 -DRMX_NO_GLEW -DRMX_NO_IMGUI -DUSE_GLES -DIMGUI_DISABLE_DEFAULT_SHELL_FUNCTIONS -DJSONCPP_NO_LOCALE_SUPPORT -DJSON_USE_EXCEPTION=0 -D__PS3__ -o PS3_Debug\pch.o -c -Xdepmode=1 -MD -Xmserrors -IC:\s3air\librmx\source -IC:\s3air\framework\external\zlib\zlib -I"C:\s3air\framework\external\ogg-vorbis\libvorbis\include" -I"C:\s3air\framework\external\ogg-vorbis\libogg\include" -IC:\s3air\Oxygen\lemonscript\source -IC:\s3air\Oxygen\oxygenengine\source -IC:\s3air\framework\external\zlib\zlib\contrib\minizip -I. -IC:/usr/local/cell\target\ppu\include -IC:/usr/local/cell\target\common\include -I"C:/usr/local/cell\host-win32\sn\ppu\include" -g -O0 -Xstd=cpp11 -Xc-=rtti C:\s3air\Oxygen\oxygenengine\source\oxygen_netcore\pch.cpp
       Lib:
         C:\usr\local\cell\host-win32\sn\bin\ps3snarl.exe create C:\s3air\Oxygen\sonic3air\build\_vstudio\PS3_Debug\oxygen_netcore-ps3.a
         addmod PS3_Debug\ConnectionManager.o
         addmod PS3_Debug\CryptoFunctions.o
         addmod PS3_Debug\ReceivedPacketCache.o
         addmod PS3_Debug\SentPacketCache.o
         addmod PS3_Debug\WebSocketClient.o
         addmod PS3_Debug\WebSocketWrapper.o
         addmod PS3_Debug\NetConnection.o
         addmod PS3_Debug\RequestBase.o
         addmod PS3_Debug\Sockets.o
         addmod PS3_Debug\pch.o
         save
         end
         oxygen_netcore-ps3.vcxproj -> C:\s3air\Oxygen\sonic3air\build\_vstudio\PS3_Debug\oxygen_netcore-ps3.a
     1>Done Building Project "C:\s3air\Oxygen\sonic3air\build\_vstudio\oxygen_netcore-ps3\oxygen_netcore-ps3.vcxproj" (Build target(s)).

Build succeeded.

Time Elapsed 00:00:07.02
