c:\s3air\oxygen\sonic3air\build\_vstudio\oxygen-ps3\oxygen-ps3_\application.o
c:\s3air\oxygen\sonic3air\build\_vstudio\oxygen-ps3\oxygen-ps3_\configuration.o
c:\s3air\oxygen\sonic3air\build\_vstudio\oxygen-ps3\oxygen-ps3_\enginemain.o
c:\s3air\oxygen\sonic3air\build\_vstudio\oxygen-ps3\oxygen-ps3_\gameloader.o
c:\s3air\oxygen\sonic3air\build\_vstudio\oxygen-ps3\oxygen-ps3_\gameprofile.o
c:\s3air\oxygen\sonic3air\build\_vstudio\oxygen-ps3\oxygen-ps3_\audiocollection.o
c:\s3air\oxygen\sonic3air\build\_vstudio\oxygen-ps3\oxygen-ps3_\audiooutbase.o
c:\s3air\oxygen\sonic3air\build\_vstudio\oxygen-ps3\oxygen-ps3_\audioplayer.o
c:\s3air\oxygen\sonic3air\build\_vstudio\oxygen-ps3\oxygen-ps3_\audiosourcebase.o
c:\s3air\oxygen\sonic3air\build\_vstudio\oxygen-ps3\oxygen-ps3_\audiosourcemanager.o
c:\s3air\oxygen\sonic3air\build\_vstudio\oxygen-ps3\oxygen-ps3_\emulationaudiosource.o
c:\s3air\oxygen\sonic3air\build\_vstudio\oxygen-ps3\oxygen-ps3_\oggaudiosource.o
c:\s3air\oxygen\sonic3air\build\_vstudio\oxygen-ps3\oxygen-ps3_\gameview.o
c:\s3air\oxygen\sonic3air\build\_vstudio\oxygen-ps3\oxygen-ps3_\controlsin.o
c:\s3air\oxygen\sonic3air\build\_vstudio\oxygen-ps3\oxygen-ps3_\inputconfig.o
c:\s3air\oxygen\sonic3air\build\_vstudio\oxygen-ps3\oxygen-ps3_\inputmanager.o
c:\s3air\oxygen\sonic3air\build\_vstudio\oxygen-ps3\oxygen-ps3_\inputrecorder.o
c:\s3air\oxygen\sonic3air\build\_vstudio\oxygen-ps3\oxygen-ps3_\rumbleeffectqueue.o
c:\s3air\oxygen\sonic3air\build\_vstudio\oxygen-ps3\oxygen-ps3_\gamesetupscreen.o
c:\s3air\oxygen\sonic3air\build\_vstudio\oxygen-ps3\oxygen-ps3_\menuitems.o
c:\s3air\oxygen\sonic3air\build\_vstudio\oxygen-ps3\oxygen-ps3_\oxygenmenu.o
c:\s3air\oxygen\sonic3air\build\_vstudio\oxygen-ps3\oxygen-ps3_\mod.o
c:\s3air\oxygen\sonic3air\build\_vstudio\oxygen-ps3\oxygen-ps3_\modmanager.o
c:\s3air\oxygen\sonic3air\build\_vstudio\oxygen-ps3\oxygen-ps3_\backdropview.o
c:\s3air\oxygen\sonic3air\build\_vstudio\oxygen-ps3\oxygen-ps3_\cheatsheetoverlay.o
c:\s3air\oxygen\sonic3air\build\_vstudio\oxygen-ps3\oxygen-ps3_\debuglogview.o
c:\s3air\oxygen\sonic3air\build\_vstudio\oxygen-ps3\oxygen-ps3_\debugsidepanel.o
c:\s3air\oxygen\sonic3air\build\_vstudio\oxygen-ps3\oxygen-ps3_\debugsidepanelcategory.o
c:\s3air\oxygen\sonic3air\build\_vstudio\oxygen-ps3\oxygen-ps3_\memoryhexview.o
c:\s3air\oxygen\sonic3air\build\_vstudio\oxygen-ps3\oxygen-ps3_\profilingview.o
c:\s3air\oxygen\sonic3air\build\_vstudio\oxygen-ps3\oxygen-ps3_\savestatemenu.o
c:\s3air\oxygen\sonic3air\build\_vstudio\oxygen-ps3\oxygen-ps3_\touchcontrolsoverlay.o
c:\s3air\oxygen\sonic3air\build\_vstudio\oxygen-ps3\oxygen-ps3_\videoout.o
c:\s3air\oxygen\sonic3air\build\_vstudio\oxygen-ps3\oxygen-ps3_\downloadmanager.o
c:\s3air\oxygen\sonic3air\build\_vstudio\oxygen-ps3\oxygen-ps3_\downloader.o
c:\s3air\oxygen\sonic3air\build\_vstudio\oxygen-ps3\oxygen-ps3_\drawcollection.o
c:\s3air\oxygen\sonic3air\build\_vstudio\oxygen-ps3\oxygen-ps3_\drawcommand.o
c:\s3air\oxygen\sonic3air\build\_vstudio\oxygen-ps3\oxygen-ps3_\drawer.o
c:\s3air\oxygen\sonic3air\build\_vstudio\oxygen-ps3\oxygen-ps3_\drawertexture.o
c:\s3air\oxygen\sonic3air\build\_vstudio\oxygen-ps3\oxygen-ps3_\fixedfunctiondrawer.o
c:\s3air\oxygen\sonic3air\build\_vstudio\oxygen-ps3\oxygen-ps3_\opengldrawer.o
c:\s3air\oxygen\sonic3air\build\_vstudio\oxygen-ps3\oxygen-ps3_\opengldrawerresources.o
c:\s3air\oxygen\sonic3air\build\_vstudio\oxygen-ps3\oxygen-ps3_\opengldrawertexture.o
c:\s3air\oxygen\sonic3air\build\_vstudio\oxygen-ps3\oxygen-ps3_\openglspritetexturemanager.o
c:\s3air\oxygen\sonic3air\build\_vstudio\oxygen-ps3\oxygen-ps3_\opengltexture.o
c:\s3air\oxygen\sonic3air\build\_vstudio\oxygen-ps3\oxygen-ps3_\openglupscaler.o
c:\s3air\oxygen\sonic3air\build\_vstudio\oxygen-ps3\oxygen-ps3_\blitter.o
c:\s3air\oxygen\sonic3air\build\_vstudio\oxygen-ps3\oxygen-ps3_\softwaredrawer.o
c:\s3air\oxygen\sonic3air\build\_vstudio\oxygen-ps3\oxygen-ps3_\softwaredrawertexture.o
c:\s3air\oxygen\sonic3air\build\_vstudio\oxygen-ps3\oxygen-ps3_\softwarerasterizer.o
c:\s3air\oxygen\sonic3air\build\_vstudio\oxygen-ps3\oxygen-ps3_\filepackage.o
c:\s3air\oxygen\sonic3air\build\_vstudio\oxygen-ps3\oxygen-ps3_\filestructuretree.o
c:\s3air\oxygen\sonic3air\build\_vstudio\oxygen-ps3\oxygen-ps3_\packedfileprovider.o
c:\s3air\oxygen\sonic3air\build\_vstudio\oxygen-ps3\oxygen-ps3_\zipfileprovider.o
c:\s3air\oxygen\sonic3air\build\_vstudio\oxygen-ps3\oxygen-ps3_\bitstream.o
c:\s3air\oxygen\sonic3air\build\_vstudio\oxygen-ps3\oxygen-ps3_\filehelper.o
c:\s3air\oxygen\sonic3air\build\_vstudio\oxygen-ps3\oxygen-ps3_\highresolutiontimer.o
c:\s3air\oxygen\sonic3air\build\_vstudio\oxygen-ps3\oxygen-ps3_\jsonhelper.o
c:\s3air\oxygen\sonic3air\build\_vstudio\oxygen-ps3\oxygen-ps3_\jsonserializer.o
c:\s3air\oxygen\sonic3air\build\_vstudio\oxygen-ps3\oxygen-ps3_\logging.o
c:\s3air\oxygen\sonic3air\build\_vstudio\oxygen-ps3\oxygen-ps3_\profiling.o
c:\s3air\oxygen\sonic3air\build\_vstudio\oxygen-ps3\oxygen-ps3_\randomnumbergenerator.o
c:\s3air\oxygen\sonic3air\build\_vstudio\oxygen-ps3\oxygen-ps3_\textinputhandler.o
c:\s3air\oxygen\sonic3air\build\_vstudio\oxygen-ps3\oxygen-ps3_\transform2d.o
c:\s3air\oxygen\sonic3air\build\_vstudio\oxygen-ps3\oxygen-ps3_\utils.o
c:\s3air\oxygen\sonic3air\build\_vstudio\oxygen-ps3\oxygen-ps3_\devmodemainwindow.o
c:\s3air\oxygen\sonic3air\build\_vstudio\oxygen-ps3\oxygen-ps3_\devmodewindowbase.o
c:\s3air\oxygen\sonic3air\build\_vstudio\oxygen-ps3\oxygen-ps3_\audiobrowserwindow.o
c:\s3air\oxygen\sonic3air\build\_vstudio\oxygen-ps3\oxygen-ps3_\callframeswindow.o
c:\s3air\oxygen\sonic3air\build\_vstudio\oxygen-ps3\oxygen-ps3_\customsidepanelwindow.o
c:\s3air\oxygen\sonic3air\build\_vstudio\oxygen-ps3\oxygen-ps3_\debuglogwindow.o
c:\s3air\oxygen\sonic3air\build\_vstudio\oxygen-ps3\oxygen-ps3_\filebrowserwindow.o
c:\s3air\oxygen\sonic3air\build\_vstudio\oxygen-ps3\oxygen-ps3_\gamesimwindow.o
c:\s3air\oxygen\sonic3air\build\_vstudio\oxygen-ps3\oxygen-ps3_\gamevisualizationswindow.o
c:\s3air\oxygen\sonic3air\build\_vstudio\oxygen-ps3\oxygen-ps3_\memoryhexviewwindow.o
c:\s3air\oxygen\sonic3air\build\_vstudio\oxygen-ps3\oxygen-ps3_\networkingwindow.o
c:\s3air\oxygen\sonic3air\build\_vstudio\oxygen-ps3\oxygen-ps3_\palettebrowserwindow.o
c:\s3air\oxygen\sonic3air\build\_vstudio\oxygen-ps3\oxygen-ps3_\paletteviewwindow.o
c:\s3air\oxygen\sonic3air\build\_vstudio\oxygen-ps3\oxygen-ps3_\persistentdatawindow.o
c:\s3air\oxygen\sonic3air\build\_vstudio\oxygen-ps3\oxygen-ps3_\renderedgeometrywindow.o
c:\s3air\oxygen\sonic3air\build\_vstudio\oxygen-ps3\oxygen-ps3_\scriptbuildwindow.o
c:\s3air\oxygen\sonic3air\build\_vstudio\oxygen-ps3\oxygen-ps3_\settingswindow.o
c:\s3air\oxygen\sonic3air\build\_vstudio\oxygen-ps3\oxygen-ps3_\spritebrowserwindow.o
c:\s3air\oxygen\sonic3air\build\_vstudio\oxygen-ps3\oxygen-ps3_\vramwriteswindow.o
c:\s3air\oxygen\sonic3air\build\_vstudio\oxygen-ps3\oxygen-ps3_\watcheswindow.o
c:\s3air\oxygen\sonic3air\build\_vstudio\oxygen-ps3\oxygen-ps3_\imguiextensions.o
c:\s3air\oxygen\sonic3air\build\_vstudio\oxygen-ps3\oxygen-ps3_\imguihelpers.o
c:\s3air\oxygen\sonic3air\build\_vstudio\oxygen-ps3\oxygen-ps3_\imguiintegration.o
c:\s3air\oxygen\sonic3air\build\_vstudio\oxygen-ps3\oxygen-ps3_\imguimanager.o
c:\s3air\oxygen\sonic3air\build\_vstudio\oxygen-ps3\oxygen-ps3_\imguisoftwarerenderer.o
c:\s3air\oxygen\sonic3air\build\_vstudio\oxygen-ps3\oxygen-ps3_\imguifilebrowser.o
c:\s3air\oxygen\sonic3air\build\_vstudio\oxygen-ps3\oxygen-ps3_\engineserverclient.o
c:\s3air\oxygen\sonic3air\build\_vstudio\oxygen-ps3\oxygen-ps3_\externaladdressquery.o
c:\s3air\oxygen\sonic3air\build\_vstudio\oxygen-ps3\oxygen-ps3_\netplayclient.o
c:\s3air\oxygen\sonic3air\build\_vstudio\oxygen-ps3\oxygen-ps3_\netplayhost.o
c:\s3air\oxygen\sonic3air\build\_vstudio\oxygen-ps3\oxygen-ps3_\netplaymanager.o
c:\s3air\oxygen\sonic3air\build\_vstudio\oxygen-ps3\oxygen-ps3_\pch.o
c:\s3air\oxygen\sonic3air\build\_vstudio\oxygen-ps3\oxygen-ps3_\crashhandler.o
c:\s3air\oxygen\sonic3air\build\_vstudio\oxygen-ps3\oxygen-ps3_\platformfunctions.o
c:\s3air\oxygen\sonic3air\build\_vstudio\oxygen-ps3\oxygen-ps3_\androidjnihelper.o
c:\s3air\oxygen\sonic3air\build\_vstudio\oxygen-ps3\oxygen-ps3_\androidjavainterface.o
c:\s3air\oxygen\sonic3air\build\_vstudio\oxygen-ps3\oxygen-ps3_\geometry.o
c:\s3air\oxygen\sonic3air\build\_vstudio\oxygen-ps3\oxygen-ps3_\renderresources.o
c:\s3air\oxygen\sonic3air\build\_vstudio\oxygen-ps3\oxygen-ps3_\renderer.o
c:\s3air\oxygen\sonic3air\build\_vstudio\oxygen-ps3\oxygen-ps3_\openglrenderresources.o
c:\s3air\oxygen\sonic3air\build\_vstudio\oxygen-ps3\oxygen-ps3_\openglrenderer.o
c:\s3air\oxygen\sonic3air\build\_vstudio\oxygen-ps3\oxygen-ps3_\debugdrawplaneshader.o
c:\s3air\oxygen\sonic3air\build\_vstudio\oxygen-ps3\oxygen-ps3_\openglshader.o
c:\s3air\oxygen\sonic3air\build\_vstudio\oxygen-ps3\oxygen-ps3_\postfxblurshader.o
c:\s3air\oxygen\sonic3air\build\_vstudio\oxygen-ps3\oxygen-ps3_\rendercomponentspriteshader.o
c:\s3air\oxygen\sonic3air\build\_vstudio\oxygen-ps3\oxygen-ps3_\renderpalettespriteshader.o
c:\s3air\oxygen\sonic3air\build\_vstudio\oxygen-ps3\oxygen-ps3_\renderplaneshader.o
c:\s3air\oxygen\sonic3air\build\_vstudio\oxygen-ps3\oxygen-ps3_\rendervdpspriteshader.o
c:\s3air\oxygen\sonic3air\build\_vstudio\oxygen-ps3\oxygen-ps3_\simplecopyscreenshader.o
c:\s3air\oxygen\sonic3air\build\_vstudio\oxygen-ps3\oxygen-ps3_\simplerectcoloredshader.o
c:\s3air\oxygen\sonic3air\build\_vstudio\oxygen-ps3\oxygen-ps3_\simplerectindexedshader.o
c:\s3air\oxygen\sonic3air\build\_vstudio\oxygen-ps3\oxygen-ps3_\simplerectoverdrawshader.o
c:\s3air\oxygen\sonic3air\build\_vstudio\oxygen-ps3\oxygen-ps3_\simplerecttexturedshader.o
c:\s3air\oxygen\sonic3air\build\_vstudio\oxygen-ps3\oxygen-ps3_\simplerecttextureduvshader.o
c:\s3air\oxygen\sonic3air\build\_vstudio\oxygen-ps3\oxygen-ps3_\simplerectvertexcolorshader.o
c:\s3air\oxygen\sonic3air\build\_vstudio\oxygen-ps3\oxygen-ps3_\patternmanager.o
c:\s3air\oxygen\sonic3air\build\_vstudio\oxygen-ps3\oxygen-ps3_\planemanager.o
c:\s3air\oxygen\sonic3air\build\_vstudio\oxygen-ps3\oxygen-ps3_\renderitem.o
c:\s3air\oxygen\sonic3air\build\_vstudio\oxygen-ps3\oxygen-ps3_\renderparts.o
c:\s3air\oxygen\sonic3air\build\_vstudio\oxygen-ps3\oxygen-ps3_\scrolloffsetsmanager.o
c:\s3air\oxygen\sonic3air\build\_vstudio\oxygen-ps3\oxygen-ps3_\spritemanager.o
c:\s3air\oxygen\sonic3air\build\_vstudio\oxygen-ps3\oxygen-ps3_\palette.o
c:\s3air\oxygen\sonic3air\build\_vstudio\oxygen-ps3\oxygen-ps3_\palettemanager.o
c:\s3air\oxygen\sonic3air\build\_vstudio\oxygen-ps3\oxygen-ps3_\softwarerenderer.o
c:\s3air\oxygen\sonic3air\build\_vstudio\oxygen-ps3\oxygen-ps3_\componentsprite.o
c:\s3air\oxygen\sonic3air\build\_vstudio\oxygen-ps3\oxygen-ps3_\palettesprite.o
c:\s3air\oxygen\sonic3air\build\_vstudio\oxygen-ps3\oxygen-ps3_\spritedump.o
c:\s3air\oxygen\sonic3air\build\_vstudio\oxygen-ps3\oxygen-ps3_\buffertexture.o
c:\s3air\oxygen\sonic3air\build\_vstudio\oxygen-ps3\oxygen-ps3_\kosinski.o
c:\s3air\oxygen\sonic3air\build\_vstudio\oxygen-ps3\oxygen-ps3_\renderutils.o
c:\s3air\oxygen\sonic3air\build\_vstudio\oxygen-ps3\oxygen-ps3_\fontcollection.o
c:\s3air\oxygen\sonic3air\build\_vstudio\oxygen-ps3\oxygen-ps3_\palettecollection.o
c:\s3air\oxygen\sonic3air\build\_vstudio\oxygen-ps3\oxygen-ps3_\printedtextcache.o
c:\s3air\oxygen\sonic3air\build\_vstudio\oxygen-ps3\oxygen-ps3_\rawdatacollection.o
c:\s3air\oxygen\sonic3air\build\_vstudio\oxygen-ps3\oxygen-ps3_\resourcescache.o
c:\s3air\oxygen\sonic3air\build\_vstudio\oxygen-ps3\oxygen-ps3_\spritecollection.o
c:\s3air\oxygen\sonic3air\build\_vstudio\oxygen-ps3\oxygen-ps3_\codeexec.o
c:\s3air\oxygen\sonic3air\build\_vstudio\oxygen-ps3\oxygen-ps3_\emulatorinterface.o
c:\s3air\oxygen\sonic3air\build\_vstudio\oxygen-ps3\oxygen-ps3_\gamerecorder.o
c:\s3air\oxygen\sonic3air\build\_vstudio\oxygen-ps3\oxygen-ps3_\lemonscriptprogram.o
c:\s3air\oxygen\sonic3air\build\_vstudio\oxygen-ps3\oxygen-ps3_\lemonscriptruntime.o
c:\s3air\oxygen\sonic3air\build\_vstudio\oxygen-ps3\oxygen-ps3_\logdisplay.o
c:\s3air\oxygen\sonic3air\build\_vstudio\oxygen-ps3\oxygen-ps3_\persistentdata.o
c:\s3air\oxygen\sonic3air\build\_vstudio\oxygen-ps3\oxygen-ps3_\savestateserializer.o
c:\s3air\oxygen\sonic3air\build\_vstudio\oxygen-ps3\oxygen-ps3_\simulation.o
c:\s3air\oxygen\sonic3air\build\_vstudio\oxygen-ps3\oxygen-ps3_\simulationstate.o
c:\s3air\oxygen\sonic3air\build\_vstudio\oxygen-ps3\oxygen-ps3_\romdataanalyser.o
c:\s3air\oxygen\sonic3air\build\_vstudio\oxygen-ps3\oxygen-ps3_\lemonscriptbindings.o
c:\s3air\oxygen\sonic3air\build\_vstudio\oxygen-ps3\oxygen-ps3_\rendererbindings.o
c:\s3air\oxygen\sonic3air\build\_vstudio\oxygen-ps3\oxygen-ps3_\debugtracking.o
c:\s3air\oxygen\sonic3air\build\_vstudio\oxygen-ps3\oxygen-ps3_\sounddriver.o
c:\s3air\oxygen\sonic3air\build\_vstudio\oxygen-ps3\oxygen-ps3_\soundemulation.o
c:\s3air\oxygen\sonic3air\build\_vstudio\oxygen-ps3\oxygen-ps3_\blip_buf.o
c:\s3air\oxygen\sonic3air\build\_vstudio\oxygen-ps3\oxygen-ps3_\sn76489.o
c:\s3air\oxygen\sonic3air\build\_vstudio\oxygen-ps3\oxygen-ps3_\ym2612.o
c:\s3air\oxygen\sonic3air\build\lib\oxygen-ps3.a
c:\s3air\oxygen\sonic3air\build\_vstudio\oxygen-ps3\..\..\lib\\oxygen-ps3.a
c:\s3air\oxygen\sonic3air\build\_vstudio\oxygen-ps3\oxygen-ps3_\oxygen-ps3.tlog\ps3ppusnc.command.1.tlog
c:\s3air\oxygen\sonic3air\build\_vstudio\oxygen-ps3\oxygen-ps3_\oxygen-ps3.tlog\ps3ppusnc.read.1.tlog
c:\s3air\oxygen\sonic3air\build\_vstudio\oxygen-ps3\oxygen-ps3_\oxygen-ps3.tlog\ps3ppusnc.write.1.tlog
c:\s3air\oxygen\sonic3air\build\_vstudio\oxygen-ps3\oxygen-ps3_\oxygen-ps3.tlog\ps3snarl.command.1.tlog
c:\s3air\oxygen\sonic3air\build\_vstudio\oxygen-ps3\oxygen-ps3_\oxygen-ps3.tlog\ps3snarl.read.1.tlog
c:\s3air\oxygen\sonic3air\build\_vstudio\oxygen-ps3\oxygen-ps3_\oxygen-ps3.tlog\ps3snarl.write.1.tlog
