Build started 14/9/2026 20:32:22.
     1>Project "C:\s3air\Oxygen\sonic3air\build\_vstudio\oxygen-ps3\oxygen-ps3.vcxproj" on node 2 (Build target(s)).
     1>ClCompile:
         Application.cpp
         ps3ppusnc.exe -DNDEBUG -D__PS3__ -o oxygen-ps3_\Application.o -c -Xdepmode=1 -MD -Xmserrors -IC:\s3air\librmx\source -IC:\s3air\Oxygen\libs\zlib -IC:\s3air\Oxygen\sonic3air\build\_ps3\include -IC:\s3air\librmx\source\rmxmedia\_glew -IC:\s3air\Oxygen\lemonscript\source -IC:\s3air\Oxygen\oxygenengine\source -IC:\s3air\Oxygen -IC:\s3air\Oxygen\libs\tremor\include -IC:\s3air\Oxygen\libs\libogg\include -I. -IC:/usr/local/cell\target\ppu\include -IC:/usr/local/cell\target\common\include -I"C:/usr/local/cell\host-win32\sn\ppu\include" -O2 -Xstd=cpp11 -Xc-=rtti C:\s3air\Oxygen\oxygenengine\source\oxygen\application\Application.cpp
     1>C:\s3air\librmx\source\rmxmedia/audiovideo/AudioBuffer.h(55,14): warning 84: type qualifier specified more than once
         
         Configuration.cpp
         ps3ppusnc.exe -DNDEBUG -D__PS3__ -o oxygen-ps3_\Configuration.o -c -Xdepmode=1 -MD -Xmserrors -IC:\s3air\librmx\source -IC:\s3air\Oxygen\libs\zlib -IC:\s3air\Oxygen\sonic3air\build\_ps3\include -IC:\s3air\librmx\source\rmxmedia\_glew -IC:\s3air\Oxygen\lemonscript\source -IC:\s3air\Oxygen\oxygenengine\source -IC:\s3air\Oxygen -IC:\s3air\Oxygen\libs\tremor\include -IC:\s3air\Oxygen\libs\libogg\include -I. -IC:/usr/local/cell\target\ppu\include -IC:/usr/local/cell\target\common\include -I"C:/usr/local/cell\host-win32\sn\ppu\include" -O2 -Xstd=cpp11 -Xc-=rtti C:\s3air\Oxygen\oxygenengine\source\oxygen\application\Configuration.cpp
     1>C:\s3air\librmx\source\rmxmedia/audiovideo/AudioBuffer.h(55,14): warning 84: type qualifier specified more than once
         
         EngineMain.cpp
         ps3ppusnc.exe -DNDEBUG -D__PS3__ -o oxygen-ps3_\EngineMain.o -c -Xdepmode=1 -MD -Xmserrors -IC:\s3air\librmx\source -IC:\s3air\Oxygen\libs\zlib -IC:\s3air\Oxygen\sonic3air\build\_ps3\include -IC:\s3air\librmx\source\rmxmedia\_glew -IC:\s3air\Oxygen\lemonscript\source -IC:\s3air\Oxygen\oxygenengine\source -IC:\s3air\Oxygen -IC:\s3air\Oxygen\libs\tremor\include -IC:\s3air\Oxygen\libs\libogg\include -I. -IC:/usr/local/cell\target\ppu\include -IC:/usr/local/cell\target\common\include -I"C:/usr/local/cell\host-win32\sn\ppu\include" -O2 -Xstd=cpp11 -Xc-=rtti C:\s3air\Oxygen\oxygenengine\source\oxygen\application\EngineMain.cpp
     1>C:\s3air\librmx\source\rmxmedia/audiovideo/AudioBuffer.h(55,14): warning 84: type qualifier specified more than once
         
         GameLoader.cpp
         ps3ppusnc.exe -DNDEBUG -D__PS3__ -o oxygen-ps3_\GameLoader.o -c -Xdepmode=1 -MD -Xmserrors -IC:\s3air\librmx\source -IC:\s3air\Oxygen\libs\zlib -IC:\s3air\Oxygen\sonic3air\build\_ps3\include -IC:\s3air\librmx\source\rmxmedia\_glew -IC:\s3air\Oxygen\lemonscript\source -IC:\s3air\Oxygen\oxygenengine\source -IC:\s3air\Oxygen -IC:\s3air\Oxygen\libs\tremor\include -IC:\s3air\Oxygen\libs\libogg\include -I. -IC:/usr/local/cell\target\ppu\include -IC:/usr/local/cell\target\common\include -I"C:/usr/local/cell\host-win32\sn\ppu\include" -O2 -Xstd=cpp11 -Xc-=rtti C:\s3air\Oxygen\oxygenengine\source\oxygen\application\GameLoader.cpp
     1>C:\s3air\librmx\source\rmxmedia/audiovideo/AudioBuffer.h(55,14): warning 84: type qualifier specified more than once
         
         GameProfile.cpp
         ps3ppusnc.exe -DNDEBUG -D__PS3__ -o oxygen-ps3_\GameProfile.o -c -Xdepmode=1 -MD -Xmserrors -IC:\s3air\librmx\source -IC:\s3air\Oxygen\libs\zlib -IC:\s3air\Oxygen\sonic3air\build\_ps3\include -IC:\s3air\librmx\source\rmxmedia\_glew -IC:\s3air\Oxygen\lemonscript\source -IC:\s3air\Oxygen\oxygenengine\source -IC:\s3air\Oxygen -IC:\s3air\Oxygen\libs\tremor\include -IC:\s3air\Oxygen\libs\libogg\include -I. -IC:/usr/local/cell\target\ppu\include -IC:/usr/local/cell\target\common\include -I"C:/usr/local/cell\host-win32\sn\ppu\include" -O2 -Xstd=cpp11 -Xc-=rtti C:\s3air\Oxygen\oxygenengine\source\oxygen\application\GameProfile.cpp
     1>C:\s3air\librmx\source\rmxmedia/audiovideo/AudioBuffer.h(55,14): warning 84: type qualifier specified more than once
         
         AudioCollection.cpp
         ps3ppusnc.exe -DNDEBUG -D__PS3__ -o oxygen-ps3_\AudioCollection.o -c -Xdepmode=1 -MD -Xmserrors -IC:\s3air\librmx\source -IC:\s3air\Oxygen\libs\zlib -IC:\s3air\Oxygen\sonic3air\build\_ps3\include -IC:\s3air\librmx\source\rmxmedia\_glew -IC:\s3air\Oxygen\lemonscript\source -IC:\s3air\Oxygen\oxygenengine\source -IC:\s3air\Oxygen -IC:\s3air\Oxygen\libs\tremor\include -IC:\s3air\Oxygen\libs\libogg\include -I. -IC:/usr/local/cell\target\ppu\include -IC:/usr/local/cell\target\common\include -I"C:/usr/local/cell\host-win32\sn\ppu\include" -O2 -Xstd=cpp11 -Xc-=rtti C:\s3air\Oxygen\oxygenengine\source\oxygen\application\audio\AudioCollection.cpp
     1>C:\s3air\librmx\source\rmxmedia/audiovideo/AudioBuffer.h(55,14): warning 84: type qualifier specified more than once
         
         AudioOutBase.cpp
         ps3ppusnc.exe -DNDEBUG -D__PS3__ -o oxygen-ps3_\AudioOutBase.o -c -Xdepmode=1 -MD -Xmserrors -IC:\s3air\librmx\source -IC:\s3air\Oxygen\libs\zlib -IC:\s3air\Oxygen\sonic3air\build\_ps3\include -IC:\s3air\librmx\source\rmxmedia\_glew -IC:\s3air\Oxygen\lemonscript\source -IC:\s3air\Oxygen\oxygenengine\source -IC:\s3air\Oxygen -IC:\s3air\Oxygen\libs\tremor\include -IC:\s3air\Oxygen\libs\libogg\include -I. -IC:/usr/local/cell\target\ppu\include -IC:/usr/local/cell\target\common\include -I"C:/usr/local/cell\host-win32\sn\ppu\include" -O2 -Xstd=cpp11 -Xc-=rtti C:\s3air\Oxygen\oxygenengine\source\oxygen\application\audio\AudioOutBase.cpp
     1>C:\s3air\librmx\source\rmxmedia/audiovideo/AudioBuffer.h(55,14): warning 84: type qualifier specified more than once
         
         AudioPlayer.cpp
         ps3ppusnc.exe -DNDEBUG -D__PS3__ -o oxygen-ps3_\AudioPlayer.o -c -Xdepmode=1 -MD -Xmserrors -IC:\s3air\librmx\source -IC:\s3air\Oxygen\libs\zlib -IC:\s3air\Oxygen\sonic3air\build\_ps3\include -IC:\s3air\librmx\source\rmxmedia\_glew -IC:\s3air\Oxygen\lemonscript\source -IC:\s3air\Oxygen\oxygenengine\source -IC:\s3air\Oxygen -IC:\s3air\Oxygen\libs\tremor\include -IC:\s3air\Oxygen\libs\libogg\include -I. -IC:/usr/local/cell\target\ppu\include -IC:/usr/local/cell\target\common\include -I"C:/usr/local/cell\host-win32\sn\ppu\include" -O2 -Xstd=cpp11 -Xc-=rtti C:\s3air\Oxygen\oxygenengine\source\oxygen\application\audio\AudioPlayer.cpp
     1>C:\s3air\librmx\source\rmxmedia/audiovideo/AudioBuffer.h(55,14): warning 84: type qualifier specified more than once
         
         AudioSourceBase.cpp
         ps3ppusnc.exe -DNDEBUG -D__PS3__ -o oxygen-ps3_\AudioSourceBase.o -c -Xdepmode=1 -MD -Xmserrors -IC:\s3air\librmx\source -IC:\s3air\Oxygen\libs\zlib -IC:\s3air\Oxygen\sonic3air\build\_ps3\include -IC:\s3air\librmx\source\rmxmedia\_glew -IC:\s3air\Oxygen\lemonscript\source -IC:\s3air\Oxygen\oxygenengine\source -IC:\s3air\Oxygen -IC:\s3air\Oxygen\libs\tremor\include -IC:\s3air\Oxygen\libs\libogg\include -I. -IC:/usr/local/cell\target\ppu\include -IC:/usr/local/cell\target\common\include -I"C:/usr/local/cell\host-win32\sn\ppu\include" -O2 -Xstd=cpp11 -Xc-=rtti C:\s3air\Oxygen\oxygenengine\source\oxygen\application\audio\AudioSourceBase.cpp
     1>C:\s3air\librmx\source\rmxmedia/audiovideo/AudioBuffer.h(55,14): warning 84: type qualifier specified more than once
         
         AudioSourceManager.cpp
         ps3ppusnc.exe -DNDEBUG -D__PS3__ -o oxygen-ps3_\AudioSourceManager.o -c -Xdepmode=1 -MD -Xmserrors -IC:\s3air\librmx\source -IC:\s3air\Oxygen\libs\zlib -IC:\s3air\Oxygen\sonic3air\build\_ps3\include -IC:\s3air\librmx\source\rmxmedia\_glew -IC:\s3air\Oxygen\lemonscript\source -IC:\s3air\Oxygen\oxygenengine\source -IC:\s3air\Oxygen -IC:\s3air\Oxygen\libs\tremor\include -IC:\s3air\Oxygen\libs\libogg\include -I. -IC:/usr/local/cell\target\ppu\include -IC:/usr/local/cell\target\common\include -I"C:/usr/local/cell\host-win32\sn\ppu\include" -O2 -Xstd=cpp11 -Xc-=rtti C:\s3air\Oxygen\oxygenengine\source\oxygen\application\audio\AudioSourceManager.cpp
     1>C:\s3air\librmx\source\rmxmedia/audiovideo/AudioBuffer.h(55,14): warning 84: type qualifier specified more than once
         
         EmulationAudioSource.cpp
         ps3ppusnc.exe -DNDEBUG -D__PS3__ -o oxygen-ps3_\EmulationAudioSource.o -c -Xdepmode=1 -MD -Xmserrors -IC:\s3air\librmx\source -IC:\s3air\Oxygen\libs\zlib -IC:\s3air\Oxygen\sonic3air\build\_ps3\include -IC:\s3air\librmx\source\rmxmedia\_glew -IC:\s3air\Oxygen\lemonscript\source -IC:\s3air\Oxygen\oxygenengine\source -IC:\s3air\Oxygen -IC:\s3air\Oxygen\libs\tremor\include -IC:\s3air\Oxygen\libs\libogg\include -I. -IC:/usr/local/cell\target\ppu\include -IC:/usr/local/cell\target\common\include -I"C:/usr/local/cell\host-win32\sn\ppu\include" -O2 -Xstd=cpp11 -Xc-=rtti C:\s3air\Oxygen\oxygenengine\source\oxygen\application\audio\EmulationAudioSource.cpp
     1>C:\s3air\librmx\source\rmxmedia/audiovideo/AudioBuffer.h(55,14): warning 84: type qualifier specified more than once
         
         OggAudioSource.cpp
         ps3ppusnc.exe -DNDEBUG -D__PS3__ -o oxygen-ps3_\OggAudioSource.o -c -Xdepmode=1 -MD -Xmserrors -IC:\s3air\librmx\source -IC:\s3air\Oxygen\libs\zlib -IC:\s3air\Oxygen\sonic3air\build\_ps3\include -IC:\s3air\librmx\source\rmxmedia\_glew -IC:\s3air\Oxygen\lemonscript\source -IC:\s3air\Oxygen\oxygenengine\source -IC:\s3air\Oxygen -IC:\s3air\Oxygen\libs\tremor\include -IC:\s3air\Oxygen\libs\libogg\include -I. -IC:/usr/local/cell\target\ppu\include -IC:/usr/local/cell\target\common\include -I"C:/usr/local/cell\host-win32\sn\ppu\include" -O2 -Xstd=cpp11 -Xc-=rtti C:\s3air\Oxygen\oxygenengine\source\oxygen\application\audio\OggAudioSource.cpp
     1>C:\s3air\librmx\source\rmxmedia/audiovideo/AudioBuffer.h(55,14): warning 84: type qualifier specified more than once
         
         ControlsIn.cpp
         ps3ppusnc.exe -DNDEBUG -D__PS3__ -o oxygen-ps3_\ControlsIn.o -c -Xdepmode=1 -MD -Xmserrors -IC:\s3air\librmx\source -IC:\s3air\Oxygen\libs\zlib -IC:\s3air\Oxygen\sonic3air\build\_ps3\include -IC:\s3air\librmx\source\rmxmedia\_glew -IC:\s3air\Oxygen\lemonscript\source -IC:\s3air\Oxygen\oxygenengine\source -IC:\s3air\Oxygen -IC:\s3air\Oxygen\libs\tremor\include -IC:\s3air\Oxygen\libs\libogg\include -I. -IC:/usr/local/cell\target\ppu\include -IC:/usr/local/cell\target\common\include -I"C:/usr/local/cell\host-win32\sn\ppu\include" -O2 -Xstd=cpp11 -Xc-=rtti C:\s3air\Oxygen\oxygenengine\source\oxygen\application\input\ControlsIn.cpp
     1>C:\s3air\librmx\source\rmxmedia/audiovideo/AudioBuffer.h(55,14): warning 84: type qualifier specified more than once
         
         InputConfig.cpp
         ps3ppusnc.exe -DNDEBUG -D__PS3__ -o oxygen-ps3_\InputConfig.o -c -Xdepmode=1 -MD -Xmserrors -IC:\s3air\librmx\source -IC:\s3air\Oxygen\libs\zlib -IC:\s3air\Oxygen\sonic3air\build\_ps3\include -IC:\s3air\librmx\source\rmxmedia\_glew -IC:\s3air\Oxygen\lemonscript\source -IC:\s3air\Oxygen\oxygenengine\source -IC:\s3air\Oxygen -IC:\s3air\Oxygen\libs\tremor\include -IC:\s3air\Oxygen\libs\libogg\include -I. -IC:/usr/local/cell\target\ppu\include -IC:/usr/local/cell\target\common\include -I"C:/usr/local/cell\host-win32\sn\ppu\include" -O2 -Xstd=cpp11 -Xc-=rtti C:\s3air\Oxygen\oxygenengine\source\oxygen\application\input\InputConfig.cpp
     1>C:\s3air\librmx\source\rmxmedia/audiovideo/AudioBuffer.h(55,14): warning 84: type qualifier specified more than once
         
         InputManager.cpp
         ps3ppusnc.exe -DNDEBUG -D__PS3__ -o oxygen-ps3_\InputManager.o -c -Xdepmode=1 -MD -Xmserrors -IC:\s3air\librmx\source -IC:\s3air\Oxygen\libs\zlib -IC:\s3air\Oxygen\sonic3air\build\_ps3\include -IC:\s3air\librmx\source\rmxmedia\_glew -IC:\s3air\Oxygen\lemonscript\source -IC:\s3air\Oxygen\oxygenengine\source -IC:\s3air\Oxygen -IC:\s3air\Oxygen\libs\tremor\include -IC:\s3air\Oxygen\libs\libogg\include -I. -IC:/usr/local/cell\target\ppu\include -IC:/usr/local/cell\target\common\include -I"C:/usr/local/cell\host-win32\sn\ppu\include" -O2 -Xstd=cpp11 -Xc-=rtti C:\s3air\Oxygen\oxygenengine\source\oxygen\application\input\InputManager.cpp
     1>C:\s3air\librmx\source\rmxmedia/audiovideo/AudioBuffer.h(55,14): warning 84: type qualifier specified more than once
         
     1>C:\s3air\Oxygen\oxygenengine\source\oxygen\application\input\InputManager.cpp(198,43): error 136: namespace "rmx" has no member "constMurmur2_64"
         
     1>C:\s3air\Oxygen\oxygenengine\source\oxygen\application\input\InputManager.cpp(372,23): error 20: identifier "SDLK_LGUI" is undefined
         
     1>C:\s3air\Oxygen\oxygenengine\source\oxygen\application\input\InputManager.cpp(373,23): error 20: identifier "SDLK_RGUI" is undefined
         
     1>C:\s3air\Oxygen\oxygenengine\source\oxygen\application\input\InputManager.cpp(392,26): error 20: identifier "SDLK_F12" is undefined
         
     1>C:\s3air\Oxygen\oxygenengine\source\oxygen\application\input\InputManager.cpp(413,19): error 20: identifier "SDLK_SCROLLLOCK" is undefined
         
     1>C:\s3air\Oxygen\oxygenengine\source\oxygen\application\input\InputManager.cpp(414,19): error 20: identifier "SDLK_PAUSE" is undefined
         
     1>C:\s3air\Oxygen\oxygenengine\source\oxygen\application\input\InputManager.cpp(425,19): error 20: identifier "SDLK_NUMLOCKCLEAR" is undefined
         
     1>C:\s3air\Oxygen\oxygenengine\source\oxygen\application\input\InputManager.cpp(451,2): error 20: identifier "ps3_log" is undefined
         
     1>C:\s3air\Oxygen\oxygenengine\source\oxygen\application\input\InputManager.cpp(467,2): error 20: identifier "ps3_log" is undefined
         
     1>C:\s3air\Oxygen\oxygenengine\source\oxygen\application\input\InputManager.cpp(1252,46): error 136: namespace "rmx" has no member "constMurmur2_64"
         
     1>Done Building Project "C:\s3air\Oxygen\sonic3air\build\_vstudio\oxygen-ps3\oxygen-ps3.vcxproj" (Build target(s)) -- FAILED.

Build FAILED.

Time Elapsed 00:00:38.46
