c:\s3air\oxygen\sonic3air\build\_vstudio\rmxmedia\ps3_debug\glew.o
c:\s3air\oxygen\sonic3air\build\_vstudio\rmxmedia\ps3_debug\audiobuffer.o
c:\s3air\oxygen\sonic3air\build\_vstudio\rmxmedia\ps3_debug\audiomanager.o
c:\s3air\oxygen\sonic3air\build\_vstudio\rmxmedia\ps3_debug\audiomixer.o
c:\s3air\oxygen\sonic3air\build\_vstudio\rmxmedia\ps3_debug\audioreference.o
c:\s3air\oxygen\sonic3air\build\_vstudio\rmxmedia\ps3_debug\videobuffer.o
c:\s3air\oxygen\sonic3air\build\_vstudio\rmxmedia\ps3_debug\font.o
c:\s3air\oxygen\sonic3air\build\_vstudio\rmxmedia\ps3_debug\fontprocessor.o
c:\s3air\oxygen\sonic3air\build\_vstudio\rmxmedia\ps3_debug\fontsource.o
c:\s3air\oxygen\sonic3air\build\_vstudio\rmxmedia\ps3_debug\appframework.o
c:\s3air\oxygen\sonic3air\build\_vstudio\rmxmedia\ps3_debug\guibase.o
c:\s3air\oxygen\sonic3air\build\_vstudio\rmxmedia\ps3_debug\inputcontext.o
c:\s3air\oxygen\sonic3air\build\_vstudio\rmxmedia\ps3_debug\systemmanager.o
c:\s3air\oxygen\sonic3air\build\_vstudio\rmxmedia\ps3_debug\videomanager.o
c:\s3air\oxygen\sonic3air\build\_vstudio\rmxmedia\ps3_debug\framebuffer.o
c:\s3air\oxygen\sonic3air\build\_vstudio\rmxmedia\ps3_debug\gltools.o
c:\s3air\oxygen\sonic3air\build\_vstudio\rmxmedia\ps3_debug\openglfontoutput.o
c:\s3air\oxygen\sonic3air\build\_vstudio\rmxmedia\ps3_debug\painter.o
c:\s3air\oxygen\sonic3air\build\_vstudio\rmxmedia\ps3_debug\shader.o
c:\s3air\oxygen\sonic3air\build\_vstudio\rmxmedia\ps3_debug\spriteatlas.o
c:\s3air\oxygen\sonic3air\build\_vstudio\rmxmedia\ps3_debug\texture.o
c:\s3air\oxygen\sonic3air\build\_vstudio\rmxmedia\ps3_debug\vertexarrayobject.o
c:\s3air\oxygen\sonic3air\build\_vstudio\rmxmedia\ps3_debug\rmxmedia.o
c:\s3air\oxygen\sonic3air\build\_vstudio\rmxmedia\ps3_debug\jobmanager.o
c:\s3air\oxygen\sonic3air\build\_vstudio\rmxmedia\ps3_debug\thread.o
c:\s3air\oxygen\sonic3air\build\_vstudio\ps3_debug\rmxmedia.a
c:\s3air\oxygen\sonic3air\build\_vstudio\rmxmedia\ps3_debug\rmxmedia.tlog\ps3ppusnc.command.1.tlog
c:\s3air\oxygen\sonic3air\build\_vstudio\rmxmedia\ps3_debug\rmxmedia.tlog\ps3ppusnc.read.1.tlog
c:\s3air\oxygen\sonic3air\build\_vstudio\rmxmedia\ps3_debug\rmxmedia.tlog\ps3ppusnc.write.1.tlog
c:\s3air\oxygen\sonic3air\build\_vstudio\rmxmedia\ps3_debug\rmxmedia.tlog\ps3snarl.command.1.tlog
c:\s3air\oxygen\sonic3air\build\_vstudio\rmxmedia\ps3_debug\rmxmedia.tlog\ps3snarl.read.1.tlog
c:\s3air\oxygen\sonic3air\build\_vstudio\rmxmedia\ps3_debug\rmxmedia.tlog\ps3snarl.write.1.tlog
