Build started 4/9/2026 14:45:27.
     1>Project "C:\s3air\Oxygen\sonic3air\build\_vstudio\rmxmedia\rmxmedia.vcxproj" on node 2 (Build target(s)).
     1>ClCompile:
         AudioBuffer.cpp
         ps3ppusnc.exe -D_DEBUG -D__CELL_ASSERT__ -D__CELLOS_LV2__ -D__ppc__ -D__PPU__ -DRMX_PLATFORM_PS3 -DRMX_NO_GLEW -DRMX_NO_IMGUI -DUSE_GLES -DIMGUI_DISABLE_DEFAULT_SHELL_FUNCTIONS -DJSONCPP_NO_LOCALE_SUPPORT -DJSON_USE_EXCEPTION=0 -D__PS3__ -o PS3_Debug\AudioBuffer.o -c -Xdepmode=1 -MD -Xmserrors -IC:\s3air\librmx\source -IC:\s3air\framework\external\zlib\zlib -I"C:\s3air\framework\external\ogg-vorbis\libvorbis\include" -I"C:\s3air\framework\external\ogg-vorbis\libogg\include" -I. -IC:/usr/local/cell\target\ppu\include -IC:/usr/local/cell\target\common\include -I"C:/usr/local/cell\host-win32\sn\ppu\include" -g -O0 -Xstd=cpp11 -Xc-=rtti C:\s3air\librmx\source\rmxmedia\audiovideo\AudioBuffer.cpp
         AudioManager.cpp
         ps3ppusnc.exe -D_DEBUG -D__CELL_ASSERT__ -D__CELLOS_LV2__ -D__ppc__ -D__PPU__ -DRMX_PLATFORM_PS3 -DRMX_NO_GLEW -DRMX_NO_IMGUI -DUSE_GLES -DIMGUI_DISABLE_DEFAULT_SHELL_FUNCTIONS -DJSONCPP_NO_LOCALE_SUPPORT -DJSON_USE_EXCEPTION=0 -D__PS3__ -o PS3_Debug\AudioManager.o -c -Xdepmode=1 -MD -Xmserrors -IC:\s3air\librmx\source -IC:\s3air\framework\external\zlib\zlib -I"C:\s3air\framework\external\ogg-vorbis\libvorbis\include" -I"C:\s3air\framework\external\ogg-vorbis\libogg\include" -I. -IC:/usr/local/cell\target\ppu\include -IC:/usr/local/cell\target\common\include -I"C:/usr/local/cell\host-win32\sn\ppu\include" -g -O0 -Xstd=cpp11 -Xc-=rtti C:\s3air\librmx\source\rmxmedia\audiovideo\AudioManager.cpp
         AudioMixer.cpp
         ps3ppusnc.exe -D_DEBUG -D__CELL_ASSERT__ -D__CELLOS_LV2__ -D__ppc__ -D__PPU__ -DRMX_PLATFORM_PS3 -DRMX_NO_GLEW -DRMX_NO_IMGUI -DUSE_GLES -DIMGUI_DISABLE_DEFAULT_SHELL_FUNCTIONS -DJSONCPP_NO_LOCALE_SUPPORT -DJSON_USE_EXCEPTION=0 -D__PS3__ -o PS3_Debug\AudioMixer.o -c -Xdepmode=1 -MD -Xmserrors -IC:\s3air\librmx\source -IC:\s3air\framework\external\zlib\zlib -I"C:\s3air\framework\external\ogg-vorbis\libvorbis\include" -I"C:\s3air\framework\external\ogg-vorbis\libogg\include" -I. -IC:/usr/local/cell\target\ppu\include -IC:/usr/local/cell\target\common\include -I"C:/usr/local/cell\host-win32\sn\ppu\include" -g -O0 -Xstd=cpp11 -Xc-=rtti C:\s3air\librmx\source\rmxmedia\audiovideo\AudioMixer.cpp
         AudioReference.cpp
         ps3ppusnc.exe -D_DEBUG -D__CELL_ASSERT__ -D__CELLOS_LV2__ -D__ppc__ -D__PPU__ -DRMX_PLATFORM_PS3 -DRMX_NO_GLEW -DRMX_NO_IMGUI -DUSE_GLES -DIMGUI_DISABLE_DEFAULT_SHELL_FUNCTIONS -DJSONCPP_NO_LOCALE_SUPPORT -DJSON_USE_EXCEPTION=0 -D__PS3__ -o PS3_Debug\AudioReference.o -c -Xdepmode=1 -MD -Xmserrors -IC:\s3air\librmx\source -IC:\s3air\framework\external\zlib\zlib -I"C:\s3air\framework\external\ogg-vorbis\libvorbis\include" -I"C:\s3air\framework\external\ogg-vorbis\libogg\include" -I. -IC:/usr/local/cell\target\ppu\include -IC:/usr/local/cell\target\common\include -I"C:/usr/local/cell\host-win32\sn\ppu\include" -g -O0 -Xstd=cpp11 -Xc-=rtti C:\s3air\librmx\source\rmxmedia\audiovideo\AudioReference.cpp
         VideoBuffer.cpp
         ps3ppusnc.exe -D_DEBUG -D__CELL_ASSERT__ -D__CELLOS_LV2__ -D__ppc__ -D__PPU__ -DRMX_PLATFORM_PS3 -DRMX_NO_GLEW -DRMX_NO_IMGUI -DUSE_GLES -DIMGUI_DISABLE_DEFAULT_SHELL_FUNCTIONS -DJSONCPP_NO_LOCALE_SUPPORT -DJSON_USE_EXCEPTION=0 -D__PS3__ -o PS3_Debug\VideoBuffer.o -c -Xdepmode=1 -MD -Xmserrors -IC:\s3air\librmx\source -IC:\s3air\framework\external\zlib\zlib -I"C:\s3air\framework\external\ogg-vorbis\libvorbis\include" -I"C:\s3air\framework\external\ogg-vorbis\libogg\include" -I. -IC:/usr/local/cell\target\ppu\include -IC:/usr/local/cell\target\common\include -I"C:/usr/local/cell\host-win32\sn\ppu\include" -g -O0 -Xstd=cpp11 -Xc-=rtti C:\s3air\librmx\source\rmxmedia\audiovideo\VideoBuffer.cpp
         Font.cpp
         ps3ppusnc.exe -D_DEBUG -D__CELL_ASSERT__ -D__CELLOS_LV2__ -D__ppc__ -D__PPU__ -DRMX_PLATFORM_PS3 -DRMX_NO_GLEW -DRMX_NO_IMGUI -DUSE_GLES -DIMGUI_DISABLE_DEFAULT_SHELL_FUNCTIONS -DJSONCPP_NO_LOCALE_SUPPORT -DJSON_USE_EXCEPTION=0 -D__PS3__ -o PS3_Debug\Font.o -c -Xdepmode=1 -MD -Xmserrors -IC:\s3air\librmx\source -IC:\s3air\framework\external\zlib\zlib -I"C:\s3air\framework\external\ogg-vorbis\libvorbis\include" -I"C:\s3air\framework\external\ogg-vorbis\libogg\include" -I. -IC:/usr/local/cell\target\ppu\include -IC:/usr/local/cell\target\common\include -I"C:/usr/local/cell\host-win32\sn\ppu\include" -g -O0 -Xstd=cpp11 -Xc-=rtti C:\s3air\librmx\source\rmxmedia\font\Font.cpp
         FontProcessor.cpp
         ps3ppusnc.exe -D_DEBUG -D__CELL_ASSERT__ -D__CELLOS_LV2__ -D__ppc__ -D__PPU__ -DRMX_PLATFORM_PS3 -DRMX_NO_GLEW -DRMX_NO_IMGUI -DUSE_GLES -DIMGUI_DISABLE_DEFAULT_SHELL_FUNCTIONS -DJSONCPP_NO_LOCALE_SUPPORT -DJSON_USE_EXCEPTION=0 -D__PS3__ -o PS3_Debug\FontProcessor.o -c -Xdepmode=1 -MD -Xmserrors -IC:\s3air\librmx\source -IC:\s3air\framework\external\zlib\zlib -I"C:\s3air\framework\external\ogg-vorbis\libvorbis\include" -I"C:\s3air\framework\external\ogg-vorbis\libogg\include" -I. -IC:/usr/local/cell\target\ppu\include -IC:/usr/local/cell\target\common\include -I"C:/usr/local/cell\host-win32\sn\ppu\include" -g -O0 -Xstd=cpp11 -Xc-=rtti C:\s3air\librmx\source\rmxmedia\font\FontProcessor.cpp
         FontSource.cpp
         ps3ppusnc.exe -D_DEBUG -D__CELL_ASSERT__ -D__CELLOS_LV2__ -D__ppc__ -D__PPU__ -DRMX_PLATFORM_PS3 -DRMX_NO_GLEW -DRMX_NO_IMGUI -DUSE_GLES -DIMGUI_DISABLE_DEFAULT_SHELL_FUNCTIONS -DJSONCPP_NO_LOCALE_SUPPORT -DJSON_USE_EXCEPTION=0 -D__PS3__ -o PS3_Debug\FontSource.o -c -Xdepmode=1 -MD -Xmserrors -IC:\s3air\librmx\source -IC:\s3air\framework\external\zlib\zlib -I"C:\s3air\framework\external\ogg-vorbis\libvorbis\include" -I"C:\s3air\framework\external\ogg-vorbis\libogg\include" -I. -IC:/usr/local/cell\target\ppu\include -IC:/usr/local/cell\target\common\include -I"C:/usr/local/cell\host-win32\sn\ppu\include" -g -O0 -Xstd=cpp11 -Xc-=rtti C:\s3air\librmx\source\rmxmedia\font\FontSource.cpp
         AppFramework.cpp
         ps3ppusnc.exe -D_DEBUG -D__CELL_ASSERT__ -D__CELLOS_LV2__ -D__ppc__ -D__PPU__ -DRMX_PLATFORM_PS3 -DRMX_NO_GLEW -DRMX_NO_IMGUI -DUSE_GLES -DIMGUI_DISABLE_DEFAULT_SHELL_FUNCTIONS -DJSONCPP_NO_LOCALE_SUPPORT -DJSON_USE_EXCEPTION=0 -D__PS3__ -o PS3_Debug\AppFramework.o -c -Xdepmode=1 -MD -Xmserrors -IC:\s3air\librmx\source -IC:\s3air\framework\external\zlib\zlib -I"C:\s3air\framework\external\ogg-vorbis\libvorbis\include" -I"C:\s3air\framework\external\ogg-vorbis\libogg\include" -I. -IC:/usr/local/cell\target\ppu\include -IC:/usr/local/cell\target\common\include -I"C:/usr/local/cell\host-win32\sn\ppu\include" -g -O0 -Xstd=cpp11 -Xc-=rtti C:\s3air\librmx\source\rmxmedia\framework\AppFramework.cpp
         GuiBase.cpp
         ps3ppusnc.exe -D_DEBUG -D__CELL_ASSERT__ -D__CELLOS_LV2__ -D__ppc__ -D__PPU__ -DRMX_PLATFORM_PS3 -DRMX_NO_GLEW -DRMX_NO_IMGUI -DUSE_GLES -DIMGUI_DISABLE_DEFAULT_SHELL_FUNCTIONS -DJSONCPP_NO_LOCALE_SUPPORT -DJSON_USE_EXCEPTION=0 -D__PS3__ -o PS3_Debug\GuiBase.o -c -Xdepmode=1 -MD -Xmserrors -IC:\s3air\librmx\source -IC:\s3air\framework\external\zlib\zlib -I"C:\s3air\framework\external\ogg-vorbis\libvorbis\include" -I"C:\s3air\framework\external\ogg-vorbis\libogg\include" -I. -IC:/usr/local/cell\target\ppu\include -IC:/usr/local/cell\target\common\include -I"C:/usr/local/cell\host-win32\sn\ppu\include" -g -O0 -Xstd=cpp11 -Xc-=rtti C:\s3air\librmx\source\rmxmedia\framework\GuiBase.cpp
         InputContext.cpp
         ps3ppusnc.exe -D_DEBUG -D__CELL_ASSERT__ -D__CELLOS_LV2__ -D__ppc__ -D__PPU__ -DRMX_PLATFORM_PS3 -DRMX_NO_GLEW -DRMX_NO_IMGUI -DUSE_GLES -DIMGUI_DISABLE_DEFAULT_SHELL_FUNCTIONS -DJSONCPP_NO_LOCALE_SUPPORT -DJSON_USE_EXCEPTION=0 -D__PS3__ -o PS3_Debug\InputContext.o -c -Xdepmode=1 -MD -Xmserrors -IC:\s3air\librmx\source -IC:\s3air\framework\external\zlib\zlib -I"C:\s3air\framework\external\ogg-vorbis\libvorbis\include" -I"C:\s3air\framework\external\ogg-vorbis\libogg\include" -I. -IC:/usr/local/cell\target\ppu\include -IC:/usr/local/cell\target\common\include -I"C:/usr/local/cell\host-win32\sn\ppu\include" -g -O0 -Xstd=cpp11 -Xc-=rtti C:\s3air\librmx\source\rmxmedia\framework\InputContext.cpp
         SystemManager.cpp
         ps3ppusnc.exe -D_DEBUG -D__CELL_ASSERT__ -D__CELLOS_LV2__ -D__ppc__ -D__PPU__ -DRMX_PLATFORM_PS3 -DRMX_NO_GLEW -DRMX_NO_IMGUI -DUSE_GLES -DIMGUI_DISABLE_DEFAULT_SHELL_FUNCTIONS -DJSONCPP_NO_LOCALE_SUPPORT -DJSON_USE_EXCEPTION=0 -D__PS3__ -o PS3_Debug\SystemManager.o -c -Xdepmode=1 -MD -Xmserrors -IC:\s3air\librmx\source -IC:\s3air\framework\external\zlib\zlib -I"C:\s3air\framework\external\ogg-vorbis\libvorbis\include" -I"C:\s3air\framework\external\ogg-vorbis\libogg\include" -I. -IC:/usr/local/cell\target\ppu\include -IC:/usr/local/cell\target\common\include -I"C:/usr/local/cell\host-win32\sn\ppu\include" -g -O0 -Xstd=cpp11 -Xc-=rtti C:\s3air\librmx\source\rmxmedia\framework\SystemManager.cpp
         VideoManager.cpp
         ps3ppusnc.exe -D_DEBUG -D__CELL_ASSERT__ -D__CELLOS_LV2__ -D__ppc__ -D__PPU__ -DRMX_PLATFORM_PS3 -DRMX_NO_GLEW -DRMX_NO_IMGUI -DUSE_GLES -DIMGUI_DISABLE_DEFAULT_SHELL_FUNCTIONS -DJSONCPP_NO_LOCALE_SUPPORT -DJSON_USE_EXCEPTION=0 -D__PS3__ -o PS3_Debug\VideoManager.o -c -Xdepmode=1 -MD -Xmserrors -IC:\s3air\librmx\source -IC:\s3air\framework\external\zlib\zlib -I"C:\s3air\framework\external\ogg-vorbis\libvorbis\include" -I"C:\s3air\framework\external\ogg-vorbis\libogg\include" -I. -IC:/usr/local/cell\target\ppu\include -IC:/usr/local/cell\target\common\include -I"C:/usr/local/cell\host-win32\sn\ppu\include" -g -O0 -Xstd=cpp11 -Xc-=rtti C:\s3air\librmx\source\rmxmedia\framework\VideoManager.cpp
         Framebuffer.cpp
         ps3ppusnc.exe -D_DEBUG -D__CELL_ASSERT__ -D__CELLOS_LV2__ -D__ppc__ -D__PPU__ -DRMX_PLATFORM_PS3 -DRMX_NO_GLEW -DRMX_NO_IMGUI -DUSE_GLES -DIMGUI_DISABLE_DEFAULT_SHELL_FUNCTIONS -DJSONCPP_NO_LOCALE_SUPPORT -DJSON_USE_EXCEPTION=0 -D__PS3__ -o PS3_Debug\Framebuffer.o -c -Xdepmode=1 -MD -Xmserrors -IC:\s3air\librmx\source -IC:\s3air\framework\external\zlib\zlib -I"C:\s3air\framework\external\ogg-vorbis\libvorbis\include" -I"C:\s3air\framework\external\ogg-vorbis\libogg\include" -I. -IC:/usr/local/cell\target\ppu\include -IC:/usr/local/cell\target\common\include -I"C:/usr/local/cell\host-win32\sn\ppu\include" -g -O0 -Xstd=cpp11 -Xc-=rtti C:\s3air\librmx\source\rmxmedia\opengl\Framebuffer.cpp
         GLTools.cpp
         ps3ppusnc.exe -D_DEBUG -D__CELL_ASSERT__ -D__CELLOS_LV2__ -D__ppc__ -D__PPU__ -DRMX_PLATFORM_PS3 -DRMX_NO_GLEW -DRMX_NO_IMGUI -DUSE_GLES -DIMGUI_DISABLE_DEFAULT_SHELL_FUNCTIONS -DJSONCPP_NO_LOCALE_SUPPORT -DJSON_USE_EXCEPTION=0 -D__PS3__ -o PS3_Debug\GLTools.o -c -Xdepmode=1 -MD -Xmserrors -IC:\s3air\librmx\source -IC:\s3air\framework\external\zlib\zlib -I"C:\s3air\framework\external\ogg-vorbis\libvorbis\include" -I"C:\s3air\framework\external\ogg-vorbis\libogg\include" -I. -IC:/usr/local/cell\target\ppu\include -IC:/usr/local/cell\target\common\include -I"C:/usr/local/cell\host-win32\sn\ppu\include" -g -O0 -Xstd=cpp11 -Xc-=rtti C:\s3air\librmx\source\rmxmedia\opengl\GLTools.cpp
         OpenGLFontOutput.cpp
         ps3ppusnc.exe -D_DEBUG -D__CELL_ASSERT__ -D__CELLOS_LV2__ -D__ppc__ -D__PPU__ -DRMX_PLATFORM_PS3 -DRMX_NO_GLEW -DRMX_NO_IMGUI -DUSE_GLES -DIMGUI_DISABLE_DEFAULT_SHELL_FUNCTIONS -DJSONCPP_NO_LOCALE_SUPPORT -DJSON_USE_EXCEPTION=0 -D__PS3__ -o PS3_Debug\OpenGLFontOutput.o -c -Xdepmode=1 -MD -Xmserrors -IC:\s3air\librmx\source -IC:\s3air\framework\external\zlib\zlib -I"C:\s3air\framework\external\ogg-vorbis\libvorbis\include" -I"C:\s3air\framework\external\ogg-vorbis\libogg\include" -I. -IC:/usr/local/cell\target\ppu\include -IC:/usr/local/cell\target\common\include -I"C:/usr/local/cell\host-win32\sn\ppu\include" -g -O0 -Xstd=cpp11 -Xc-=rtti C:\s3air\librmx\source\rmxmedia\opengl\OpenGLFontOutput.cpp
         Painter.cpp
         ps3ppusnc.exe -D_DEBUG -D__CELL_ASSERT__ -D__CELLOS_LV2__ -D__ppc__ -D__PPU__ -DRMX_PLATFORM_PS3 -DRMX_NO_GLEW -DRMX_NO_IMGUI -DUSE_GLES -DIMGUI_DISABLE_DEFAULT_SHELL_FUNCTIONS -DJSONCPP_NO_LOCALE_SUPPORT -DJSON_USE_EXCEPTION=0 -D__PS3__ -o PS3_Debug\Painter.o -c -Xdepmode=1 -MD -Xmserrors -IC:\s3air\librmx\source -IC:\s3air\framework\external\zlib\zlib -I"C:\s3air\framework\external\ogg-vorbis\libvorbis\include" -I"C:\s3air\framework\external\ogg-vorbis\libogg\include" -I. -IC:/usr/local/cell\target\ppu\include -IC:/usr/local/cell\target\common\include -I"C:/usr/local/cell\host-win32\sn\ppu\include" -g -O0 -Xstd=cpp11 -Xc-=rtti C:\s3air\librmx\source\rmxmedia\opengl\Painter.cpp
         Shader.cpp
         ps3ppusnc.exe -D_DEBUG -D__CELL_ASSERT__ -D__CELLOS_LV2__ -D__ppc__ -D__PPU__ -DRMX_PLATFORM_PS3 -DRMX_NO_GLEW -DRMX_NO_IMGUI -DUSE_GLES -DIMGUI_DISABLE_DEFAULT_SHELL_FUNCTIONS -DJSONCPP_NO_LOCALE_SUPPORT -DJSON_USE_EXCEPTION=0 -D__PS3__ -o PS3_Debug\Shader.o -c -Xdepmode=1 -MD -Xmserrors -IC:\s3air\librmx\source -IC:\s3air\framework\external\zlib\zlib -I"C:\s3air\framework\external\ogg-vorbis\libvorbis\include" -I"C:\s3air\framework\external\ogg-vorbis\libogg\include" -I. -IC:/usr/local/cell\target\ppu\include -IC:/usr/local/cell\target\common\include -I"C:/usr/local/cell\host-win32\sn\ppu\include" -g -O0 -Xstd=cpp11 -Xc-=rtti C:\s3air\librmx\source\rmxmedia\opengl\Shader.cpp
     1>C:\s3air\librmx\source\rmxmedia\opengl\Shader.cpp(607,12): warning 178: variable "start" was declared but never referenced
         
         SpriteAtlas.cpp
         ps3ppusnc.exe -D_DEBUG -D__CELL_ASSERT__ -D__CELLOS_LV2__ -D__ppc__ -D__PPU__ -DRMX_PLATFORM_PS3 -DRMX_NO_GLEW -DRMX_NO_IMGUI -DUSE_GLES -DIMGUI_DISABLE_DEFAULT_SHELL_FUNCTIONS -DJSONCPP_NO_LOCALE_SUPPORT -DJSON_USE_EXCEPTION=0 -D__PS3__ -o PS3_Debug\SpriteAtlas.o -c -Xdepmode=1 -MD -Xmserrors -IC:\s3air\librmx\source -IC:\s3air\framework\external\zlib\zlib -I"C:\s3air\framework\external\ogg-vorbis\libvorbis\include" -I"C:\s3air\framework\external\ogg-vorbis\libogg\include" -I. -IC:/usr/local/cell\target\ppu\include -IC:/usr/local/cell\target\common\include -I"C:/usr/local/cell\host-win32\sn\ppu\include" -g -O0 -Xstd=cpp11 -Xc-=rtti C:\s3air\librmx\source\rmxmedia\opengl\SpriteAtlas.cpp
         Texture.cpp
         ps3ppusnc.exe -D_DEBUG -D__CELL_ASSERT__ -D__CELLOS_LV2__ -D__ppc__ -D__PPU__ -DRMX_PLATFORM_PS3 -DRMX_NO_GLEW -DRMX_NO_IMGUI -DUSE_GLES -DIMGUI_DISABLE_DEFAULT_SHELL_FUNCTIONS -DJSONCPP_NO_LOCALE_SUPPORT -DJSON_USE_EXCEPTION=0 -D__PS3__ -o PS3_Debug\Texture.o -c -Xdepmode=1 -MD -Xmserrors -IC:\s3air\librmx\source -IC:\s3air\framework\external\zlib\zlib -I"C:\s3air\framework\external\ogg-vorbis\libvorbis\include" -I"C:\s3air\framework\external\ogg-vorbis\libogg\include" -I. -IC:/usr/local/cell\target\ppu\include -IC:/usr/local/cell\target\common\include -I"C:/usr/local/cell\host-win32\sn\ppu\include" -g -O0 -Xstd=cpp11 -Xc-=rtti C:\s3air\librmx\source\rmxmedia\opengl\Texture.cpp
         VertexArrayObject.cpp
         ps3ppusnc.exe -D_DEBUG -D__CELL_ASSERT__ -D__CELLOS_LV2__ -D__ppc__ -D__PPU__ -DRMX_PLATFORM_PS3 -DRMX_NO_GLEW -DRMX_NO_IMGUI -DUSE_GLES -DIMGUI_DISABLE_DEFAULT_SHELL_FUNCTIONS -DJSONCPP_NO_LOCALE_SUPPORT -DJSON_USE_EXCEPTION=0 -D__PS3__ -o PS3_Debug\VertexArrayObject.o -c -Xdepmode=1 -MD -Xmserrors -IC:\s3air\librmx\source -IC:\s3air\framework\external\zlib\zlib -I"C:\s3air\framework\external\ogg-vorbis\libvorbis\include" -I"C:\s3air\framework\external\ogg-vorbis\libogg\include" -I. -IC:/usr/local/cell\target\ppu\include -IC:/usr/local/cell\target\common\include -I"C:/usr/local/cell\host-win32\sn\ppu\include" -g -O0 -Xstd=cpp11 -Xc-=rtti C:\s3air\librmx\source\rmxmedia\opengl\VertexArrayObject.cpp
         rmxmedia.cpp
         ps3ppusnc.exe -D_DEBUG -D__CELL_ASSERT__ -D__CELLOS_LV2__ -D__ppc__ -D__PPU__ -DRMX_PLATFORM_PS3 -DRMX_NO_GLEW -DRMX_NO_IMGUI -DUSE_GLES -DIMGUI_DISABLE_DEFAULT_SHELL_FUNCTIONS -DJSONCPP_NO_LOCALE_SUPPORT -DJSON_USE_EXCEPTION=0 -D__PS3__ -o PS3_Debug\rmxmedia.o -c -Xdepmode=1 -MD -Xmserrors -IC:\s3air\librmx\source -IC:\s3air\framework\external\zlib\zlib -I"C:\s3air\framework\external\ogg-vorbis\libvorbis\include" -I"C:\s3air\framework\external\ogg-vorbis\libogg\include" -I. -IC:/usr/local/cell\target\ppu\include -IC:/usr/local/cell\target\common\include -I"C:/usr/local/cell\host-win32\sn\ppu\include" -g -O0 -Xstd=cpp11 -Xc-=rtti C:\s3air\librmx\source\rmxmedia\rmxmedia.cpp
         JobManager.cpp
         ps3ppusnc.exe -D_DEBUG -D__CELL_ASSERT__ -D__CELLOS_LV2__ -D__ppc__ -D__PPU__ -DRMX_PLATFORM_PS3 -DRMX_NO_GLEW -DRMX_NO_IMGUI -DUSE_GLES -DIMGUI_DISABLE_DEFAULT_SHELL_FUNCTIONS -DJSONCPP_NO_LOCALE_SUPPORT -DJSON_USE_EXCEPTION=0 -D__PS3__ -o PS3_Debug\JobManager.o -c -Xdepmode=1 -MD -Xmserrors -IC:\s3air\librmx\source -IC:\s3air\framework\external\zlib\zlib -I"C:\s3air\framework\external\ogg-vorbis\libvorbis\include" -I"C:\s3air\framework\external\ogg-vorbis\libogg\include" -I. -IC:/usr/local/cell\target\ppu\include -IC:/usr/local/cell\target\common\include -I"C:/usr/local/cell\host-win32\sn\ppu\include" -g -O0 -Xstd=cpp11 -Xc-=rtti C:\s3air\librmx\source\rmxmedia\threads\JobManager.cpp
         Thread.cpp
         ps3ppusnc.exe -D_DEBUG -D__CELL_ASSERT__ -D__CELLOS_LV2__ -D__ppc__ -D__PPU__ -DRMX_PLATFORM_PS3 -DRMX_NO_GLEW -DRMX_NO_IMGUI -DUSE_GLES -DIMGUI_DISABLE_DEFAULT_SHELL_FUNCTIONS -DJSONCPP_NO_LOCALE_SUPPORT -DJSON_USE_EXCEPTION=0 -D__PS3__ -o PS3_Debug\Thread.o -c -Xdepmode=1 -MD -Xmserrors -IC:\s3air\librmx\source -IC:\s3air\framework\external\zlib\zlib -I"C:\s3air\framework\external\ogg-vorbis\libvorbis\include" -I"C:\s3air\framework\external\ogg-vorbis\libogg\include" -I. -IC:/usr/local/cell\target\ppu\include -IC:/usr/local/cell\target\common\include -I"C:/usr/local/cell\host-win32\sn\ppu\include" -g -O0 -Xstd=cpp11 -Xc-=rtti C:\s3air\librmx\source\rmxmedia\threads\Thread.cpp
         glew.c
         ps3ppusnc.exe -D_DEBUG -D__CELL_ASSERT__ -D__CELLOS_LV2__ -D__ppc__ -D__PPU__ -DRMX_PLATFORM_PS3 -DRMX_NO_GLEW -DRMX_NO_IMGUI -DUSE_GLES -DIMGUI_DISABLE_DEFAULT_SHELL_FUNCTIONS -DJSONCPP_NO_LOCALE_SUPPORT -DJSON_USE_EXCEPTION=0 -D__PS3__ -o PS3_Debug\glew.o -c -Xdepmode=1 -MD -Xmserrors -IC:\s3air\librmx\source -IC:\s3air\framework\external\zlib\zlib -I"C:\s3air\framework\external\ogg-vorbis\libvorbis\include" -I"C:\s3air\framework\external\ogg-vorbis\libogg\include" -I. -IC:/usr/local/cell\target\ppu\include -IC:/usr/local/cell\target\common\include -I"C:/usr/local/cell\host-win32\sn\ppu\include" -g -O0 -Xstd=cpp11 -Xc-=rtti C:\s3air\librmx\source\rmxmedia\_glew\glew.c
     1>SNCCL : Command line warning 2259: -Xstd=cpp11 is only valid for C++ (ignored for C:\s3air\librmx\source\rmxmedia\_glew\glew.c)
       Lib:
         C:\usr\local\cell\host-win32\sn\bin\ps3snarl.exe create C:\s3air\Oxygen\sonic3air\build\_vstudio\PS3_Debug\rmxmedia.a
         addmod PS3_Debug\AudioBuffer.o
         addmod PS3_Debug\AudioManager.o
         addmod PS3_Debug\AudioMixer.o
         addmod PS3_Debug\AudioReference.o
         addmod PS3_Debug\VideoBuffer.o
         addmod PS3_Debug\Font.o
         addmod PS3_Debug\FontProcessor.o
         addmod PS3_Debug\FontSource.o
         addmod PS3_Debug\AppFramework.o
         addmod PS3_Debug\GuiBase.o
         addmod PS3_Debug\InputContext.o
         addmod PS3_Debug\SystemManager.o
         addmod PS3_Debug\VideoManager.o
         addmod PS3_Debug\Framebuffer.o
         addmod PS3_Debug\GLTools.o
         addmod PS3_Debug\OpenGLFontOutput.o
         addmod PS3_Debug\Painter.o
         addmod PS3_Debug\Shader.o
         addmod PS3_Debug\SpriteAtlas.o
         addmod PS3_Debug\Texture.o
         addmod PS3_Debug\VertexArrayObject.o
         addmod PS3_Debug\rmxmedia.o
         addmod PS3_Debug\JobManager.o
         addmod PS3_Debug\Thread.o
         addmod PS3_Debug\glew.o
         save
         end
         rmxmedia.vcxproj -> C:\s3air\Oxygen\sonic3air\build\_vstudio\PS3_Debug\rmxmedia.a
     1>Done Building Project "C:\s3air\Oxygen\sonic3air\build\_vstudio\rmxmedia\rmxmedia.vcxproj" (Build target(s)).

Build succeeded.

Time Elapsed 00:00:30.07
