c:\s3air\oxygen\sonic3air\build\_vstudio\oxygen_netcore-ps3\oxygen_netcore-ps3_\connectionmanager.o
c:\s3air\oxygen\sonic3air\build\_vstudio\oxygen_netcore-ps3\oxygen_netcore-ps3_\highlevelpacketbase.o
c:\s3air\oxygen\sonic3air\build\_vstudio\oxygen_netcore-ps3\oxygen_netcore-ps3_\lowlevelpackets.o
c:\s3air\oxygen\sonic3air\build\_vstudio\oxygen_netcore-ps3\oxygen_netcore-ps3_\netconnection.o
c:\s3air\oxygen\sonic3air\build\_vstudio\oxygen_netcore-ps3\oxygen_netcore-ps3_\netconnection_statics.o
c:\s3air\oxygen\sonic3air\build\_vstudio\oxygen_netcore-ps3\oxygen_netcore-ps3_\requestbase.o
c:\s3air\oxygen\sonic3air\build\_vstudio\oxygen_netcore-ps3\oxygen_netcore-ps3_\serverclientbase.o
c:\s3air\oxygen\sonic3air\build\_vstudio\oxygen_netcore-ps3\oxygen_netcore-ps3_\sockets.o
c:\s3air\oxygen\sonic3air\build\_vstudio\oxygen_netcore-ps3\oxygen_netcore-ps3_\cryptofunctions.o
c:\s3air\oxygen\sonic3air\build\_vstudio\oxygen_netcore-ps3\oxygen_netcore-ps3_\receivedpacketcache.o
c:\s3air\oxygen\sonic3air\build\_vstudio\oxygen_netcore-ps3\oxygen_netcore-ps3_\sentpacketcache.o
c:\s3air\oxygen\sonic3air\build\_vstudio\oxygen_netcore-ps3\oxygen_netcore-ps3_\websocketclient.o
c:\s3air\oxygen\sonic3air\build\_vstudio\oxygen_netcore-ps3\oxygen_netcore-ps3_\websocketwrapper.o
c:\s3air\oxygen\sonic3air\build\_vstudio\oxygen_netcore-ps3\oxygen_netcore-ps3_\pch.o
c:\s3air\oxygen\sonic3air\build\_vstudio\oxygen_netcore-ps3\oxygen_netcore-ps3_\packetdefinitions_ps3.o
c:\s3air\oxygen\sonic3air\build\lib\oxygen_netcore-ps3.a
c:\s3air\oxygen\sonic3air\build\_vstudio\oxygen_netcore-ps3\..\..\lib\\oxygen_netcore-ps3.a
c:\s3air\oxygen\sonic3air\build\_vstudio\oxygen_netcore-ps3\oxygen_netcore-ps3_\oxygen_n.ff07e442.tlog\ps3ppusnc.command.1.tlog
c:\s3air\oxygen\sonic3air\build\_vstudio\oxygen_netcore-ps3\oxygen_netcore-ps3_\oxygen_n.ff07e442.tlog\ps3ppusnc.read.1.tlog
c:\s3air\oxygen\sonic3air\build\_vstudio\oxygen_netcore-ps3\oxygen_netcore-ps3_\oxygen_n.ff07e442.tlog\ps3ppusnc.write.1.tlog
c:\s3air\oxygen\sonic3air\build\_vstudio\oxygen_netcore-ps3\oxygen_netcore-ps3_\oxygen_n.ff07e442.tlog\ps3snarl.command.1.tlog
c:\s3air\oxygen\sonic3air\build\_vstudio\oxygen_netcore-ps3\oxygen_netcore-ps3_\oxygen_n.ff07e442.tlog\ps3snarl.read.1.tlog
c:\s3air\oxygen\sonic3air\build\_vstudio\oxygen_netcore-ps3\oxygen_netcore-ps3_\oxygen_n.ff07e442.tlog\ps3snarl.write.1.tlog
