c:\s3air\oxygen\sonic3air\build\_ps3\sonic3air\ps3_release\sonic3air.elf
c:\s3air\oxygen\sonic3air\build\_ps3\sonic3air\sonic3air\ps3_release\imgui_impl_opengl3.o
c:\s3air\oxygen\sonic3air\build\_ps3\sonic3air\sonic3air\ps3_release\imgui.o
c:\s3air\oxygen\sonic3air\build\_ps3\sonic3air\sonic3air\ps3_release\imgui_draw.o
c:\s3air\oxygen\sonic3air\build\_ps3\sonic3air\sonic3air\ps3_release\imgui_tables.o
c:\s3air\oxygen\sonic3air\build\_ps3\sonic3air\sonic3air\ps3_release\imgui_widgets.o
c:\s3air\oxygen\sonic3air\build\_ps3\sonic3air\sonic3air\ps3_release\bitwise.o
c:\s3air\oxygen\sonic3air\build\_ps3\sonic3air\sonic3air\ps3_release\framing.o
c:\s3air\oxygen\sonic3air\build\_ps3\sonic3air\sonic3air\ps3_release\analysis.o
c:\s3air\oxygen\sonic3air\build\_ps3\sonic3air\sonic3air\ps3_release\bitrate.o
c:\s3air\oxygen\sonic3air\build\_ps3\sonic3air\sonic3air\ps3_release\block.o
c:\s3air\oxygen\sonic3air\build\_ps3\sonic3air\sonic3air\ps3_release\codebook.o
c:\s3air\oxygen\sonic3air\build\_ps3\sonic3air\sonic3air\ps3_release\envelope.o
c:\s3air\oxygen\sonic3air\build\_ps3\sonic3air\sonic3air\ps3_release\floor0.o
c:\s3air\oxygen\sonic3air\build\_ps3\sonic3air\sonic3air\ps3_release\floor1.o
c:\s3air\oxygen\sonic3air\build\_ps3\sonic3air\sonic3air\ps3_release\info.o
c:\s3air\oxygen\sonic3air\build\_ps3\sonic3air\sonic3air\ps3_release\lookup.o
c:\s3air\oxygen\sonic3air\build\_ps3\sonic3air\sonic3air\ps3_release\lpc.o
c:\s3air\oxygen\sonic3air\build\_ps3\sonic3air\sonic3air\ps3_release\lsp.o
c:\s3air\oxygen\sonic3air\build\_ps3\sonic3air\sonic3air\ps3_release\mapping0.o
c:\s3air\oxygen\sonic3air\build\_ps3\sonic3air\sonic3air\ps3_release\mdct.o
c:\s3air\oxygen\sonic3air\build\_ps3\sonic3air\sonic3air\ps3_release\psy.o
c:\s3air\oxygen\sonic3air\build\_ps3\sonic3air\sonic3air\ps3_release\registry.o
c:\s3air\oxygen\sonic3air\build\_ps3\sonic3air\sonic3air\ps3_release\res0.o
c:\s3air\oxygen\sonic3air\build\_ps3\sonic3air\sonic3air\ps3_release\sharedbook.o
c:\s3air\oxygen\sonic3air\build\_ps3\sonic3air\sonic3air\ps3_release\smallft.o
c:\s3air\oxygen\sonic3air\build\_ps3\sonic3air\sonic3air\ps3_release\synthesis.o
c:\s3air\oxygen\sonic3air\build\_ps3\sonic3air\sonic3air\ps3_release\vorbisenc.o
c:\s3air\oxygen\sonic3air\build\_ps3\sonic3air\sonic3air\ps3_release\vorbisfile.o
c:\s3air\oxygen\sonic3air\build\_ps3\sonic3air\sonic3air\ps3_release\window.o
c:\s3air\oxygen\sonic3air\build\_ps3\sonic3air\sonic3air\ps3_release\adler32.o
c:\s3air\oxygen\sonic3air\build\_ps3\sonic3air\sonic3air\ps3_release\compress.o
c:\s3air\oxygen\sonic3air\build\_ps3\sonic3air\sonic3air\ps3_release\ioapi.o
c:\s3air\oxygen\sonic3air\build\_ps3\sonic3air\sonic3air\ps3_release\unzip.o
c:\s3air\oxygen\sonic3air\build\_ps3\sonic3air\sonic3air\ps3_release\zip.o
c:\s3air\oxygen\sonic3air\build\_ps3\sonic3air\sonic3air\ps3_release\crc32.o
c:\s3air\oxygen\sonic3air\build\_ps3\sonic3air\sonic3air\ps3_release\deflate.o
c:\s3air\oxygen\sonic3air\build\_ps3\sonic3air\sonic3air\ps3_release\gzclose.o
c:\s3air\oxygen\sonic3air\build\_ps3\sonic3air\sonic3air\ps3_release\gzlib.o
c:\s3air\oxygen\sonic3air\build\_ps3\sonic3air\sonic3air\ps3_release\gzread.o
c:\s3air\oxygen\sonic3air\build\_ps3\sonic3air\sonic3air\ps3_release\gzwrite.o
c:\s3air\oxygen\sonic3air\build\_ps3\sonic3air\sonic3air\ps3_release\infback.o
c:\s3air\oxygen\sonic3air\build\_ps3\sonic3air\sonic3air\ps3_release\inffast.o
c:\s3air\oxygen\sonic3air\build\_ps3\sonic3air\sonic3air\ps3_release\inflate.o
c:\s3air\oxygen\sonic3air\build\_ps3\sonic3air\sonic3air\ps3_release\inftrees.o
c:\s3air\oxygen\sonic3air\build\_ps3\sonic3air\sonic3air\ps3_release\trees.o
c:\s3air\oxygen\sonic3air\build\_ps3\sonic3air\sonic3air\ps3_release\uncompr.o
c:\s3air\oxygen\sonic3air\build\_ps3\sonic3air\sonic3air\ps3_release\zutil.o
c:\s3air\oxygen\sonic3air\build\_ps3\sonic3air\sonic3air\ps3_release\json_reader.o
c:\s3air\oxygen\sonic3air\build\_ps3\sonic3air\sonic3air\ps3_release\json_value.o
c:\s3air\oxygen\sonic3air\build\_ps3\sonic3air\sonic3air\ps3_release\json_writer.o
c:\s3air\oxygen\sonic3air\build\_ps3\sonic3air\sonic3air\ps3_release\basics.o
c:\s3air\oxygen\sonic3air\build\_ps3\sonic3air\sonic3air\ps3_release\errorhandler.o
c:\s3air\oxygen\sonic3air\build\_ps3\sonic3air\sonic3air\ps3_release\bitmap.o
c:\s3air\oxygen\sonic3air\build\_ps3\sonic3air\sonic3air\ps3_release\bitmapcodecbmp.o
c:\s3air\oxygen\sonic3air\build\_ps3\sonic3air\sonic3air\ps3_release\bitmapcodecico.o
c:\s3air\oxygen\sonic3air\build\_ps3\sonic3air\sonic3air\ps3_release\bitmapcodecjpg.o
c:\s3air\oxygen\sonic3air\build\_ps3\sonic3air\sonic3air\ps3_release\bitmapcodecpng.o
c:\s3air\oxygen\sonic3air\build\_ps3\sonic3air\sonic3air\ps3_release\color.o
c:\s3air\oxygen\sonic3air\build\_ps3\sonic3air\sonic3air\ps3_release\palettebitmap.o
c:\s3air\oxygen\sonic3air\build\_ps3\sonic3air\sonic3air\ps3_release\weakptr.o
c:\s3air\oxygen\sonic3air\build\_ps3\sonic3air\sonic3air\ps3_release\filecrawler.o
c:\s3air\oxygen\sonic3air\build\_ps3\sonic3air\sonic3air\ps3_release\filehandle.o
c:\s3air\oxygen\sonic3air\build\_ps3\sonic3air\sonic3air\ps3_release\fileio.o
c:\s3air\oxygen\sonic3air\build\_ps3\sonic3air\sonic3air\ps3_release\fileprovider.o
c:\s3air\oxygen\sonic3air\build\_ps3\sonic3air\sonic3air\ps3_release\filesystem.o
c:\s3air\oxygen\sonic3air\build\_ps3\sonic3air\sonic3air\ps3_release\librmx_source_rmxbase_file_jsonhelper.cpp.obj
c:\s3air\oxygen\sonic3air\build\_ps3\sonic3air\sonic3air\ps3_release\realfileprovider.o
c:\s3air\oxygen\sonic3air\build\_ps3\sonic3air\sonic3air\ps3_release\math.o
c:\s3air\oxygen\sonic3air\build\_ps3\sonic3air\sonic3air\ps3_release\binaryserializer.o
c:\s3air\oxygen\sonic3air\build\_ps3\sonic3air\sonic3air\ps3_release\inputstream.o
c:\s3air\oxygen\sonic3air\build\_ps3\sonic3air\sonic3air\ps3_release\onetimeallocpool.o
c:\s3air\oxygen\sonic3air\build\_ps3\sonic3air\sonic3air\ps3_release\outputstream.o
c:\s3air\oxygen\sonic3air\build\_ps3\sonic3air\sonic3air\ps3_release\rc4encryption.o
c:\s3air\oxygen\sonic3air\build\_ps3\sonic3air\sonic3air\ps3_release\rmxdeflate.o
c:\s3air\oxygen\sonic3air\build\_ps3\sonic3air\sonic3air\ps3_release\string.o
c:\s3air\oxygen\sonic3air\build\_ps3\sonic3air\sonic3air\ps3_release\utf8conversion.o
c:\s3air\oxygen\sonic3air\build\_ps3\sonic3air\sonic3air\ps3_release\unalignedmemory.o
c:\s3air\oxygen\sonic3air\build\_ps3\sonic3air\sonic3air\ps3_release\vectorbinaryserializer.o
c:\s3air\oxygen\sonic3air\build\_ps3\sonic3air\sonic3air\ps3_release\zlibdeflate.o
c:\s3air\oxygen\sonic3air\build\_ps3\sonic3air\sonic3air\ps3_release\rmxbase.o
c:\s3air\oxygen\sonic3air\build\_ps3\sonic3air\sonic3air\ps3_release\librmx_source_rmxbase_tools_logging.cpp.obj
c:\s3air\oxygen\sonic3air\build\_ps3\sonic3air\sonic3air\ps3_release\tools.o
c:\s3air\oxygen\sonic3air\build\_ps3\sonic3air\sonic3air\ps3_release\oggloader.o
c:\s3air\oxygen\sonic3air\build\_ps3\sonic3air\sonic3air\ps3_release\rmxext_oggvorbis.o
c:\s3air\oxygen\sonic3air\build\_ps3\sonic3air\sonic3air\ps3_release\glew.o
c:\s3air\oxygen\sonic3air\build\_ps3\sonic3air\sonic3air\ps3_release\audiobuffer.o
c:\s3air\oxygen\sonic3air\build\_ps3\sonic3air\sonic3air\ps3_release\audiomanager.o
c:\s3air\oxygen\sonic3air\build\_ps3\sonic3air\sonic3air\ps3_release\audiomixer.o
c:\s3air\oxygen\sonic3air\build\_ps3\sonic3air\sonic3air\ps3_release\audioreference.o
c:\s3air\oxygen\sonic3air\build\_ps3\sonic3air\sonic3air\ps3_release\videobuffer.o
c:\s3air\oxygen\sonic3air\build\_ps3\sonic3air\sonic3air\ps3_release\font.o
c:\s3air\oxygen\sonic3air\build\_ps3\sonic3air\sonic3air\ps3_release\fontprocessor.o
c:\s3air\oxygen\sonic3air\build\_ps3\sonic3air\sonic3air\ps3_release\fontsource.o
c:\s3air\oxygen\sonic3air\build\_ps3\sonic3air\sonic3air\ps3_release\appframework.o
c:\s3air\oxygen\sonic3air\build\_ps3\sonic3air\sonic3air\ps3_release\guibase.o
c:\s3air\oxygen\sonic3air\build\_ps3\sonic3air\sonic3air\ps3_release\inputcontext.o
c:\s3air\oxygen\sonic3air\build\_ps3\sonic3air\sonic3air\ps3_release\systemmanager.o
c:\s3air\oxygen\sonic3air\build\_ps3\sonic3air\sonic3air\ps3_release\videomanager.o
c:\s3air\oxygen\sonic3air\build\_ps3\sonic3air\sonic3air\ps3_release\framebuffer.o
c:\s3air\oxygen\sonic3air\build\_ps3\sonic3air\sonic3air\ps3_release\gltools.o
c:\s3air\oxygen\sonic3air\build\_ps3\sonic3air\sonic3air\ps3_release\openglfontoutput.o
c:\s3air\oxygen\sonic3air\build\_ps3\sonic3air\sonic3air\ps3_release\painter.o
c:\s3air\oxygen\sonic3air\build\_ps3\sonic3air\sonic3air\ps3_release\shader.o
c:\s3air\oxygen\sonic3air\build\_ps3\sonic3air\sonic3air\ps3_release\spriteatlas.o
c:\s3air\oxygen\sonic3air\build\_ps3\sonic3air\sonic3air\ps3_release\texture.o
c:\s3air\oxygen\sonic3air\build\_ps3\sonic3air\sonic3air\ps3_release\vertexarrayobject.o
c:\s3air\oxygen\sonic3air\build\_ps3\sonic3air\sonic3air\ps3_release\rmxmedia.o
c:\s3air\oxygen\sonic3air\build\_ps3\sonic3air\sonic3air\ps3_release\jobmanager.o
c:\s3air\oxygen\sonic3air\build\_ps3\sonic3air\sonic3air\ps3_release\thread.o
c:\s3air\oxygen\sonic3air\build\_ps3\sonic3air\sonic3air\ps3_release\compiler.o
c:\s3air\oxygen\sonic3air\build\_ps3\sonic3air\sonic3air\ps3_release\linenumbertranslation.o
c:\s3air\oxygen\sonic3air\build\_ps3\sonic3air\sonic3air\ps3_release\node.o
c:\s3air\oxygen\sonic3air\build\_ps3\sonic3air\sonic3air\ps3_release\operators.o
c:\s3air\oxygen\sonic3air\build\_ps3\sonic3air\sonic3air\ps3_release\preprocessor.o
c:\s3air\oxygen\sonic3air\build\_ps3\sonic3air\sonic3air\ps3_release\token.o
c:\s3air\oxygen\sonic3air\build\_ps3\sonic3air\sonic3air\ps3_release\tokenhelper.o
c:\s3air\oxygen\sonic3air\build\_ps3\sonic3air\sonic3air\ps3_release\typecasting.o
c:\s3air\oxygen\sonic3air\build\_ps3\sonic3air\sonic3air\ps3_release\functioncompiler.o
c:\s3air\oxygen\sonic3air\build\_ps3\sonic3air\sonic3air\ps3_release\opcodeoptimization.o
c:\s3air\oxygen\sonic3air\build\_ps3\sonic3air\sonic3air\ps3_release\compilerfrontend.o
c:\s3air\oxygen\sonic3air\build\_ps3\sonic3air\sonic3air\ps3_release\tokenprocessing.o
c:\s3air\oxygen\sonic3air\build\_ps3\sonic3air\sonic3air\ps3_release\parser.o
c:\s3air\oxygen\sonic3air\build\_ps3\sonic3air\sonic3air\ps3_release\parserhelper.o
c:\s3air\oxygen\sonic3air\build\_ps3\sonic3air\sonic3air\ps3_release\lemonscript_source_lemon_pch.cpp.obj
c:\s3air\oxygen\sonic3air\build\_ps3\sonic3air\sonic3air\ps3_release\basetype.o
c:\s3air\oxygen\sonic3air\build\_ps3\sonic3air\sonic3air\ps3_release\constantarray.o
c:\s3air\oxygen\sonic3air\build\_ps3\sonic3air\sonic3air\ps3_release\datatype.o
c:\s3air\oxygen\sonic3air\build\_ps3\sonic3air\sonic3air\ps3_release\define.o
c:\s3air\oxygen\sonic3air\build\_ps3\sonic3air\sonic3air\ps3_release\globalslookup.o
c:\s3air\oxygen\sonic3air\build\_ps3\sonic3air\sonic3air\ps3_release\module.o
c:\s3air\oxygen\sonic3air\build\_ps3\sonic3air\sonic3air\ps3_release\moduleserializer.o
c:\s3air\oxygen\sonic3air\build\_ps3\sonic3air\sonic3air\ps3_release\opcode.o
c:\s3air\oxygen\sonic3air\build\_ps3\sonic3air\sonic3air\ps3_release\program.o
c:\s3air\oxygen\sonic3air\build\_ps3\sonic3air\sonic3air\ps3_release\sourcefileinfo.o
c:\s3air\oxygen\sonic3air\build\_ps3\sonic3air\sonic3air\ps3_release\stringref.o
c:\s3air\oxygen\sonic3air\build\_ps3\sonic3air\sonic3air\ps3_release\function.o
c:\s3air\oxygen\sonic3air\build\_ps3\sonic3air\sonic3air\ps3_release\functionwrapper.o
c:\s3air\oxygen\sonic3air\build\_ps3\sonic3air\sonic3air\ps3_release\nativefunction.o
c:\s3air\oxygen\sonic3air\build\_ps3\sonic3air\sonic3air\ps3_release\scriptfunction.o
c:\s3air\oxygen\sonic3air\build\_ps3\sonic3air\sonic3air\ps3_release\builtinfunctions.o
c:\s3air\oxygen\sonic3air\build\_ps3\sonic3air\sonic3air\ps3_release\controlflow.o
c:\s3air\oxygen\sonic3air\build\_ps3\sonic3air\sonic3air\ps3_release\opcodeprocessor.o
c:\s3air\oxygen\sonic3air\build\_ps3\sonic3air\sonic3air\ps3_release\runtime.o
c:\s3air\oxygen\sonic3air\build\_ps3\sonic3air\sonic3air\ps3_release\runtimefunction.o
c:\s3air\oxygen\sonic3air\build\_ps3\sonic3air\sonic3air\ps3_release\standardlibrary.o
c:\s3air\oxygen\sonic3air\build\_ps3\sonic3air\sonic3air\ps3_release\defaultopcodeprovider.o
c:\s3air\oxygen\sonic3air\build\_ps3\sonic3air\sonic3air\ps3_release\nativizedopcodeprovider.o
c:\s3air\oxygen\sonic3air\build\_ps3\sonic3air\sonic3air\ps3_release\optimizedopcodeprovider.o
c:\s3air\oxygen\sonic3air\build\_ps3\sonic3air\sonic3air\ps3_release\nativizer.o
c:\s3air\oxygen\sonic3air\build\_ps3\sonic3air\sonic3air\ps3_release\nativizerinternal.o
c:\s3air\oxygen\sonic3air\build\_ps3\sonic3air\sonic3air\ps3_release\sourcecodewriter.o
c:\s3air\oxygen\sonic3air\build\_ps3\sonic3air\sonic3air\ps3_release\translator.o
c:\s3air\oxygen\sonic3air\build\_ps3\sonic3air\sonic3air\ps3_release\datatypehelper.o
c:\s3air\oxygen\sonic3air\build\_ps3\sonic3air\sonic3air\ps3_release\flyweightstring.o
c:\s3air\oxygen\sonic3air\build\_ps3\sonic3air\sonic3air\ps3_release\pragmasplitter.o
c:\s3air\oxygen\sonic3air\build\_ps3\sonic3air\sonic3air\ps3_release\stringformatter.o
c:\s3air\oxygen\sonic3air\build\_ps3\sonic3air\sonic3air\ps3_release\stringformatterlegacy.o
c:\s3air\oxygen\sonic3air\build\_ps3\sonic3air\sonic3air\ps3_release\application.o
c:\s3air\oxygen\sonic3air\build\_ps3\sonic3air\sonic3air\ps3_release\configuration.o
c:\s3air\oxygen\sonic3air\build\_ps3\sonic3air\sonic3air\ps3_release\enginemain.o
c:\s3air\oxygen\sonic3air\build\_ps3\sonic3air\sonic3air\ps3_release\gameloader.o
c:\s3air\oxygen\sonic3air\build\_ps3\sonic3air\sonic3air\ps3_release\gameprofile.o
c:\s3air\oxygen\sonic3air\build\_ps3\sonic3air\sonic3air\ps3_release\audiocollection.o
c:\s3air\oxygen\sonic3air\build\_ps3\sonic3air\sonic3air\ps3_release\audiooutbase.o
c:\s3air\oxygen\sonic3air\build\_ps3\sonic3air\sonic3air\ps3_release\audioplayer.o
c:\s3air\oxygen\sonic3air\build\_ps3\sonic3air\sonic3air\ps3_release\audiosourcebase.o
c:\s3air\oxygen\sonic3air\build\_ps3\sonic3air\sonic3air\ps3_release\audiosourcemanager.o
c:\s3air\oxygen\sonic3air\build\_ps3\sonic3air\sonic3air\ps3_release\emulationaudiosource.o
c:\s3air\oxygen\sonic3air\build\_ps3\sonic3air\sonic3air\ps3_release\oggaudiosource.o
c:\s3air\oxygen\sonic3air\build\_ps3\sonic3air\sonic3air\ps3_release\gameview.o
c:\s3air\oxygen\sonic3air\build\_ps3\sonic3air\sonic3air\ps3_release\controlsin.o
c:\s3air\oxygen\sonic3air\build\_ps3\sonic3air\sonic3air\ps3_release\inputconfig.o
c:\s3air\oxygen\sonic3air\build\_ps3\sonic3air\sonic3air\ps3_release\inputmanager.o
c:\s3air\oxygen\sonic3air\build\_ps3\sonic3air\sonic3air\ps3_release\inputrecorder.o
c:\s3air\oxygen\sonic3air\build\_ps3\sonic3air\sonic3air\ps3_release\rumbleeffectqueue.o
c:\s3air\oxygen\sonic3air\build\_ps3\sonic3air\sonic3air\ps3_release\gamesetupscreen.o
c:\s3air\oxygen\sonic3air\build\_ps3\sonic3air\sonic3air\ps3_release\menuitems.o
c:\s3air\oxygen\sonic3air\build\_ps3\sonic3air\sonic3air\ps3_release\oxygenmenu.o
c:\s3air\oxygen\sonic3air\build\_ps3\sonic3air\sonic3air\ps3_release\mod.o
c:\s3air\oxygen\sonic3air\build\_ps3\sonic3air\sonic3air\ps3_release\modmanager.o
c:\s3air\oxygen\sonic3air\build\_ps3\sonic3air\sonic3air\ps3_release\backdropview.o
c:\s3air\oxygen\sonic3air\build\_ps3\sonic3air\sonic3air\ps3_release\cheatsheetoverlay.o
c:\s3air\oxygen\sonic3air\build\_ps3\sonic3air\sonic3air\ps3_release\debuglogview.o
c:\s3air\oxygen\sonic3air\build\_ps3\sonic3air\sonic3air\ps3_release\debugsidepanel.o
c:\s3air\oxygen\sonic3air\build\_ps3\sonic3air\sonic3air\ps3_release\debugsidepanelcategory.o
c:\s3air\oxygen\sonic3air\build\_ps3\sonic3air\sonic3air\ps3_release\memoryhexview.o
c:\s3air\oxygen\sonic3air\build\_ps3\sonic3air\sonic3air\ps3_release\profilingview.o
c:\s3air\oxygen\sonic3air\build\_ps3\sonic3air\sonic3air\ps3_release\savestatemenu.o
c:\s3air\oxygen\sonic3air\build\_ps3\sonic3air\sonic3air\ps3_release\touchcontrolsoverlay.o
c:\s3air\oxygen\sonic3air\build\_ps3\sonic3air\sonic3air\ps3_release\videoout.o
c:\s3air\oxygen\sonic3air\build\_ps3\sonic3air\sonic3air\ps3_release\downloadmanager.o
c:\s3air\oxygen\sonic3air\build\_ps3\sonic3air\sonic3air\ps3_release\downloader.o
c:\s3air\oxygen\sonic3air\build\_ps3\sonic3air\sonic3air\ps3_release\drawcollection.o
c:\s3air\oxygen\sonic3air\build\_ps3\sonic3air\sonic3air\ps3_release\drawcommand.o
c:\s3air\oxygen\sonic3air\build\_ps3\sonic3air\sonic3air\ps3_release\drawer.o
c:\s3air\oxygen\sonic3air\build\_ps3\sonic3air\sonic3air\ps3_release\drawertexture.o
c:\s3air\oxygen\sonic3air\build\_ps3\sonic3air\sonic3air\ps3_release\opengldrawer.o
c:\s3air\oxygen\sonic3air\build\_ps3\sonic3air\sonic3air\ps3_release\opengldrawerresources.o
c:\s3air\oxygen\sonic3air\build\_ps3\sonic3air\sonic3air\ps3_release\opengldrawertexture.o
c:\s3air\oxygen\sonic3air\build\_ps3\sonic3air\sonic3air\ps3_release\openglspritetexturemanager.o
c:\s3air\oxygen\sonic3air\build\_ps3\sonic3air\sonic3air\ps3_release\opengltexture.o
c:\s3air\oxygen\sonic3air\build\_ps3\sonic3air\sonic3air\ps3_release\openglupscaler.o
c:\s3air\oxygen\sonic3air\build\_ps3\sonic3air\sonic3air\ps3_release\blitter.o
c:\s3air\oxygen\sonic3air\build\_ps3\sonic3air\sonic3air\ps3_release\softwaredrawer.o
c:\s3air\oxygen\sonic3air\build\_ps3\sonic3air\sonic3air\ps3_release\softwaredrawertexture.o
c:\s3air\oxygen\sonic3air\build\_ps3\sonic3air\sonic3air\ps3_release\softwarerasterizer.o
c:\s3air\oxygen\sonic3air\build\_ps3\sonic3air\sonic3air\ps3_release\filepackage.o
c:\s3air\oxygen\sonic3air\build\_ps3\sonic3air\sonic3air\ps3_release\filestructuretree.o
c:\s3air\oxygen\sonic3air\build\_ps3\sonic3air\sonic3air\ps3_release\packedfileprovider.o
c:\s3air\oxygen\sonic3air\build\_ps3\sonic3air\sonic3air\ps3_release\zipfileprovider.o
c:\s3air\oxygen\sonic3air\build\_ps3\sonic3air\sonic3air\ps3_release\bitstream.o
c:\s3air\oxygen\sonic3air\build\_ps3\sonic3air\sonic3air\ps3_release\filehelper.o
c:\s3air\oxygen\sonic3air\build\_ps3\sonic3air\sonic3air\ps3_release\highresolutiontimer.o
c:\s3air\oxygen\sonic3air\build\_ps3\sonic3air\sonic3air\ps3_release\oxygenengine_source_oxygen_helper_jsonhelper.cpp.obj
c:\s3air\oxygen\sonic3air\build\_ps3\sonic3air\sonic3air\ps3_release\jsonserializer.o
c:\s3air\oxygen\sonic3air\build\_ps3\sonic3air\sonic3air\ps3_release\oxygenengine_source_oxygen_helper_logging.cpp.obj
c:\s3air\oxygen\sonic3air\build\_ps3\sonic3air\sonic3air\ps3_release\profiling.o
c:\s3air\oxygen\sonic3air\build\_ps3\sonic3air\sonic3air\ps3_release\randomnumbergenerator.o
c:\s3air\oxygen\sonic3air\build\_ps3\sonic3air\sonic3air\ps3_release\textinputhandler.o
c:\s3air\oxygen\sonic3air\build\_ps3\sonic3air\sonic3air\ps3_release\transform2d.o
c:\s3air\oxygen\sonic3air\build\_ps3\sonic3air\sonic3air\ps3_release\utils.o
c:\s3air\oxygen\sonic3air\build\_ps3\sonic3air\sonic3air\ps3_release\devmodemainwindow.o
c:\s3air\oxygen\sonic3air\build\_ps3\sonic3air\sonic3air\ps3_release\devmodewindowbase.o
c:\s3air\oxygen\sonic3air\build\_ps3\sonic3air\sonic3air\ps3_release\audiobrowserwindow.o
c:\s3air\oxygen\sonic3air\build\_ps3\sonic3air\sonic3air\ps3_release\callframeswindow.o
c:\s3air\oxygen\sonic3air\build\_ps3\sonic3air\sonic3air\ps3_release\customsidepanelwindow.o
c:\s3air\oxygen\sonic3air\build\_ps3\sonic3air\sonic3air\ps3_release\debuglogwindow.o
c:\s3air\oxygen\sonic3air\build\_ps3\sonic3air\sonic3air\ps3_release\filebrowserwindow.o
c:\s3air\oxygen\sonic3air\build\_ps3\sonic3air\sonic3air\ps3_release\gamesimwindow.o
c:\s3air\oxygen\sonic3air\build\_ps3\sonic3air\sonic3air\ps3_release\gamevisualizationswindow.o
c:\s3air\oxygen\sonic3air\build\_ps3\sonic3air\sonic3air\ps3_release\memoryhexviewwindow.o
c:\s3air\oxygen\sonic3air\build\_ps3\sonic3air\sonic3air\ps3_release\networkingwindow.o
c:\s3air\oxygen\sonic3air\build\_ps3\sonic3air\sonic3air\ps3_release\palettebrowserwindow.o
c:\s3air\oxygen\sonic3air\build\_ps3\sonic3air\sonic3air\ps3_release\paletteviewwindow.o
c:\s3air\oxygen\sonic3air\build\_ps3\sonic3air\sonic3air\ps3_release\persistentdatawindow.o
c:\s3air\oxygen\sonic3air\build\_ps3\sonic3air\sonic3air\ps3_release\renderedgeometrywindow.o
c:\s3air\oxygen\sonic3air\build\_ps3\sonic3air\sonic3air\ps3_release\scriptbuildwindow.o
c:\s3air\oxygen\sonic3air\build\_ps3\sonic3air\sonic3air\ps3_release\settingswindow.o
c:\s3air\oxygen\sonic3air\build\_ps3\sonic3air\sonic3air\ps3_release\spritebrowserwindow.o
c:\s3air\oxygen\sonic3air\build\_ps3\sonic3air\sonic3air\ps3_release\vramwriteswindow.o
c:\s3air\oxygen\sonic3air\build\_ps3\sonic3air\sonic3air\ps3_release\watcheswindow.o
c:\s3air\oxygen\sonic3air\build\_ps3\sonic3air\sonic3air\ps3_release\imguiextensions.o
c:\s3air\oxygen\sonic3air\build\_ps3\sonic3air\sonic3air\ps3_release\imguihelpers.o
c:\s3air\oxygen\sonic3air\build\_ps3\sonic3air\sonic3air\ps3_release\imguiintegration.o
c:\s3air\oxygen\sonic3air\build\_ps3\sonic3air\sonic3air\ps3_release\imguimanager.o
c:\s3air\oxygen\sonic3air\build\_ps3\sonic3air\sonic3air\ps3_release\imguisoftwarerenderer.o
c:\s3air\oxygen\sonic3air\build\_ps3\sonic3air\sonic3air\ps3_release\imguifilebrowser.o
c:\s3air\oxygen\sonic3air\build\_ps3\sonic3air\sonic3air\ps3_release\engineserverclient.o
c:\s3air\oxygen\sonic3air\build\_ps3\sonic3air\sonic3air\ps3_release\externaladdressquery.o
c:\s3air\oxygen\sonic3air\build\_ps3\sonic3air\sonic3air\ps3_release\netplayclient.o
c:\s3air\oxygen\sonic3air\build\_ps3\sonic3air\sonic3air\ps3_release\netplayhost.o
c:\s3air\oxygen\sonic3air\build\_ps3\sonic3air\sonic3air\ps3_release\netplaymanager.o
c:\s3air\oxygen\sonic3air\build\_ps3\sonic3air\sonic3air\ps3_release\oxygenengine_source_oxygen_pch.cpp.obj
c:\s3air\oxygen\sonic3air\build\_ps3\sonic3air\sonic3air\ps3_release\crashhandler.o
c:\s3air\oxygen\sonic3air\build\_ps3\sonic3air\sonic3air\ps3_release\platformfunctions.o
c:\s3air\oxygen\sonic3air\build\_ps3\sonic3air\sonic3air\ps3_release\androidjnihelper.o
c:\s3air\oxygen\sonic3air\build\_ps3\sonic3air\sonic3air\ps3_release\androidjavainterface.o
c:\s3air\oxygen\sonic3air\build\_ps3\sonic3air\sonic3air\ps3_release\geometry.o
c:\s3air\oxygen\sonic3air\build\_ps3\sonic3air\sonic3air\ps3_release\renderresources.o
c:\s3air\oxygen\sonic3air\build\_ps3\sonic3air\sonic3air\ps3_release\renderer.o
c:\s3air\oxygen\sonic3air\build\_ps3\sonic3air\sonic3air\ps3_release\openglrenderresources.o
c:\s3air\oxygen\sonic3air\build\_ps3\sonic3air\sonic3air\ps3_release\openglrenderer.o
c:\s3air\oxygen\sonic3air\build\_ps3\sonic3air\sonic3air\ps3_release\debugdrawplaneshader.o
c:\s3air\oxygen\sonic3air\build\_ps3\sonic3air\sonic3air\ps3_release\openglshader.o
c:\s3air\oxygen\sonic3air\build\_ps3\sonic3air\sonic3air\ps3_release\postfxblurshader.o
c:\s3air\oxygen\sonic3air\build\_ps3\sonic3air\sonic3air\ps3_release\rendercomponentspriteshader.o
c:\s3air\oxygen\sonic3air\build\_ps3\sonic3air\sonic3air\ps3_release\renderpalettespriteshader.o
c:\s3air\oxygen\sonic3air\build\_ps3\sonic3air\sonic3air\ps3_release\renderplaneshader.o
c:\s3air\oxygen\sonic3air\build\_ps3\sonic3air\sonic3air\ps3_release\rendervdpspriteshader.o
c:\s3air\oxygen\sonic3air\build\_ps3\sonic3air\sonic3air\ps3_release\simplecopyscreenshader.o
c:\s3air\oxygen\sonic3air\build\_ps3\sonic3air\sonic3air\ps3_release\simplerectcoloredshader.o
c:\s3air\oxygen\sonic3air\build\_ps3\sonic3air\sonic3air\ps3_release\simplerectindexedshader.o
c:\s3air\oxygen\sonic3air\build\_ps3\sonic3air\sonic3air\ps3_release\simplerectoverdrawshader.o
c:\s3air\oxygen\sonic3air\build\_ps3\sonic3air\sonic3air\ps3_release\simplerecttexturedshader.o
c:\s3air\oxygen\sonic3air\build\_ps3\sonic3air\sonic3air\ps3_release\simplerecttextureduvshader.o
c:\s3air\oxygen\sonic3air\build\_ps3\sonic3air\sonic3air\ps3_release\simplerectvertexcolorshader.o
c:\s3air\oxygen\sonic3air\build\_ps3\sonic3air\sonic3air\ps3_release\patternmanager.o
c:\s3air\oxygen\sonic3air\build\_ps3\sonic3air\sonic3air\ps3_release\planemanager.o
c:\s3air\oxygen\sonic3air\build\_ps3\sonic3air\sonic3air\ps3_release\renderitem.o
c:\s3air\oxygen\sonic3air\build\_ps3\sonic3air\sonic3air\ps3_release\renderparts.o
c:\s3air\oxygen\sonic3air\build\_ps3\sonic3air\sonic3air\ps3_release\scrolloffsetsmanager.o
c:\s3air\oxygen\sonic3air\build\_ps3\sonic3air\sonic3air\ps3_release\spritemanager.o
c:\s3air\oxygen\sonic3air\build\_ps3\sonic3air\sonic3air\ps3_release\palette.o
c:\s3air\oxygen\sonic3air\build\_ps3\sonic3air\sonic3air\ps3_release\palettemanager.o
c:\s3air\oxygen\sonic3air\build\_ps3\sonic3air\sonic3air\ps3_release\softwarerenderer.o
c:\s3air\oxygen\sonic3air\build\_ps3\sonic3air\sonic3air\ps3_release\componentsprite.o
c:\s3air\oxygen\sonic3air\build\_ps3\sonic3air\sonic3air\ps3_release\palettesprite.o
c:\s3air\oxygen\sonic3air\build\_ps3\sonic3air\sonic3air\ps3_release\spritedump.o
c:\s3air\oxygen\sonic3air\build\_ps3\sonic3air\sonic3air\ps3_release\buffertexture.o
c:\s3air\oxygen\sonic3air\build\_ps3\sonic3air\sonic3air\ps3_release\kosinski.o
c:\s3air\oxygen\sonic3air\build\_ps3\sonic3air\sonic3air\ps3_release\renderutils.o
c:\s3air\oxygen\sonic3air\build\_ps3\sonic3air\sonic3air\ps3_release\fontcollection.o
c:\s3air\oxygen\sonic3air\build\_ps3\sonic3air\sonic3air\ps3_release\palettecollection.o
c:\s3air\oxygen\sonic3air\build\_ps3\sonic3air\sonic3air\ps3_release\printedtextcache.o
c:\s3air\oxygen\sonic3air\build\_ps3\sonic3air\sonic3air\ps3_release\rawdatacollection.o
c:\s3air\oxygen\sonic3air\build\_ps3\sonic3air\sonic3air\ps3_release\resourcescache.o
c:\s3air\oxygen\sonic3air\build\_ps3\sonic3air\sonic3air\ps3_release\spritecollection.o
c:\s3air\oxygen\sonic3air\build\_ps3\sonic3air\sonic3air\ps3_release\codeexec.o
c:\s3air\oxygen\sonic3air\build\_ps3\sonic3air\sonic3air\ps3_release\emulatorinterface.o
c:\s3air\oxygen\sonic3air\build\_ps3\sonic3air\sonic3air\ps3_release\gamerecorder.o
c:\s3air\oxygen\sonic3air\build\_ps3\sonic3air\sonic3air\ps3_release\lemonscriptprogram.o
c:\s3air\oxygen\sonic3air\build\_ps3\sonic3air\sonic3air\ps3_release\lemonscriptruntime.o
c:\s3air\oxygen\sonic3air\build\_ps3\sonic3air\sonic3air\ps3_release\logdisplay.o
c:\s3air\oxygen\sonic3air\build\_ps3\sonic3air\sonic3air\ps3_release\persistentdata.o
c:\s3air\oxygen\sonic3air\build\_ps3\sonic3air\sonic3air\ps3_release\savestateserializer.o
c:\s3air\oxygen\sonic3air\build\_ps3\sonic3air\sonic3air\ps3_release\simulation.o
c:\s3air\oxygen\sonic3air\build\_ps3\sonic3air\sonic3air\ps3_release\simulationstate.o
c:\s3air\oxygen\sonic3air\build\_ps3\sonic3air\sonic3air\ps3_release\romdataanalyser.o
c:\s3air\oxygen\sonic3air\build\_ps3\sonic3air\sonic3air\ps3_release\lemonscriptbindings.o
c:\s3air\oxygen\sonic3air\build\_ps3\sonic3air\sonic3air\ps3_release\rendererbindings.o
c:\s3air\oxygen\sonic3air\build\_ps3\sonic3air\sonic3air\ps3_release\debugtracking.o
c:\s3air\oxygen\sonic3air\build\_ps3\sonic3air\sonic3air\ps3_release\sounddriver.o
c:\s3air\oxygen\sonic3air\build\_ps3\sonic3air\sonic3air\ps3_release\soundemulation.o
c:\s3air\oxygen\sonic3air\build\_ps3\sonic3air\sonic3air\ps3_release\blip_buf.o
c:\s3air\oxygen\sonic3air\build\_ps3\sonic3air\sonic3air\ps3_release\sn76489.o
c:\s3air\oxygen\sonic3air\build\_ps3\sonic3air\sonic3air\ps3_release\ym2612.o
c:\s3air\oxygen\sonic3air\build\_ps3\sonic3air\sonic3air\ps3_release\connectionmanager.o
c:\s3air\oxygen\sonic3air\build\_ps3\sonic3air\sonic3air\ps3_release\netconnection.o
c:\s3air\oxygen\sonic3air\build\_ps3\sonic3air\sonic3air\ps3_release\requestbase.o
c:\s3air\oxygen\sonic3air\build\_ps3\sonic3air\sonic3air\ps3_release\sockets.o
c:\s3air\oxygen\sonic3air\build\_ps3\sonic3air\sonic3air\ps3_release\cryptofunctions.o
c:\s3air\oxygen\sonic3air\build\_ps3\sonic3air\sonic3air\ps3_release\receivedpacketcache.o
c:\s3air\oxygen\sonic3air\build\_ps3\sonic3air\sonic3air\ps3_release\sentpacketcache.o
c:\s3air\oxygen\sonic3air\build\_ps3\sonic3air\sonic3air\ps3_release\websocketclient.o
c:\s3air\oxygen\sonic3air\build\_ps3\sonic3air\sonic3air\ps3_release\websocketwrapper.o
c:\s3air\oxygen\sonic3air\build\_ps3\sonic3air\sonic3air\ps3_release\oxygenengine_source_oxygen_netcore_pch.cpp.obj
c:\s3air\oxygen\sonic3air\build\_ps3\sonic3air\sonic3air\ps3_release\configurationimpl.o
c:\s3air\oxygen\sonic3air\build\_ps3\sonic3air\sonic3air\ps3_release\enginedelegate.o
c:\s3air\oxygen\sonic3air\build\_ps3\sonic3air\sonic3air\ps3_release\game.o
c:\s3air\oxygen\sonic3air\build\_ps3\sonic3air\sonic3air\ps3_release\nativizedcode.o
c:\s3air\oxygen\sonic3air\build\_ps3\sonic3air\sonic3air\ps3_release\audioout.o
c:\s3air\oxygen\sonic3air\build\_ps3\sonic3air\sonic3air\ps3_release\customaudiomixer.o
c:\s3air\oxygen\sonic3air\build\_ps3\sonic3air\sonic3air\ps3_release\remasteredmusicdownload.o
c:\s3air\oxygen\sonic3air\build\_ps3\sonic3air\sonic3air\ps3_release\gameclient.o
c:\s3air\oxygen\sonic3air\build\_ps3\sonic3air\sonic3air\ps3_release\ghostsync.o
c:\s3air\oxygen\sonic3air\build\_ps3\sonic3air\sonic3air\ps3_release\updatecheck.o
c:\s3air\oxygen\sonic3air\build\_ps3\sonic3air\sonic3air\ps3_release\crowdcontrolclient.o
c:\s3air\oxygen\sonic3air\build\_ps3\sonic3air\sonic3air\ps3_release\playerprogress.o
c:\s3air\oxygen\sonic3air\build\_ps3\sonic3air\sonic3air\ps3_release\playerrecorder.o
c:\s3air\oxygen\sonic3air\build\_ps3\sonic3air\sonic3air\ps3_release\shareddatabase.o
c:\s3air\oxygen\sonic3air\build\_ps3\sonic3air\sonic3air\ps3_release\timeattackdata.o
c:\s3air\oxygen\sonic3air\build\_ps3\sonic3air\sonic3air\ps3_release\resourcescriptgenerator.o
c:\s3air\oxygen\sonic3air\build\_ps3\sonic3air\sonic3air\ps3_release\bluespheresrendering.o
c:\s3air\oxygen\sonic3air\build\_ps3\sonic3air\sonic3air\ps3_release\commandforwarder.o
c:\s3air\oxygen\sonic3air\build\_ps3\sonic3air\sonic3air\ps3_release\discordintegration.o
c:\s3air\oxygen\sonic3air\build\_ps3\sonic3air\sonic3air\ps3_release\drawingutils.o
c:\s3air\oxygen\sonic3air\build\_ps3\sonic3air\sonic3air\ps3_release\gameutils.o
c:\s3air\oxygen\sonic3air\build\_ps3\sonic3air\sonic3air\ps3_release\packagebuilder.o
c:\s3air\oxygen\sonic3air\build\_ps3\sonic3air\sonic3air\ps3_release\main.o
c:\s3air\oxygen\sonic3air\build\_ps3\sonic3air\sonic3air\ps3_release\extrasmenu.o
c:\s3air\oxygen\sonic3air\build\_ps3\sonic3air\sonic3air\ps3_release\gameapp.o
c:\s3air\oxygen\sonic3air\build\_ps3\sonic3air\sonic3air\ps3_release\gamemenubase.o
c:\s3air\oxygen\sonic3air\build\_ps3\sonic3air\sonic3air\ps3_release\gamemenumanager.o
c:\s3air\oxygen\sonic3air\build\_ps3\sonic3air\sonic3air\ps3_release\mainmenu.o
c:\s3air\oxygen\sonic3air\build\_ps3\sonic3air\sonic3air\ps3_release\menubackground.o
c:\s3air\oxygen\sonic3air\build\_ps3\sonic3air\sonic3air\ps3_release\pausemenu.o
c:\s3air\oxygen\sonic3air\build\_ps3\sonic3air\sonic3air\ps3_release\sharedresources.o
c:\s3air\oxygen\sonic3air\build\_ps3\sonic3air\sonic3air\ps3_release\timeattackmenu.o
c:\s3air\oxygen\sonic3air\build\_ps3\sonic3air\sonic3air\ps3_release\timeattackresultsmenu.o
c:\s3air\oxygen\sonic3air\build\_ps3\sonic3air\sonic3air\ps3_release\applicationcontextmenu.o
c:\s3air\oxygen\sonic3air\build\_ps3\sonic3air\sonic3air\ps3_release\generalmenuentries.o
c:\s3air\oxygen\sonic3air\build\_ps3\sonic3air\sonic3air\ps3_release\gamemenucontrolsdisplay.o
c:\s3air\oxygen\sonic3air\build\_ps3\sonic3air\sonic3air\ps3_release\gamemenuscrolling.o
c:\s3air\oxygen\sonic3air\build\_ps3\sonic3air\sonic3air\ps3_release\modsmenu.o
c:\s3air\oxygen\sonic3air\build\_ps3\sonic3air\sonic3air\ps3_release\modsmenuentries.o
c:\s3air\oxygen\sonic3air\build\_ps3\sonic3air\sonic3air\ps3_release\modsstartpage.o
c:\s3air\oxygen\sonic3air\build\_ps3\sonic3air\sonic3air\ps3_release\controllersetupmenu.o
c:\s3air\oxygen\sonic3air\build\_ps3\sonic3air\sonic3air\ps3_release\optionsconfig.o
c:\s3air\oxygen\sonic3air\build\_ps3\sonic3air\sonic3air\ps3_release\optionsentry.o
c:\s3air\oxygen\sonic3air\build\_ps3\sonic3air\sonic3air\ps3_release\optionsmenu.o
c:\s3air\oxygen\sonic3air\build\_ps3\sonic3air\sonic3air\ps3_release\optionsmenuentries.o
c:\s3air\oxygen\sonic3air\build\_ps3\sonic3air\sonic3air\ps3_release\secretunlockedwindow.o
c:\s3air\oxygen\sonic3air\build\_ps3\sonic3air\sonic3air\ps3_release\skippablecutscenewindow.o
c:\s3air\oxygen\sonic3air\build\_ps3\sonic3air\sonic3air\ps3_release\source_sonic3air_pch.cpp.obj
c:\s3air\oxygen\sonic3air\build\_ps3\sonic3air\sonic3air\ps3_release\platformspecifics.o
c:\s3air\oxygen\sonic3air\build\_ps3\sonic3air\sonic3air\ps3_release\dynamicsprites.o
c:\s3air\oxygen\sonic3air\build\_ps3\sonic3air\sonic3air\ps3_release\scriptimplementations.o
c:\s3air\oxygen\sonic3air\build\_ps3\sonic3air\sonic3air\ps3_release\sonic3air.tlog\ps3ppuld64.command.1.tlog
c:\s3air\oxygen\sonic3air\build\_ps3\sonic3air\sonic3air\ps3_release\sonic3air.tlog\ps3ppuld64.read.1.tlog
c:\s3air\oxygen\sonic3air\build\_ps3\sonic3air\sonic3air\ps3_release\sonic3air.tlog\ps3ppuld64.write.1.tlog
c:\s3air\oxygen\sonic3air\build\_ps3\sonic3air\sonic3air\ps3_release\sonic3air.tlog\ps3ppusnc.command.1.tlog
c:\s3air\oxygen\sonic3air\build\_ps3\sonic3air\sonic3air\ps3_release\sonic3air.tlog\ps3ppusnc.read.1.tlog
c:\s3air\oxygen\sonic3air\build\_ps3\sonic3air\sonic3air\ps3_release\sonic3air.tlog\ps3ppusnc.write.1.tlog
