Build started 1/8/2026 10:46:35.
     1>Project "C:\s3air\Oxygen\sonic3air\build\_ps3\SONIC3AIR\SONIC3AIR\SONIC3AIR.vcxproj" on node 2 (Rebuild target(s)).
     1>ClCompile:
         imgui_impl_opengl3.cpp
         ps3ppusnc.exe -DPPU -D__CELLOS_LV2__ -D__ppc__ -D__PPU__ -DRMX_PLATFORM_PS3 -DRMX_NO_GLEW -DRMX_NO_IMGUI -DUSE_GLES -DIMGUI_DISABLE_DEFAULT_SHELL_FUNCTIONS -DJSONCPP_NO_LOCALE_SUPPORT -DJSON_USE_EXCEPTION=0 -DNDEBUG -D__PS3__ -o PS3_Release\imgui_impl_opengl3.o -c -Xdepmode=1 -MD -Xmserrors -I..\..\..\..\source -I..\..\..\..\source\external -I..\..\..\..\..\lemonscript\source -I..\..\..\..\..\oxygenengine\source -I..\..\..\..\..\..\librmx\source -I..\..\..\..\..\..\framework\external\zlib\zlib -I..\..\..\..\..\..\framework\external\zlib\zlib\contrib\minizip -I"..\..\..\..\..\..\framework\external\ogg-vorbis\libogg\include" -I"..\..\..\..\..\..\framework\external\ogg-vorbis\libvorbis\include" -I"..\..\..\..\..\..\framework\external\ogg-vorbis\libvorbis\lib" -I..\..\..\..\..\..\framework\external\imgui\imgui -I. -IC:/usr/local/cell\target\ppu\include -IC:/usr/local/cell\target\common\include -I"C:/usr/local/cell\host-win32\sn\ppu\include" -O2 -Xstd=cpp11 -Xc-=rtti -Xaltivec --no_exceptions --no_rtti -Xstd=cpp11 C:\s3air\framework\external\imgui\imgui\backends\imgui_impl_opengl3.cpp
         imgui.cpp
         ps3ppusnc.exe -DPPU -D__CELLOS_LV2__ -D__ppc__ -D__PPU__ -DRMX_PLATFORM_PS3 -DRMX_NO_GLEW -DRMX_NO_IMGUI -DUSE_GLES -DIMGUI_DISABLE_DEFAULT_SHELL_FUNCTIONS -DJSONCPP_NO_LOCALE_SUPPORT -DJSON_USE_EXCEPTION=0 -DNDEBUG -D__PS3__ -o PS3_Release\imgui.o -c -Xdepmode=1 -MD -Xmserrors -I..\..\..\..\source -I..\..\..\..\source\external -I..\..\..\..\..\lemonscript\source -I..\..\..\..\..\oxygenengine\source -I..\..\..\..\..\..\librmx\source -I..\..\..\..\..\..\framework\external\zlib\zlib -I..\..\..\..\..\..\framework\external\zlib\zlib\contrib\minizip -I"..\..\..\..\..\..\framework\external\ogg-vorbis\libogg\include" -I"..\..\..\..\..\..\framework\external\ogg-vorbis\libvorbis\include" -I"..\..\..\..\..\..\framework\external\ogg-vorbis\libvorbis\lib" -I..\..\..\..\..\..\framework\external\imgui\imgui -I. -IC:/usr/local/cell\target\ppu\include -IC:/usr/local/cell\target\common\include -I"C:/usr/local/cell\host-win32\sn\ppu\include" -O2 -Xstd=cpp11 -Xc-=rtti -Xaltivec --no_exceptions --no_rtti -Xstd=cpp11 C:\s3air\framework\external\imgui\imgui\imgui.cpp
         imgui_draw.cpp
         ps3ppusnc.exe -DPPU -D__CELLOS_LV2__ -D__ppc__ -D__PPU__ -DRMX_PLATFORM_PS3 -DRMX_NO_GLEW -DRMX_NO_IMGUI -DUSE_GLES -DIMGUI_DISABLE_DEFAULT_SHELL_FUNCTIONS -DJSONCPP_NO_LOCALE_SUPPORT -DJSON_USE_EXCEPTION=0 -DNDEBUG -D__PS3__ -o PS3_Release\imgui_draw.o -c -Xdepmode=1 -MD -Xmserrors -I..\..\..\..\source -I..\..\..\..\source\external -I..\..\..\..\..\lemonscript\source -I..\..\..\..\..\oxygenengine\source -I..\..\..\..\..\..\librmx\source -I..\..\..\..\..\..\framework\external\zlib\zlib -I..\..\..\..\..\..\framework\external\zlib\zlib\contrib\minizip -I"..\..\..\..\..\..\framework\external\ogg-vorbis\libogg\include" -I"..\..\..\..\..\..\framework\external\ogg-vorbis\libvorbis\include" -I"..\..\..\..\..\..\framework\external\ogg-vorbis\libvorbis\lib" -I..\..\..\..\..\..\framework\external\imgui\imgui -I. -IC:/usr/local/cell\target\ppu\include -IC:/usr/local/cell\target\common\include -I"C:/usr/local/cell\host-win32\sn\ppu\include" -O2 -Xstd=cpp11 -Xc-=rtti -Xaltivec --no_exceptions --no_rtti -Xstd=cpp11 C:\s3air\framework\external\imgui\imgui\imgui_draw.cpp
     1>C:\s3air\framework\external\imgui\imgui\imstb_truetype.h(2603,15): warning 112: statement is unreachable
         
         imgui_tables.cpp
         ps3ppusnc.exe -DPPU -D__CELLOS_LV2__ -D__ppc__ -D__PPU__ -DRMX_PLATFORM_PS3 -DRMX_NO_GLEW -DRMX_NO_IMGUI -DUSE_GLES -DIMGUI_DISABLE_DEFAULT_SHELL_FUNCTIONS -DJSONCPP_NO_LOCALE_SUPPORT -DJSON_USE_EXCEPTION=0 -DNDEBUG -D__PS3__ -o PS3_Release\imgui_tables.o -c -Xdepmode=1 -MD -Xmserrors -I..\..\..\..\source -I..\..\..\..\source\external -I..\..\..\..\..\lemonscript\source -I..\..\..\..\..\oxygenengine\source -I..\..\..\..\..\..\librmx\source -I..\..\..\..\..\..\framework\external\zlib\zlib -I..\..\..\..\..\..\framework\external\zlib\zlib\contrib\minizip -I"..\..\..\..\..\..\framework\external\ogg-vorbis\libogg\include" -I"..\..\..\..\..\..\framework\external\ogg-vorbis\libvorbis\include" -I"..\..\..\..\..\..\framework\external\ogg-vorbis\libvorbis\lib" -I..\..\..\..\..\..\framework\external\imgui\imgui -I. -IC:/usr/local/cell\target\ppu\include -IC:/usr/local/cell\target\common\include -I"C:/usr/local/cell\host-win32\sn\ppu\include" -O2 -Xstd=cpp11 -Xc-=rtti -Xaltivec --no_exceptions --no_rtti -Xstd=cpp11 C:\s3air\framework\external\imgui\imgui\imgui_tables.cpp
         imgui_widgets.cpp
         ps3ppusnc.exe -DPPU -D__CELLOS_LV2__ -D__ppc__ -D__PPU__ -DRMX_PLATFORM_PS3 -DRMX_NO_GLEW -DRMX_NO_IMGUI -DUSE_GLES -DIMGUI_DISABLE_DEFAULT_SHELL_FUNCTIONS -DJSONCPP_NO_LOCALE_SUPPORT -DJSON_USE_EXCEPTION=0 -DNDEBUG -D__PS3__ -o PS3_Release\imgui_widgets.o -c -Xdepmode=1 -MD -Xmserrors -I..\..\..\..\source -I..\..\..\..\source\external -I..\..\..\..\..\lemonscript\source -I..\..\..\..\..\oxygenengine\source -I..\..\..\..\..\..\librmx\source -I..\..\..\..\..\..\framework\external\zlib\zlib -I..\..\..\..\..\..\framework\external\zlib\zlib\contrib\minizip -I"..\..\..\..\..\..\framework\external\ogg-vorbis\libogg\include" -I"..\..\..\..\..\..\framework\external\ogg-vorbis\libvorbis\include" -I"..\..\..\..\..\..\framework\external\ogg-vorbis\libvorbis\lib" -I..\..\..\..\..\..\framework\external\imgui\imgui -I. -IC:/usr/local/cell\target\ppu\include -IC:/usr/local/cell\target\common\include -I"C:/usr/local/cell\host-win32\sn\ppu\include" -O2 -Xstd=cpp11 -Xc-=rtti -Xaltivec --no_exceptions --no_rtti -Xstd=cpp11 C:\s3air\framework\external\imgui\imgui\imgui_widgets.cpp
     1>C:\s3air\framework\external\imgui\imgui\imgui_internal.h(503,80): warning 187: pointless comparison of unsigned integer with zero
                   C:\s3air\framework\external\imgui\imgui\imgui_internal.h(18467,47): detected during instantiation of "T ImAddClampOverflow(T, T, T, T) [with T=ImU8]" at line 2292
         
     1>C:\s3air\framework\external\imgui\imgui\imgui_internal.h(504,118): warning 187: pointless comparison of unsigned integer with zero
                   C:\s3air\framework\external\imgui\imgui\imgui_internal.h(18468,47): detected during instantiation of "T ImSubClampOverflow(T, T, T, T) [with T=ImU8]" at line 2293
         
     1>C:\s3air\framework\external\imgui\imgui\imgui_internal.h(503,80): warning 187: pointless comparison of unsigned integer with zero
                   C:\s3air\framework\external\imgui\imgui\imgui_internal.h(18475,47): detected during instantiation of "T ImAddClampOverflow(T, T, T, T) [with T=ImU16]" at line 2300
         
     1>C:\s3air\framework\external\imgui\imgui\imgui_internal.h(504,118): warning 187: pointless comparison of unsigned integer with zero
                   C:\s3air\framework\external\imgui\imgui\imgui_internal.h(18476,47): detected during instantiation of "T ImSubClampOverflow(T, T, T, T) [with T=ImU16]" at line 2301
         
     1>C:\s3air\framework\external\imgui\imgui\imgui_internal.h(503,80): warning 187: pointless comparison of unsigned integer with zero
                   C:\s3air\framework\external\imgui\imgui\imgui_internal.h(18483,47): detected during instantiation of "T ImAddClampOverflow(T, T, T, T) [with T=ImU32]" at line 2308
         
     1>C:\s3air\framework\external\imgui\imgui\imgui_internal.h(504,118): warning 187: pointless comparison of unsigned integer with zero
                   C:\s3air\framework\external\imgui\imgui\imgui_internal.h(18484,47): detected during instantiation of "T ImSubClampOverflow(T, T, T, T) [with T=ImU32]" at line 2309
         
     1>C:\s3air\framework\external\imgui\imgui\imgui_internal.h(503,80): warning 187: pointless comparison of unsigned integer with zero
                   C:\s3air\framework\external\imgui\imgui\imgui_internal.h(18491,47): detected during instantiation of "T ImAddClampOverflow(T, T, T, T) [with T=ImU64]" at line 2316
         
     1>C:\s3air\framework\external\imgui\imgui\imgui_internal.h(504,118): warning 187: pointless comparison of unsigned integer with zero
                   C:\s3air\framework\external\imgui\imgui\imgui_internal.h(18492,47): detected during instantiation of "T ImSubClampOverflow(T, T, T, T) [with T=ImU64]" at line 2317
         
         bitwise.c
         ps3ppusnc.exe -DPPU -D__CELLOS_LV2__ -D__ppc__ -D__PPU__ -DRMX_PLATFORM_PS3 -DRMX_NO_GLEW -DRMX_NO_IMGUI -DUSE_GLES -DIMGUI_DISABLE_DEFAULT_SHELL_FUNCTIONS -DJSONCPP_NO_LOCALE_SUPPORT -DJSON_USE_EXCEPTION=0 -DNDEBUG -D__PS3__ -o PS3_Release\bitwise.o -c -Xdepmode=1 -MD -Xmserrors -I..\..\..\..\source -I..\..\..\..\source\external -I..\..\..\..\..\lemonscript\source -I..\..\..\..\..\oxygenengine\source -I..\..\..\..\..\..\librmx\source -I..\..\..\..\..\..\framework\external\zlib\zlib -I..\..\..\..\..\..\framework\external\zlib\zlib\contrib\minizip -I"..\..\..\..\..\..\framework\external\ogg-vorbis\libogg\include" -I"..\..\..\..\..\..\framework\external\ogg-vorbis\libvorbis\include" -I"..\..\..\..\..\..\framework\external\ogg-vorbis\libvorbis\lib" -I..\..\..\..\..\..\framework\external\imgui\imgui -I. -IC:/usr/local/cell\target\ppu\include -IC:/usr/local/cell\target\common\include -I"C:/usr/local/cell\host-win32\sn\ppu\include" -O2 -Xstd=cpp11 -Xc-=rtti -Xaltivec --no_exceptions --no_rtti -Xstd=cpp11 C:\s3air\framework\external\ogg-vorbis\libogg\src\bitwise.c
     1>SNCCL : Command line warning 2259: -Xstd=cpp11 is only valid for C++ (ignored for C:\s3air\framework\external\ogg-vorbis\libogg\src\bitwise.c)
         framing.c
         ps3ppusnc.exe -DPPU -D__CELLOS_LV2__ -D__ppc__ -D__PPU__ -DRMX_PLATFORM_PS3 -DRMX_NO_GLEW -DRMX_NO_IMGUI -DUSE_GLES -DIMGUI_DISABLE_DEFAULT_SHELL_FUNCTIONS -DJSONCPP_NO_LOCALE_SUPPORT -DJSON_USE_EXCEPTION=0 -DNDEBUG -D__PS3__ -o PS3_Release\framing.o -c -Xdepmode=1 -MD -Xmserrors -I..\..\..\..\source -I..\..\..\..\source\external -I..\..\..\..\..\lemonscript\source -I..\..\..\..\..\oxygenengine\source -I..\..\..\..\..\..\librmx\source -I..\..\..\..\..\..\framework\external\zlib\zlib -I..\..\..\..\..\..\framework\external\zlib\zlib\contrib\minizip -I"..\..\..\..\..\..\framework\external\ogg-vorbis\libogg\include" -I"..\..\..\..\..\..\framework\external\ogg-vorbis\libvorbis\include" -I"..\..\..\..\..\..\framework\external\ogg-vorbis\libvorbis\lib" -I..\..\..\..\..\..\framework\external\imgui\imgui -I. -IC:/usr/local/cell\target\ppu\include -IC:/usr/local/cell\target\common\include -I"C:/usr/local/cell\host-win32\sn\ppu\include" -O2 -Xstd=cpp11 -Xc-=rtti -Xaltivec --no_exceptions --no_rtti -Xstd=cpp11 C:\s3air\framework\external\ogg-vorbis\libogg\src\framing.c
     1>SNCCL : Command line warning 2259: -Xstd=cpp11 is only valid for C++ (ignored for C:\s3air\framework\external\ogg-vorbis\libogg\src\framing.c)
         analysis.c
         ps3ppusnc.exe -DPPU -D__CELLOS_LV2__ -D__ppc__ -D__PPU__ -DRMX_PLATFORM_PS3 -DRMX_NO_GLEW -DRMX_NO_IMGUI -DUSE_GLES -DIMGUI_DISABLE_DEFAULT_SHELL_FUNCTIONS -DJSONCPP_NO_LOCALE_SUPPORT -DJSON_USE_EXCEPTION=0 -DNDEBUG -D__PS3__ -o PS3_Release\analysis.o -c -Xdepmode=1 -MD -Xmserrors -I..\..\..\..\source -I..\..\..\..\source\external -I..\..\..\..\..\lemonscript\source -I..\..\..\..\..\oxygenengine\source -I..\..\..\..\..\..\librmx\source -I..\..\..\..\..\..\framework\external\zlib\zlib -I..\..\..\..\..\..\framework\external\zlib\zlib\contrib\minizip -I"..\..\..\..\..\..\framework\external\ogg-vorbis\libogg\include" -I"..\..\..\..\..\..\framework\external\ogg-vorbis\libvorbis\include" -I"..\..\..\..\..\..\framework\external\ogg-vorbis\libvorbis\lib" -I..\..\..\..\..\..\framework\external\imgui\imgui -I. -IC:/usr/local/cell\target\ppu\include -IC:/usr/local/cell\target\common\include -I"C:/usr/local/cell\host-win32\sn\ppu\include" -O2 -Xstd=cpp11 -Xc-=rtti -Xaltivec --no_exceptions --no_rtti -Xstd=cpp11 C:\s3air\framework\external\ogg-vorbis\libvorbis\lib\analysis.c
     1>SNCCL : Command line warning 2259: -Xstd=cpp11 is only valid for C++ (ignored for C:\s3air\framework\external\ogg-vorbis\libvorbis\lib\analysis.c)
         barkmel.c
         ps3ppusnc.exe -DPPU -D__CELLOS_LV2__ -D__ppc__ -D__PPU__ -DRMX_PLATFORM_PS3 -DRMX_NO_GLEW -DRMX_NO_IMGUI -DUSE_GLES -DIMGUI_DISABLE_DEFAULT_SHELL_FUNCTIONS -DJSONCPP_NO_LOCALE_SUPPORT -DJSON_USE_EXCEPTION=0 -DNDEBUG -D__PS3__ -o PS3_Release\barkmel.o -c -Xdepmode=1 -MD -Xmserrors -I..\..\..\..\source -I..\..\..\..\source\external -I..\..\..\..\..\lemonscript\source -I..\..\..\..\..\oxygenengine\source -I..\..\..\..\..\..\librmx\source -I..\..\..\..\..\..\framework\external\zlib\zlib -I..\..\..\..\..\..\framework\external\zlib\zlib\contrib\minizip -I"..\..\..\..\..\..\framework\external\ogg-vorbis\libogg\include" -I"..\..\..\..\..\..\framework\external\ogg-vorbis\libvorbis\include" -I"..\..\..\..\..\..\framework\external\ogg-vorbis\libvorbis\lib" -I..\..\..\..\..\..\framework\external\imgui\imgui -I. -IC:/usr/local/cell\target\ppu\include -IC:/usr/local/cell\target\common\include -I"C:/usr/local/cell\host-win32\sn\ppu\include" -O2 -Xstd=cpp11 -Xc-=rtti -Xaltivec --no_exceptions --no_rtti -Xstd=cpp11 C:\s3air\framework\external\ogg-vorbis\libvorbis\lib\barkmel.c
     1>SNCCL : Command line warning 2259: -Xstd=cpp11 is only valid for C++ (ignored for C:\s3air\framework\external\ogg-vorbis\libvorbis\lib\barkmel.c)
         bitrate.c
         ps3ppusnc.exe -DPPU -D__CELLOS_LV2__ -D__ppc__ -D__PPU__ -DRMX_PLATFORM_PS3 -DRMX_NO_GLEW -DRMX_NO_IMGUI -DUSE_GLES -DIMGUI_DISABLE_DEFAULT_SHELL_FUNCTIONS -DJSONCPP_NO_LOCALE_SUPPORT -DJSON_USE_EXCEPTION=0 -DNDEBUG -D__PS3__ -o PS3_Release\bitrate.o -c -Xdepmode=1 -MD -Xmserrors -I..\..\..\..\source -I..\..\..\..\source\external -I..\..\..\..\..\lemonscript\source -I..\..\..\..\..\oxygenengine\source -I..\..\..\..\..\..\librmx\source -I..\..\..\..\..\..\framework\external\zlib\zlib -I..\..\..\..\..\..\framework\external\zlib\zlib\contrib\minizip -I"..\..\..\..\..\..\framework\external\ogg-vorbis\libogg\include" -I"..\..\..\..\..\..\framework\external\ogg-vorbis\libvorbis\include" -I"..\..\..\..\..\..\framework\external\ogg-vorbis\libvorbis\lib" -I..\..\..\..\..\..\framework\external\imgui\imgui -I. -IC:/usr/local/cell\target\ppu\include -IC:/usr/local/cell\target\common\include -I"C:/usr/local/cell\host-win32\sn\ppu\include" -O2 -Xstd=cpp11 -Xc-=rtti -Xaltivec --no_exceptions --no_rtti -Xstd=cpp11 C:\s3air\framework\external\ogg-vorbis\libvorbis\lib\bitrate.c
     1>SNCCL : Command line warning 2259: -Xstd=cpp11 is only valid for C++ (ignored for C:\s3air\framework\external\ogg-vorbis\libvorbis\lib\bitrate.c)
         block.c
         ps3ppusnc.exe -DPPU -D__CELLOS_LV2__ -D__ppc__ -D__PPU__ -DRMX_PLATFORM_PS3 -DRMX_NO_GLEW -DRMX_NO_IMGUI -DUSE_GLES -DIMGUI_DISABLE_DEFAULT_SHELL_FUNCTIONS -DJSONCPP_NO_LOCALE_SUPPORT -DJSON_USE_EXCEPTION=0 -DNDEBUG -D__PS3__ -o PS3_Release\block.o -c -Xdepmode=1 -MD -Xmserrors -I..\..\..\..\source -I..\..\..\..\source\external -I..\..\..\..\..\lemonscript\source -I..\..\..\..\..\oxygenengine\source -I..\..\..\..\..\..\librmx\source -I..\..\..\..\..\..\framework\external\zlib\zlib -I..\..\..\..\..\..\framework\external\zlib\zlib\contrib\minizip -I"..\..\..\..\..\..\framework\external\ogg-vorbis\libogg\include" -I"..\..\..\..\..\..\framework\external\ogg-vorbis\libvorbis\include" -I"..\..\..\..\..\..\framework\external\ogg-vorbis\libvorbis\lib" -I..\..\..\..\..\..\framework\external\imgui\imgui -I. -IC:/usr/local/cell\target\ppu\include -IC:/usr/local/cell\target\common\include -I"C:/usr/local/cell\host-win32\sn\ppu\include" -O2 -Xstd=cpp11 -Xc-=rtti -Xaltivec --no_exceptions --no_rtti -Xstd=cpp11 C:\s3air\framework\external\ogg-vorbis\libvorbis\lib\block.c
     1>SNCCL : Command line warning 2259: -Xstd=cpp11 is only valid for C++ (ignored for C:\s3air\framework\external\ogg-vorbis\libvorbis\lib\block.c)
     1>C:\s3air\framework\external\ogg-vorbis\libvorbis\lib\block.c(419,13): warning 224: function "alloca" declared implicitly
         
     1>C:\s3air\framework\external\ogg-vorbis\libvorbis\lib\block.c(419,13): warning 145: a value of type "int" cannot be used to initialize an entity of type "float *"
         
     1>C:\s3air\framework\external\ogg-vorbis\libvorbis\lib\block.c(420,14): warning 145: a value of type "int" cannot be used to initialize an entity of type "float *"
         
     1>C:\s3air\framework\external\ogg-vorbis\libvorbis\lib\block.c(467,15): warning 224: function "alloca" declared implicitly
         
     1>C:\s3air\framework\external\ogg-vorbis\libvorbis\lib\block.c(467,15): warning 145: a value of type "int" cannot be used to initialize an entity of type "float *"
         
         codebook.c
         ps3ppusnc.exe -DPPU -D__CELLOS_LV2__ -D__ppc__ -D__PPU__ -DRMX_PLATFORM_PS3 -DRMX_NO_GLEW -DRMX_NO_IMGUI -DUSE_GLES -DIMGUI_DISABLE_DEFAULT_SHELL_FUNCTIONS -DJSONCPP_NO_LOCALE_SUPPORT -DJSON_USE_EXCEPTION=0 -DNDEBUG -D__PS3__ -o PS3_Release\codebook.o -c -Xdepmode=1 -MD -Xmserrors -I..\..\..\..\source -I..\..\..\..\source\external -I..\..\..\..\..\lemonscript\source -I..\..\..\..\..\oxygenengine\source -I..\..\..\..\..\..\librmx\source -I..\..\..\..\..\..\framework\external\zlib\zlib -I..\..\..\..\..\..\framework\external\zlib\zlib\contrib\minizip -I"..\..\..\..\..\..\framework\external\ogg-vorbis\libogg\include" -I"..\..\..\..\..\..\framework\external\ogg-vorbis\libvorbis\include" -I"..\..\..\..\..\..\framework\external\ogg-vorbis\libvorbis\lib" -I..\..\..\..\..\..\framework\external\imgui\imgui -I. -IC:/usr/local/cell\target\ppu\include -IC:/usr/local/cell\target\common\include -I"C:/usr/local/cell\host-win32\sn\ppu\include" -O2 -Xstd=cpp11 -Xc-=rtti -Xaltivec --no_exceptions --no_rtti -Xstd=cpp11 C:\s3air\framework\external\ogg-vorbis\libvorbis\lib\codebook.c
     1>SNCCL : Command line warning 2259: -Xstd=cpp11 is only valid for C++ (ignored for C:\s3air\framework\external\ogg-vorbis\libvorbis\lib\codebook.c)
     1>C:\s3air\framework\external\ogg-vorbis\libvorbis\lib\codebook.c(379,18): warning 224: function "alloca" declared implicitly
         
     1>C:\s3air\framework\external\ogg-vorbis\libvorbis\lib\codebook.c(379,18): warning 145: a value of type "int" cannot be used to initialize an entity of type "long *"
         
     1>C:\s3air\framework\external\ogg-vorbis\libvorbis\lib\codebook.c(380,16): warning 145: a value of type "int" cannot be used to initialize an entity of type "float **"
         
         envelope.c
         ps3ppusnc.exe -DPPU -D__CELLOS_LV2__ -D__ppc__ -D__PPU__ -DRMX_PLATFORM_PS3 -DRMX_NO_GLEW -DRMX_NO_IMGUI -DUSE_GLES -DIMGUI_DISABLE_DEFAULT_SHELL_FUNCTIONS -DJSONCPP_NO_LOCALE_SUPPORT -DJSON_USE_EXCEPTION=0 -DNDEBUG -D__PS3__ -o PS3_Release\envelope.o -c -Xdepmode=1 -MD -Xmserrors -I..\..\..\..\source -I..\..\..\..\source\external -I..\..\..\..\..\lemonscript\source -I..\..\..\..\..\oxygenengine\source -I..\..\..\..\..\..\librmx\source -I..\..\..\..\..\..\framework\external\zlib\zlib -I..\..\..\..\..\..\framework\external\zlib\zlib\contrib\minizip -I"..\..\..\..\..\..\framework\external\ogg-vorbis\libogg\include" -I"..\..\..\..\..\..\framework\external\ogg-vorbis\libvorbis\include" -I"..\..\..\..\..\..\framework\external\ogg-vorbis\libvorbis\lib" -I..\..\..\..\..\..\framework\external\imgui\imgui -I. -IC:/usr/local/cell\target\ppu\include -IC:/usr/local/cell\target\common\include -I"C:/usr/local/cell\host-win32\sn\ppu\include" -O2 -Xstd=cpp11 -Xc-=rtti -Xaltivec --no_exceptions --no_rtti -Xstd=cpp11 C:\s3air\framework\external\ogg-vorbis\libvorbis\lib\envelope.c
     1>SNCCL : Command line warning 2259: -Xstd=cpp11 is only valid for C++ (ignored for C:\s3air\framework\external\ogg-vorbis\libvorbis\lib\envelope.c)
     1>C:\s3air\framework\external\ogg-vorbis\libvorbis\lib\envelope.c(104,13): warning 224: function "alloca" declared implicitly
         
     1>C:\s3air\framework\external\ogg-vorbis\libvorbis\lib\envelope.c(104,13): warning 145: a value of type "int" cannot be used to initialize an entity of type "float *"
         
         floor0.c
         ps3ppusnc.exe -DPPU -D__CELLOS_LV2__ -D__ppc__ -D__PPU__ -DRMX_PLATFORM_PS3 -DRMX_NO_GLEW -DRMX_NO_IMGUI -DUSE_GLES -DIMGUI_DISABLE_DEFAULT_SHELL_FUNCTIONS -DJSONCPP_NO_LOCALE_SUPPORT -DJSON_USE_EXCEPTION=0 -DNDEBUG -D__PS3__ -o PS3_Release\floor0.o -c -Xdepmode=1 -MD -Xmserrors -I..\..\..\..\source -I..\..\..\..\source\external -I..\..\..\..\..\lemonscript\source -I..\..\..\..\..\oxygenengine\source -I..\..\..\..\..\..\librmx\source -I..\..\..\..\..\..\framework\external\zlib\zlib -I..\..\..\..\..\..\framework\external\zlib\zlib\contrib\minizip -I"..\..\..\..\..\..\framework\external\ogg-vorbis\libogg\include" -I"..\..\..\..\..\..\framework\external\ogg-vorbis\libvorbis\include" -I"..\..\..\..\..\..\framework\external\ogg-vorbis\libvorbis\lib" -I..\..\..\..\..\..\framework\external\imgui\imgui -I. -IC:/usr/local/cell\target\ppu\include -IC:/usr/local/cell\target\common\include -I"C:/usr/local/cell\host-win32\sn\ppu\include" -O2 -Xstd=cpp11 -Xc-=rtti -Xaltivec --no_exceptions --no_rtti -Xstd=cpp11 C:\s3air\framework\external\ogg-vorbis\libvorbis\lib\floor0.c
     1>SNCCL : Command line warning 2259: -Xstd=cpp11 is only valid for C++ (ignored for C:\s3air\framework\external\ogg-vorbis\libvorbis\lib\floor0.c)
         floor1.c
         ps3ppusnc.exe -DPPU -D__CELLOS_LV2__ -D__ppc__ -D__PPU__ -DRMX_PLATFORM_PS3 -DRMX_NO_GLEW -DRMX_NO_IMGUI -DUSE_GLES -DIMGUI_DISABLE_DEFAULT_SHELL_FUNCTIONS -DJSONCPP_NO_LOCALE_SUPPORT -DJSON_USE_EXCEPTION=0 -DNDEBUG -D__PS3__ -o PS3_Release\floor1.o -c -Xdepmode=1 -MD -Xmserrors -I..\..\..\..\source -I..\..\..\..\source\external -I..\..\..\..\..\lemonscript\source -I..\..\..\..\..\oxygenengine\source -I..\..\..\..\..\..\librmx\source -I..\..\..\..\..\..\framework\external\zlib\zlib -I..\..\..\..\..\..\framework\external\zlib\zlib\contrib\minizip -I"..\..\..\..\..\..\framework\external\ogg-vorbis\libogg\include" -I"..\..\..\..\..\..\framework\external\ogg-vorbis\libvorbis\include" -I"..\..\..\..\..\..\framework\external\ogg-vorbis\libvorbis\lib" -I..\..\..\..\..\..\framework\external\imgui\imgui -I. -IC:/usr/local/cell\target\ppu\include -IC:/usr/local/cell\target\common\include -I"C:/usr/local/cell\host-win32\sn\ppu\include" -O2 -Xstd=cpp11 -Xc-=rtti -Xaltivec --no_exceptions --no_rtti -Xstd=cpp11 C:\s3air\framework\external\ogg-vorbis\libvorbis\lib\floor1.c
     1>SNCCL : Command line warning 2259: -Xstd=cpp11 is only valid for C++ (ignored for C:\s3air\framework\external\ogg-vorbis\libvorbis\lib\floor1.c)
         info.c
         ps3ppusnc.exe -DPPU -D__CELLOS_LV2__ -D__ppc__ -D__PPU__ -DRMX_PLATFORM_PS3 -DRMX_NO_GLEW -DRMX_NO_IMGUI -DUSE_GLES -DIMGUI_DISABLE_DEFAULT_SHELL_FUNCTIONS -DJSONCPP_NO_LOCALE_SUPPORT -DJSON_USE_EXCEPTION=0 -DNDEBUG -D__PS3__ -o PS3_Release\info.o -c -Xdepmode=1 -MD -Xmserrors -I..\..\..\..\source -I..\..\..\..\source\external -I..\..\..\..\..\lemonscript\source -I..\..\..\..\..\oxygenengine\source -I..\..\..\..\..\..\librmx\source -I..\..\..\..\..\..\framework\external\zlib\zlib -I..\..\..\..\..\..\framework\external\zlib\zlib\contrib\minizip -I"..\..\..\..\..\..\framework\external\ogg-vorbis\libogg\include" -I"..\..\..\..\..\..\framework\external\ogg-vorbis\libvorbis\include" -I"..\..\..\..\..\..\framework\external\ogg-vorbis\libvorbis\lib" -I..\..\..\..\..\..\framework\external\imgui\imgui -I. -IC:/usr/local/cell\target\ppu\include -IC:/usr/local/cell\target\common\include -I"C:/usr/local/cell\host-win32\sn\ppu\include" -O2 -Xstd=cpp11 -Xc-=rtti -Xaltivec --no_exceptions --no_rtti -Xstd=cpp11 C:\s3air\framework\external\ogg-vorbis\libvorbis\lib\info.c
     1>SNCCL : Command line warning 2259: -Xstd=cpp11 is only valid for C++ (ignored for C:\s3air\framework\external\ogg-vorbis\libvorbis\lib\info.c)
     1>C:\s3air\framework\external\ogg-vorbis\libvorbis\lib\info.c(442,8): warning 112: statement is unreachable
         
         lookup.c
         ps3ppusnc.exe -DPPU -D__CELLOS_LV2__ -D__ppc__ -D__PPU__ -DRMX_PLATFORM_PS3 -DRMX_NO_GLEW -DRMX_NO_IMGUI -DUSE_GLES -DIMGUI_DISABLE_DEFAULT_SHELL_FUNCTIONS -DJSONCPP_NO_LOCALE_SUPPORT -DJSON_USE_EXCEPTION=0 -DNDEBUG -D__PS3__ -o PS3_Release\lookup.o -c -Xdepmode=1 -MD -Xmserrors -I..\..\..\..\source -I..\..\..\..\source\external -I..\..\..\..\..\lemonscript\source -I..\..\..\..\..\oxygenengine\source -I..\..\..\..\..\..\librmx\source -I..\..\..\..\..\..\framework\external\zlib\zlib -I..\..\..\..\..\..\framework\external\zlib\zlib\contrib\minizip -I"..\..\..\..\..\..\framework\external\ogg-vorbis\libogg\include" -I"..\..\..\..\..\..\framework\external\ogg-vorbis\libvorbis\include" -I"..\..\..\..\..\..\framework\external\ogg-vorbis\libvorbis\lib" -I..\..\..\..\..\..\framework\external\imgui\imgui -I. -IC:/usr/local/cell\target\ppu\include -IC:/usr/local/cell\target\common\include -I"C:/usr/local/cell\host-win32\sn\ppu\include" -O2 -Xstd=cpp11 -Xc-=rtti -Xaltivec --no_exceptions --no_rtti -Xstd=cpp11 C:\s3air\framework\external\ogg-vorbis\libvorbis\lib\lookup.c
     1>SNCCL : Command line warning 2259: -Xstd=cpp11 is only valid for C++ (ignored for C:\s3air\framework\external\ogg-vorbis\libvorbis\lib\lookup.c)
         lpc.c
         ps3ppusnc.exe -DPPU -D__CELLOS_LV2__ -D__ppc__ -D__PPU__ -DRMX_PLATFORM_PS3 -DRMX_NO_GLEW -DRMX_NO_IMGUI -DUSE_GLES -DIMGUI_DISABLE_DEFAULT_SHELL_FUNCTIONS -DJSONCPP_NO_LOCALE_SUPPORT -DJSON_USE_EXCEPTION=0 -DNDEBUG -D__PS3__ -o PS3_Release\lpc.o -c -Xdepmode=1 -MD -Xmserrors -I..\..\..\..\source -I..\..\..\..\source\external -I..\..\..\..\..\lemonscript\source -I..\..\..\..\..\oxygenengine\source -I..\..\..\..\..\..\librmx\source -I..\..\..\..\..\..\framework\external\zlib\zlib -I..\..\..\..\..\..\framework\external\zlib\zlib\contrib\minizip -I"..\..\..\..\..\..\framework\external\ogg-vorbis\libogg\include" -I"..\..\..\..\..\..\framework\external\ogg-vorbis\libvorbis\include" -I"..\..\..\..\..\..\framework\external\ogg-vorbis\libvorbis\lib" -I..\..\..\..\..\..\framework\external\imgui\imgui -I. -IC:/usr/local/cell\target\ppu\include -IC:/usr/local/cell\target\common\include -I"C:/usr/local/cell\host-win32\sn\ppu\include" -O2 -Xstd=cpp11 -Xc-=rtti -Xaltivec --no_exceptions --no_rtti -Xstd=cpp11 C:\s3air\framework\external\ogg-vorbis\libvorbis\lib\lpc.c
     1>SNCCL : Command line warning 2259: -Xstd=cpp11 is only valid for C++ (ignored for C:\s3air\framework\external\ogg-vorbis\libvorbis\lib\lpc.c)
     1>C:\s3air\framework\external\ogg-vorbis\libvorbis\lib\lpc.c(61,14): warning 224: function "alloca" declared implicitly
         
     1>C:\s3air\framework\external\ogg-vorbis\libvorbis\lib\lpc.c(61,14): warning 145: a value of type "int" cannot be used to initialize an entity of type "double *"
         
     1>C:\s3air\framework\external\ogg-vorbis\libvorbis\lib\lpc.c(62,14): warning 145: a value of type "int" cannot be used to initialize an entity of type "double *"
         
     1>C:\s3air\framework\external\ogg-vorbis\libvorbis\lib\lpc.c(141,14): warning 224: function "alloca" declared implicitly
         
     1>C:\s3air\framework\external\ogg-vorbis\libvorbis\lib\lpc.c(141,14): warning 145: a value of type "int" cannot be used to initialize an entity of type "float *"
         
         lsp.c
         ps3ppusnc.exe -DPPU -D__CELLOS_LV2__ -D__ppc__ -D__PPU__ -DRMX_PLATFORM_PS3 -DRMX_NO_GLEW -DRMX_NO_IMGUI -DUSE_GLES -DIMGUI_DISABLE_DEFAULT_SHELL_FUNCTIONS -DJSONCPP_NO_LOCALE_SUPPORT -DJSON_USE_EXCEPTION=0 -DNDEBUG -D__PS3__ -o PS3_Release\lsp.o -c -Xdepmode=1 -MD -Xmserrors -I..\..\..\..\source -I..\..\..\..\source\external -I..\..\..\..\..\lemonscript\source -I..\..\..\..\..\oxygenengine\source -I..\..\..\..\..\..\librmx\source -I..\..\..\..\..\..\framework\external\zlib\zlib -I..\..\..\..\..\..\framework\external\zlib\zlib\contrib\minizip -I"..\..\..\..\..\..\framework\external\ogg-vorbis\libogg\include" -I"..\..\..\..\..\..\framework\external\ogg-vorbis\libvorbis\include" -I"..\..\..\..\..\..\framework\external\ogg-vorbis\libvorbis\lib" -I..\..\..\..\..\..\framework\external\imgui\imgui -I. -IC:/usr/local/cell\target\ppu\include -IC:/usr/local/cell\target\common\include -I"C:/usr/local/cell\host-win32\sn\ppu\include" -O2 -Xstd=cpp11 -Xc-=rtti -Xaltivec --no_exceptions --no_rtti -Xstd=cpp11 C:\s3air\framework\external\ogg-vorbis\libvorbis\lib\lsp.c
     1>SNCCL : Command line warning 2259: -Xstd=cpp11 is only valid for C++ (ignored for C:\s3air\framework\external\ogg-vorbis\libvorbis\lib\lsp.c)
     1>C:\s3air\framework\external\ogg-vorbis\libvorbis\lib\lsp.c(312,15): warning 224: function "alloca" declared implicitly
         
     1>C:\s3air\framework\external\ogg-vorbis\libvorbis\lib\lsp.c(312,15): warning 145: a value of type "int" cannot be used to initialize an entity of type "double *"
         
     1>C:\s3air\framework\external\ogg-vorbis\libvorbis\lib\lsp.c(367,15): warning 224: function "alloca" declared implicitly
         
     1>C:\s3air\framework\external\ogg-vorbis\libvorbis\lib\lsp.c(367,15): warning 145: a value of type "int" cannot be used to initialize an entity of type "double *"
         
     1>C:\s3air\framework\external\ogg-vorbis\libvorbis\lib\lsp.c(406,12): warning 224: function "alloca" declared implicitly
         
     1>C:\s3air\framework\external\ogg-vorbis\libvorbis\lib\lsp.c(406,12): warning 145: a value of type "int" cannot be used to initialize an entity of type "float *"
         
     1>C:\s3air\framework\external\ogg-vorbis\libvorbis\lib\lsp.c(407,12): warning 145: a value of type "int" cannot be used to initialize an entity of type "float *"
         
     1>C:\s3air\framework\external\ogg-vorbis\libvorbis\lib\lsp.c(408,13): warning 145: a value of type "int" cannot be used to initialize an entity of type "float *"
         
     1>C:\s3air\framework\external\ogg-vorbis\libvorbis\lib\lsp.c(409,13): warning 145: a value of type "int" cannot be used to initialize an entity of type "float *"
         
         mapping0.c
         ps3ppusnc.exe -DPPU -D__CELLOS_LV2__ -D__ppc__ -D__PPU__ -DRMX_PLATFORM_PS3 -DRMX_NO_GLEW -DRMX_NO_IMGUI -DUSE_GLES -DIMGUI_DISABLE_DEFAULT_SHELL_FUNCTIONS -DJSONCPP_NO_LOCALE_SUPPORT -DJSON_USE_EXCEPTION=0 -DNDEBUG -D__PS3__ -o PS3_Release\mapping0.o -c -Xdepmode=1 -MD -Xmserrors -I..\..\..\..\source -I..\..\..\..\source\external -I..\..\..\..\..\lemonscript\source -I..\..\..\..\..\oxygenengine\source -I..\..\..\..\..\..\librmx\source -I..\..\..\..\..\..\framework\external\zlib\zlib -I..\..\..\..\..\..\framework\external\zlib\zlib\contrib\minizip -I"..\..\..\..\..\..\framework\external\ogg-vorbis\libogg\include" -I"..\..\..\..\..\..\framework\external\ogg-vorbis\libvorbis\include" -I"..\..\..\..\..\..\framework\external\ogg-vorbis\libvorbis\lib" -I..\..\..\..\..\..\framework\external\imgui\imgui -I. -IC:/usr/local/cell\target\ppu\include -IC:/usr/local/cell\target\common\include -I"C:/usr/local/cell\host-win32\sn\ppu\include" -O2 -Xstd=cpp11 -Xc-=rtti -Xaltivec --no_exceptions --no_rtti -Xstd=cpp11 C:\s3air\framework\external\ogg-vorbis\libvorbis\lib\mapping0.c
     1>SNCCL : Command line warning 2259: -Xstd=cpp11 is only valid for C++ (ignored for C:\s3air\framework\external\ogg-vorbis\libvorbis\lib\mapping0.c)
     1>C:\s3air\framework\external\ogg-vorbis\libvorbis\lib\mapping0.c(239,23): warning 224: function "alloca" declared implicitly
         
     1>C:\s3air\framework\external\ogg-vorbis\libvorbis\lib\mapping0.c(239,23): warning 145: a value of type "int" cannot be used to initialize an entity of type "int *"
         
     1>C:\s3air\framework\external\ogg-vorbis\libvorbis\lib\mapping0.c(245,22): warning 145: a value of type "int" cannot be used to initialize an entity of type "float *"
         
     1>C:\s3air\framework\external\ogg-vorbis\libvorbis\lib\mapping0.c(593,24): warning 145: a value of type "int" cannot be used to initialize an entity of type "int **"
         
     1>C:\s3air\framework\external\ogg-vorbis\libvorbis\lib\mapping0.c(594,20): warning 145: a value of type "int" cannot be used to initialize an entity of type "int *"
         
     1>C:\s3air\framework\external\ogg-vorbis\libvorbis\lib\mapping0.c(708,20): warning 224: function "alloca" declared implicitly
         
     1>C:\s3air\framework\external\ogg-vorbis\libvorbis\lib\mapping0.c(708,20): warning 145: a value of type "int" cannot be used to initialize an entity of type "float **"
         
     1>C:\s3air\framework\external\ogg-vorbis\libvorbis\lib\mapping0.c(709,21): warning 145: a value of type "int" cannot be used to initialize an entity of type "int *"
         
     1>C:\s3air\framework\external\ogg-vorbis\libvorbis\lib\mapping0.c(711,19): warning 145: a value of type "int" cannot be used to initialize an entity of type "int *"
         
     1>C:\s3air\framework\external\ogg-vorbis\libvorbis\lib\mapping0.c(712,19): warning 145: a value of type "int" cannot be used to initialize an entity of type "void **"
         
         mdct.c
         ps3ppusnc.exe -DPPU -D__CELLOS_LV2__ -D__ppc__ -D__PPU__ -DRMX_PLATFORM_PS3 -DRMX_NO_GLEW -DRMX_NO_IMGUI -DUSE_GLES -DIMGUI_DISABLE_DEFAULT_SHELL_FUNCTIONS -DJSONCPP_NO_LOCALE_SUPPORT -DJSON_USE_EXCEPTION=0 -DNDEBUG -D__PS3__ -o PS3_Release\mdct.o -c -Xdepmode=1 -MD -Xmserrors -I..\..\..\..\source -I..\..\..\..\source\external -I..\..\..\..\..\lemonscript\source -I..\..\..\..\..\oxygenengine\source -I..\..\..\..\..\..\librmx\source -I..\..\..\..\..\..\framework\external\zlib\zlib -I..\..\..\..\..\..\framework\external\zlib\zlib\contrib\minizip -I"..\..\..\..\..\..\framework\external\ogg-vorbis\libogg\include" -I"..\..\..\..\..\..\framework\external\ogg-vorbis\libvorbis\include" -I"..\..\..\..\..\..\framework\external\ogg-vorbis\libvorbis\lib" -I..\..\..\..\..\..\framework\external\imgui\imgui -I. -IC:/usr/local/cell\target\ppu\include -IC:/usr/local/cell\target\common\include -I"C:/usr/local/cell\host-win32\sn\ppu\include" -O2 -Xstd=cpp11 -Xc-=rtti -Xaltivec --no_exceptions --no_rtti -Xstd=cpp11 C:\s3air\framework\external\ogg-vorbis\libvorbis\lib\mdct.c
     1>SNCCL : Command line warning 2259: -Xstd=cpp11 is only valid for C++ (ignored for C:\s3air\framework\external\ogg-vorbis\libvorbis\lib\mdct.c)
     1>C:\s3air\framework\external\ogg-vorbis\libvorbis\lib\mdct.c(497,15): warning 224: function "alloca" declared implicitly
         
     1>C:\s3air\framework\external\ogg-vorbis\libvorbis\lib\mdct.c(497,15): warning 145: a value of type "int" cannot be used to initialize an entity of type "float *"
         
         psy.c
         ps3ppusnc.exe -DPPU -D__CELLOS_LV2__ -D__ppc__ -D__PPU__ -DRMX_PLATFORM_PS3 -DRMX_NO_GLEW -DRMX_NO_IMGUI -DUSE_GLES -DIMGUI_DISABLE_DEFAULT_SHELL_FUNCTIONS -DJSONCPP_NO_LOCALE_SUPPORT -DJSON_USE_EXCEPTION=0 -DNDEBUG -D__PS3__ -o PS3_Release\psy.o -c -Xdepmode=1 -MD -Xmserrors -I..\..\..\..\source -I..\..\..\..\source\external -I..\..\..\..\..\lemonscript\source -I..\..\..\..\..\oxygenengine\source -I..\..\..\..\..\..\librmx\source -I..\..\..\..\..\..\framework\external\zlib\zlib -I..\..\..\..\..\..\framework\external\zlib\zlib\contrib\minizip -I"..\..\..\..\..\..\framework\external\ogg-vorbis\libogg\include" -I"..\..\..\..\..\..\framework\external\ogg-vorbis\libvorbis\include" -I"..\..\..\..\..\..\framework\external\ogg-vorbis\libvorbis\lib" -I..\..\..\..\..\..\framework\external\imgui\imgui -I. -IC:/usr/local/cell\target\ppu\include -IC:/usr/local/cell\target\common\include -I"C:/usr/local/cell\host-win32\sn\ppu\include" -O2 -Xstd=cpp11 -Xc-=rtti -Xaltivec --no_exceptions --no_rtti -Xstd=cpp11 C:\s3air\framework\external\ogg-vorbis\libvorbis\lib\psy.c
     1>SNCCL : Command line warning 2259: -Xstd=cpp11 is only valid for C++ (ignored for C:\s3air\framework\external\ogg-vorbis\libvorbis\lib\psy.c)
     1>C:\s3air\framework\external\ogg-vorbis\libvorbis\lib\psy.c(91,22): warning 224: function "alloca" declared implicitly
         
     1>C:\s3air\framework\external\ogg-vorbis\libvorbis\lib\psy.c(91,22): warning 145: a value of type "int" cannot be used to initialize an entity of type "float *"
         
     1>C:\s3air\framework\external\ogg-vorbis\libvorbis\lib\psy.c(451,18): warning 224: function "alloca" declared implicitly
         
     1>C:\s3air\framework\external\ogg-vorbis\libvorbis\lib\psy.c(451,18): warning 145: a value of type "int" cannot be used to initialize an entity of type "long *"
         
     1>C:\s3air\framework\external\ogg-vorbis\libvorbis\lib\psy.c(452,18): warning 145: a value of type "int" cannot be used to initialize an entity of type "float *"
         
     1>C:\s3air\framework\external\ogg-vorbis\libvorbis\lib\psy.c(549,11): warning 224: function "alloca" declared implicitly
         
     1>C:\s3air\framework\external\ogg-vorbis\libvorbis\lib\psy.c(549,11): warning 145: a value of type "int" cannot be used to initialize an entity of type "float *"
         
     1>C:\s3air\framework\external\ogg-vorbis\libvorbis\lib\psy.c(550,11): warning 145: a value of type "int" cannot be used to initialize an entity of type "float *"
         
     1>C:\s3air\framework\external\ogg-vorbis\libvorbis\lib\psy.c(551,12): warning 145: a value of type "int" cannot be used to initialize an entity of type "float *"
         
     1>C:\s3air\framework\external\ogg-vorbis\libvorbis\lib\psy.c(552,11): warning 145: a value of type "int" cannot be used to initialize an entity of type "float *"
         
     1>C:\s3air\framework\external\ogg-vorbis\libvorbis\lib\psy.c(553,12): warning 145: a value of type "int" cannot be used to initialize an entity of type "float *"
         
     1>C:\s3air\framework\external\ogg-vorbis\libvorbis\lib\psy.c(707,14): warning 224: function "alloca" declared implicitly
         
     1>C:\s3air\framework\external\ogg-vorbis\libvorbis\lib\psy.c(707,14): warning 145: a value of type "int" cannot be used to initialize an entity of type "float *"
         
     1>C:\s3air\framework\external\ogg-vorbis\libvorbis\lib\psy.c(758,14): warning 224: function "alloca" declared implicitly
         
     1>C:\s3air\framework\external\ogg-vorbis\libvorbis\lib\psy.c(758,14): warning 145: a value of type "int" cannot be used to initialize an entity of type "float *"
         
     1>C:\s3air\framework\external\ogg-vorbis\libvorbis\lib\psy.c(940,17): warning 224: function "alloca" declared implicitly
         
     1>C:\s3air\framework\external\ogg-vorbis\libvorbis\lib\psy.c(940,17): warning 145: a value of type "int" cannot be used to initialize an entity of type "float **"
         
     1>C:\s3air\framework\external\ogg-vorbis\libvorbis\lib\psy.c(1034,16): warning 224: function "alloca" declared implicitly
         
     1>C:\s3air\framework\external\ogg-vorbis\libvorbis\lib\psy.c(1034,16): warning 145: a value of type "int" cannot be used to initialize an entity of type "float **"
         
     1>C:\s3air\framework\external\ogg-vorbis\libvorbis\lib\psy.c(1037,18): warning 145: a value of type "int" cannot be used to initialize an entity of type "float **"
         
     1>C:\s3air\framework\external\ogg-vorbis\libvorbis\lib\psy.c(1040,18): warning 145: a value of type "int" cannot be used to initialize an entity of type "float **"
         
     1>C:\s3air\framework\external\ogg-vorbis\libvorbis\lib\psy.c(1043,18): warning 145: a value of type "int" cannot be used to initialize an entity of type "int **"
         
     1>C:\s3air\framework\external\ogg-vorbis\libvorbis\lib\psy.c(1046,18): warning 145: a value of type "int" cannot be used to initialize an entity of type "int *"
         
     1>C:\s3air\framework\external\ogg-vorbis\libvorbis\lib\psy.c(1049,18): warning 145: a value of type "int" cannot be used to initialize an entity of type "float *"
         
     1>C:\s3air\framework\external\ogg-vorbis\libvorbis\lib\psy.c(1055,11): warning 515: a value of type "int" cannot be assigned to an entity of type "float *"
         
     1>C:\s3air\framework\external\ogg-vorbis\libvorbis\lib\psy.c(1056,11): warning 515: a value of type "int" cannot be assigned to an entity of type "float *"
         
     1>C:\s3air\framework\external\ogg-vorbis\libvorbis\lib\psy.c(1057,11): warning 515: a value of type "int" cannot be assigned to an entity of type "float *"
         
     1>C:\s3air\framework\external\ogg-vorbis\libvorbis\lib\psy.c(1058,11): warning 515: a value of type "int" cannot be assigned to an entity of type "int *"
         
         registry.c
         ps3ppusnc.exe -DPPU -D__CELLOS_LV2__ -D__ppc__ -D__PPU__ -DRMX_PLATFORM_PS3 -DRMX_NO_GLEW -DRMX_NO_IMGUI -DUSE_GLES -DIMGUI_DISABLE_DEFAULT_SHELL_FUNCTIONS -DJSONCPP_NO_LOCALE_SUPPORT -DJSON_USE_EXCEPTION=0 -DNDEBUG -D__PS3__ -o PS3_Release\registry.o -c -Xdepmode=1 -MD -Xmserrors -I..\..\..\..\source -I..\..\..\..\source\external -I..\..\..\..\..\lemonscript\source -I..\..\..\..\..\oxygenengine\source -I..\..\..\..\..\..\librmx\source -I..\..\..\..\..\..\framework\external\zlib\zlib -I..\..\..\..\..\..\framework\external\zlib\zlib\contrib\minizip -I"..\..\..\..\..\..\framework\external\ogg-vorbis\libogg\include" -I"..\..\..\..\..\..\framework\external\ogg-vorbis\libvorbis\include" -I"..\..\..\..\..\..\framework\external\ogg-vorbis\libvorbis\lib" -I..\..\..\..\..\..\framework\external\imgui\imgui -I. -IC:/usr/local/cell\target\ppu\include -IC:/usr/local/cell\target\common\include -I"C:/usr/local/cell\host-win32\sn\ppu\include" -O2 -Xstd=cpp11 -Xc-=rtti -Xaltivec --no_exceptions --no_rtti -Xstd=cpp11 C:\s3air\framework\external\ogg-vorbis\libvorbis\lib\registry.c
     1>SNCCL : Command line warning 2259: -Xstd=cpp11 is only valid for C++ (ignored for C:\s3air\framework\external\ogg-vorbis\libvorbis\lib\registry.c)
         res0.c
         ps3ppusnc.exe -DPPU -D__CELLOS_LV2__ -D__ppc__ -D__PPU__ -DRMX_PLATFORM_PS3 -DRMX_NO_GLEW -DRMX_NO_IMGUI -DUSE_GLES -DIMGUI_DISABLE_DEFAULT_SHELL_FUNCTIONS -DJSONCPP_NO_LOCALE_SUPPORT -DJSON_USE_EXCEPTION=0 -DNDEBUG -D__PS3__ -o PS3_Release\res0.o -c -Xdepmode=1 -MD -Xmserrors -I..\..\..\..\source -I..\..\..\..\source\external -I..\..\..\..\..\lemonscript\source -I..\..\..\..\..\oxygenengine\source -I..\..\..\..\..\..\librmx\source -I..\..\..\..\..\..\framework\external\zlib\zlib -I..\..\..\..\..\..\framework\external\zlib\zlib\contrib\minizip -I"..\..\..\..\..\..\framework\external\ogg-vorbis\libogg\include" -I"..\..\..\..\..\..\framework\external\ogg-vorbis\libvorbis\include" -I"..\..\..\..\..\..\framework\external\ogg-vorbis\libvorbis\lib" -I..\..\..\..\..\..\framework\external\imgui\imgui -I. -IC:/usr/local/cell\target\ppu\include -IC:/usr/local/cell\target\common\include -I"C:/usr/local/cell\host-win32\sn\ppu\include" -O2 -Xstd=cpp11 -Xc-=rtti -Xaltivec --no_exceptions --no_rtti -Xstd=cpp11 C:\s3air\framework\external\ogg-vorbis\libvorbis\lib\res0.c
     1>SNCCL : Command line warning 2259: -Xstd=cpp11 is only valid for C++ (ignored for C:\s3air\framework\external\ogg-vorbis\libvorbis\lib\res0.c)
     1>C:\s3air\framework\external\ogg-vorbis\libvorbis\lib\res0.c(662,20): warning 224: function "alloca" declared implicitly
         
     1>C:\s3air\framework\external\ogg-vorbis\libvorbis\lib\res0.c(662,20): warning 145: a value of type "int" cannot be used to initialize an entity of type "int ***"
         
         sharedbook.c
         ps3ppusnc.exe -DPPU -D__CELLOS_LV2__ -D__ppc__ -D__PPU__ -DRMX_PLATFORM_PS3 -DRMX_NO_GLEW -DRMX_NO_IMGUI -DUSE_GLES -DIMGUI_DISABLE_DEFAULT_SHELL_FUNCTIONS -DJSONCPP_NO_LOCALE_SUPPORT -DJSON_USE_EXCEPTION=0 -DNDEBUG -D__PS3__ -o PS3_Release\sharedbook.o -c -Xdepmode=1 -MD -Xmserrors -I..\..\..\..\source -I..\..\..\..\source\external -I..\..\..\..\..\lemonscript\source -I..\..\..\..\..\oxygenengine\source -I..\..\..\..\..\..\librmx\source -I..\..\..\..\..\..\framework\external\zlib\zlib -I..\..\..\..\..\..\framework\external\zlib\zlib\contrib\minizip -I"..\..\..\..\..\..\framework\external\ogg-vorbis\libogg\include" -I"..\..\..\..\..\..\framework\external\ogg-vorbis\libvorbis\include" -I"..\..\..\..\..\..\framework\external\ogg-vorbis\libvorbis\lib" -I..\..\..\..\..\..\framework\external\imgui\imgui -I. -IC:/usr/local/cell\target\ppu\include -IC:/usr/local/cell\target\common\include -I"C:/usr/local/cell\host-win32\sn\ppu\include" -O2 -Xstd=cpp11 -Xc-=rtti -Xaltivec --no_exceptions --no_rtti -Xstd=cpp11 C:\s3air\framework\external\ogg-vorbis\libvorbis\lib\sharedbook.c
     1>SNCCL : Command line warning 2259: -Xstd=cpp11 is only valid for C++ (ignored for C:\s3air\framework\external\ogg-vorbis\libvorbis\lib\sharedbook.c)
     1>C:\s3air\framework\external\ogg-vorbis\libvorbis\lib\sharedbook.c(355,25): warning 224: function "alloca" declared implicitly
         
     1>C:\s3air\framework\external\ogg-vorbis\libvorbis\lib\sharedbook.c(355,25): warning 145: a value of type "int" cannot be used to initialize an entity of type "ogg_uint32_t **"
         
     1>C:\s3air\framework\external\ogg-vorbis\libvorbis\lib\sharedbook.c(366,13): warning 515: a value of type "int" cannot be assigned to an entity of type "int *"
         
         smallft.c
         ps3ppusnc.exe -DPPU -D__CELLOS_LV2__ -D__ppc__ -D__PPU__ -DRMX_PLATFORM_PS3 -DRMX_NO_GLEW -DRMX_NO_IMGUI -DUSE_GLES -DIMGUI_DISABLE_DEFAULT_SHELL_FUNCTIONS -DJSONCPP_NO_LOCALE_SUPPORT -DJSON_USE_EXCEPTION=0 -DNDEBUG -D__PS3__ -o PS3_Release\smallft.o -c -Xdepmode=1 -MD -Xmserrors -I..\..\..\..\source -I..\..\..\..\source\external -I..\..\..\..\..\lemonscript\source -I..\..\..\..\..\oxygenengine\source -I..\..\..\..\..\..\librmx\source -I..\..\..\..\..\..\framework\external\zlib\zlib -I..\..\..\..\..\..\framework\external\zlib\zlib\contrib\minizip -I"..\..\..\..\..\..\framework\external\ogg-vorbis\libogg\include" -I"..\..\..\..\..\..\framework\external\ogg-vorbis\libvorbis\include" -I"..\..\..\..\..\..\framework\external\ogg-vorbis\libvorbis\lib" -I..\..\..\..\..\..\framework\external\imgui\imgui -I. -IC:/usr/local/cell\target\ppu\include -IC:/usr/local/cell\target\common\include -I"C:/usr/local/cell\host-win32\sn\ppu\include" -O2 -Xstd=cpp11 -Xc-=rtti -Xaltivec --no_exceptions --no_rtti -Xstd=cpp11 C:\s3air\framework\external\ogg-vorbis\libvorbis\lib\smallft.c
     1>SNCCL : Command line warning 2259: -Xstd=cpp11 is only valid for C++ (ignored for C:\s3air\framework\external\ogg-vorbis\libvorbis\lib\smallft.c)
         synthesis.c
         ps3ppusnc.exe -DPPU -D__CELLOS_LV2__ -D__ppc__ -D__PPU__ -DRMX_PLATFORM_PS3 -DRMX_NO_GLEW -DRMX_NO_IMGUI -DUSE_GLES -DIMGUI_DISABLE_DEFAULT_SHELL_FUNCTIONS -DJSONCPP_NO_LOCALE_SUPPORT -DJSON_USE_EXCEPTION=0 -DNDEBUG -D__PS3__ -o PS3_Release\synthesis.o -c -Xdepmode=1 -MD -Xmserrors -I..\..\..\..\source -I..\..\..\..\source\external -I..\..\..\..\..\lemonscript\source -I..\..\..\..\..\oxygenengine\source -I..\..\..\..\..\..\librmx\source -I..\..\..\..\..\..\framework\external\zlib\zlib -I..\..\..\..\..\..\framework\external\zlib\zlib\contrib\minizip -I"..\..\..\..\..\..\framework\external\ogg-vorbis\libogg\include" -I"..\..\..\..\..\..\framework\external\ogg-vorbis\libvorbis\include" -I"..\..\..\..\..\..\framework\external\ogg-vorbis\libvorbis\lib" -I..\..\..\..\..\..\framework\external\imgui\imgui -I. -IC:/usr/local/cell\target\ppu\include -IC:/usr/local/cell\target\common\include -I"C:/usr/local/cell\host-win32\sn\ppu\include" -O2 -Xstd=cpp11 -Xc-=rtti -Xaltivec --no_exceptions --no_rtti -Xstd=cpp11 C:\s3air\framework\external\ogg-vorbis\libvorbis\lib\synthesis.c
     1>SNCCL : Command line warning 2259: -Xstd=cpp11 is only valid for C++ (ignored for C:\s3air\framework\external\ogg-vorbis\libvorbis\lib\synthesis.c)
         vorbisenc.c
         ps3ppusnc.exe -DPPU -D__CELLOS_LV2__ -D__ppc__ -D__PPU__ -DRMX_PLATFORM_PS3 -DRMX_NO_GLEW -DRMX_NO_IMGUI -DUSE_GLES -DIMGUI_DISABLE_DEFAULT_SHELL_FUNCTIONS -DJSONCPP_NO_LOCALE_SUPPORT -DJSON_USE_EXCEPTION=0 -DNDEBUG -D__PS3__ -o PS3_Release\vorbisenc.o -c -Xdepmode=1 -MD -Xmserrors -I..\..\..\..\source -I..\..\..\..\source\external -I..\..\..\..\..\lemonscript\source -I..\..\..\..\..\oxygenengine\source -I..\..\..\..\..\..\librmx\source -I..\..\..\..\..\..\framework\external\zlib\zlib -I..\..\..\..\..\..\framework\external\zlib\zlib\contrib\minizip -I"..\..\..\..\..\..\framework\external\ogg-vorbis\libogg\include" -I"..\..\..\..\..\..\framework\external\ogg-vorbis\libvorbis\include" -I"..\..\..\..\..\..\framework\external\ogg-vorbis\libvorbis\lib" -I..\..\..\..\..\..\framework\external\imgui\imgui -I. -IC:/usr/local/cell\target\ppu\include -IC:/usr/local/cell\target\common\include -I"C:/usr/local/cell\host-win32\sn\ppu\include" -O2 -Xstd=cpp11 -Xc-=rtti -Xaltivec --no_exceptions --no_rtti -Xstd=cpp11 C:\s3air\framework\external\ogg-vorbis\libvorbis\lib\vorbisenc.c
     1>SNCCL : Command line warning 2259: -Xstd=cpp11 is only valid for C++ (ignored for C:\s3air\framework\external\ogg-vorbis\libvorbis\lib\vorbisenc.c)
         vorbisfile.c
         ps3ppusnc.exe -DPPU -D__CELLOS_LV2__ -D__ppc__ -D__PPU__ -DRMX_PLATFORM_PS3 -DRMX_NO_GLEW -DRMX_NO_IMGUI -DUSE_GLES -DIMGUI_DISABLE_DEFAULT_SHELL_FUNCTIONS -DJSONCPP_NO_LOCALE_SUPPORT -DJSON_USE_EXCEPTION=0 -DNDEBUG -D__PS3__ -o PS3_Release\vorbisfile.o -c -Xdepmode=1 -MD -Xmserrors -I..\..\..\..\source -I..\..\..\..\source\external -I..\..\..\..\..\lemonscript\source -I..\..\..\..\..\oxygenengine\source -I..\..\..\..\..\..\librmx\source -I..\..\..\..\..\..\framework\external\zlib\zlib -I..\..\..\..\..\..\framework\external\zlib\zlib\contrib\minizip -I"..\..\..\..\..\..\framework\external\ogg-vorbis\libogg\include" -I"..\..\..\..\..\..\framework\external\ogg-vorbis\libvorbis\include" -I"..\..\..\..\..\..\framework\external\ogg-vorbis\libvorbis\lib" -I..\..\..\..\..\..\framework\external\imgui\imgui -I. -IC:/usr/local/cell\target\ppu\include -IC:/usr/local/cell\target\common\include -I"C:/usr/local/cell\host-win32\sn\ppu\include" -O2 -Xstd=cpp11 -Xc-=rtti -Xaltivec --no_exceptions --no_rtti -Xstd=cpp11 C:\s3air\framework\external\ogg-vorbis\libvorbis\lib\vorbisfile.c
     1>SNCCL : Command line warning 2259: -Xstd=cpp11 is only valid for C++ (ignored for C:\s3air\framework\external\ogg-vorbis\libvorbis\lib\vorbisfile.c)
     1>C:\s3air\framework\external\ogg-vorbis\libvorbis\lib\vorbisfile.c(258,29): warning 1628: argument of type "ogg_int64_t" is incompatible with parameter (1 of _lookup_serialno) of type "long"
         
     1>C:\s3air\framework\external\ogg-vorbis\libvorbis\lib\vorbisfile.c(770,18): warning 552: variable "ret" was set but never used
         
     1>C:\s3air\framework\external\ogg-vorbis\libvorbis\lib\vorbisfile.c(877,17): warning 1628: argument of type "ogg_int64_t" is incompatible with parameter (2 of fseek) of type "long"
         
     1>C:\s3air\framework\external\ogg-vorbis\libvorbis\lib\vorbisfile.c(1992,23): warning 178: variable "fpu" was declared but never referenced
         
     1>C:\s3air\framework\external\ogg-vorbis\libvorbis\lib\vorbisfile.c(2283,9): warning 224: function "alloca" declared implicitly
         
     1>C:\s3air\framework\external\ogg-vorbis\libvorbis\lib\vorbisfile.c(2283,8): warning 515: a value of type "int" cannot be assigned to an entity of type "float **"
         
     1>C:\s3air\framework\external\ogg-vorbis\libvorbis\lib\vorbisfile.c(2290,13): warning 515: a value of type "int" cannot be assigned to an entity of type "float *"
         
     1>C:\s3air\framework\external\ogg-vorbis\libvorbis\lib\vorbisfile.c(2333,9): warning 224: function "alloca" declared implicitly
         
     1>C:\s3air\framework\external\ogg-vorbis\libvorbis\lib\vorbisfile.c(2333,8): warning 515: a value of type "int" cannot be assigned to an entity of type "float **"
         
     1>C:\s3air\framework\external\ogg-vorbis\libvorbis\lib\vorbisfile.c(2335,13): warning 515: a value of type "int" cannot be assigned to an entity of type "float *"
         
     1>C:\s3air\framework\external\ogg-vorbis\libvorbis\lib\vorbisfile.c(2394,9): warning 224: function "alloca" declared implicitly
         
     1>C:\s3air\framework\external\ogg-vorbis\libvorbis\lib\vorbisfile.c(2394,8): warning 515: a value of type "int" cannot be assigned to an entity of type "float **"
         
     1>C:\s3air\framework\external\ogg-vorbis\libvorbis\lib\vorbisfile.c(2396,13): warning 515: a value of type "int" cannot be assigned to an entity of type "float *"
         
         window.c
         ps3ppusnc.exe -DPPU -D__CELLOS_LV2__ -D__ppc__ -D__PPU__ -DRMX_PLATFORM_PS3 -DRMX_NO_GLEW -DRMX_NO_IMGUI -DUSE_GLES -DIMGUI_DISABLE_DEFAULT_SHELL_FUNCTIONS -DJSONCPP_NO_LOCALE_SUPPORT -DJSON_USE_EXCEPTION=0 -DNDEBUG -D__PS3__ -o PS3_Release\window.o -c -Xdepmode=1 -MD -Xmserrors -I..\..\..\..\source -I..\..\..\..\source\external -I..\..\..\..\..\lemonscript\source -I..\..\..\..\..\oxygenengine\source -I..\..\..\..\..\..\librmx\source -I..\..\..\..\..\..\framework\external\zlib\zlib -I..\..\..\..\..\..\framework\external\zlib\zlib\contrib\minizip -I"..\..\..\..\..\..\framework\external\ogg-vorbis\libogg\include" -I"..\..\..\..\..\..\framework\external\ogg-vorbis\libvorbis\include" -I"..\..\..\..\..\..\framework\external\ogg-vorbis\libvorbis\lib" -I..\..\..\..\..\..\framework\external\imgui\imgui -I. -IC:/usr/local/cell\target\ppu\include -IC:/usr/local/cell\target\common\include -I"C:/usr/local/cell\host-win32\sn\ppu\include" -O2 -Xstd=cpp11 -Xc-=rtti -Xaltivec --no_exceptions --no_rtti -Xstd=cpp11 C:\s3air\framework\external\ogg-vorbis\libvorbis\lib\window.c
     1>SNCCL : Command line warning 2259: -Xstd=cpp11 is only valid for C++ (ignored for C:\s3air\framework\external\ogg-vorbis\libvorbis\lib\window.c)
         adler32.c
         ps3ppusnc.exe -DPPU -D__CELLOS_LV2__ -D__ppc__ -D__PPU__ -DRMX_PLATFORM_PS3 -DRMX_NO_GLEW -DRMX_NO_IMGUI -DUSE_GLES -DIMGUI_DISABLE_DEFAULT_SHELL_FUNCTIONS -DJSONCPP_NO_LOCALE_SUPPORT -DJSON_USE_EXCEPTION=0 -DNDEBUG -D__PS3__ -o PS3_Release\adler32.o -c -Xdepmode=1 -MD -Xmserrors -I..\..\..\..\source -I..\..\..\..\source\external -I..\..\..\..\..\lemonscript\source -I..\..\..\..\..\oxygenengine\source -I..\..\..\..\..\..\librmx\source -I..\..\..\..\..\..\framework\external\zlib\zlib -I..\..\..\..\..\..\framework\external\zlib\zlib\contrib\minizip -I"..\..\..\..\..\..\framework\external\ogg-vorbis\libogg\include" -I"..\..\..\..\..\..\framework\external\ogg-vorbis\libvorbis\include" -I"..\..\..\..\..\..\framework\external\ogg-vorbis\libvorbis\lib" -I..\..\..\..\..\..\framework\external\imgui\imgui -I. -IC:/usr/local/cell\target\ppu\include -IC:/usr/local/cell\target\common\include -I"C:/usr/local/cell\host-win32\sn\ppu\include" -O2 -Xstd=cpp11 -Xc-=rtti -Xaltivec --no_exceptions --no_rtti -Xstd=cpp11 C:\s3air\framework\external\zlib\zlib\adler32.c
     1>SNCCL : Command line warning 2259: -Xstd=cpp11 is only valid for C++ (ignored for C:\s3air\framework\external\zlib\zlib\adler32.c)
         compress.c
         ps3ppusnc.exe -DPPU -D__CELLOS_LV2__ -D__ppc__ -D__PPU__ -DRMX_PLATFORM_PS3 -DRMX_NO_GLEW -DRMX_NO_IMGUI -DUSE_GLES -DIMGUI_DISABLE_DEFAULT_SHELL_FUNCTIONS -DJSONCPP_NO_LOCALE_SUPPORT -DJSON_USE_EXCEPTION=0 -DNDEBUG -D__PS3__ -o PS3_Release\compress.o -c -Xdepmode=1 -MD -Xmserrors -I..\..\..\..\source -I..\..\..\..\source\external -I..\..\..\..\..\lemonscript\source -I..\..\..\..\..\oxygenengine\source -I..\..\..\..\..\..\librmx\source -I..\..\..\..\..\..\framework\external\zlib\zlib -I..\..\..\..\..\..\framework\external\zlib\zlib\contrib\minizip -I"..\..\..\..\..\..\framework\external\ogg-vorbis\libogg\include" -I"..\..\..\..\..\..\framework\external\ogg-vorbis\libvorbis\include" -I"..\..\..\..\..\..\framework\external\ogg-vorbis\libvorbis\lib" -I..\..\..\..\..\..\framework\external\imgui\imgui -I. -IC:/usr/local/cell\target\ppu\include -IC:/usr/local/cell\target\common\include -I"C:/usr/local/cell\host-win32\sn\ppu\include" -O2 -Xstd=cpp11 -Xc-=rtti -Xaltivec --no_exceptions --no_rtti -Xstd=cpp11 C:\s3air\framework\external\zlib\zlib\compress.c
     1>SNCCL : Command line warning 2259: -Xstd=cpp11 is only valid for C++ (ignored for C:\s3air\framework\external\zlib\zlib\compress.c)
         ioapi.c
         ps3ppusnc.exe -DPPU -D__CELLOS_LV2__ -D__ppc__ -D__PPU__ -DRMX_PLATFORM_PS3 -DRMX_NO_GLEW -DRMX_NO_IMGUI -DUSE_GLES -DIMGUI_DISABLE_DEFAULT_SHELL_FUNCTIONS -DJSONCPP_NO_LOCALE_SUPPORT -DJSON_USE_EXCEPTION=0 -DNDEBUG -D__PS3__ -o PS3_Release\ioapi.o -c -Xdepmode=1 -MD -Xmserrors -I..\..\..\..\source -I..\..\..\..\source\external -I..\..\..\..\..\lemonscript\source -I..\..\..\..\..\oxygenengine\source -I..\..\..\..\..\..\librmx\source -I..\..\..\..\..\..\framework\external\zlib\zlib -I..\..\..\..\..\..\framework\external\zlib\zlib\contrib\minizip -I"..\..\..\..\..\..\framework\external\ogg-vorbis\libogg\include" -I"..\..\..\..\..\..\framework\external\ogg-vorbis\libvorbis\include" -I"..\..\..\..\..\..\framework\external\ogg-vorbis\libvorbis\lib" -I..\..\..\..\..\..\framework\external\imgui\imgui -I. -IC:/usr/local/cell\target\ppu\include -IC:/usr/local/cell\target\common\include -I"C:/usr/local/cell\host-win32\sn\ppu\include" -O2 -Xstd=cpp11 -Xc-=rtti -Xaltivec --no_exceptions --no_rtti -Xstd=cpp11 C:\s3air\framework\external\zlib\zlib\contrib\minizip\ioapi.c
     1>SNCCL : Command line warning 2259: -Xstd=cpp11 is only valid for C++ (ignored for C:\s3air\framework\external\zlib\zlib\contrib\minizip\ioapi.c)
     1>C:\s3air\framework\external\zlib\zlib\contrib\minizip\ioapi.c(116,15): warning 224: function "fopen64" declared implicitly
         
     1>C:\s3air\framework\external\zlib\zlib\contrib\minizip\ioapi.c(116,13): warning 515: a value of type "int" cannot be assigned to an entity of type "FILE *"
         
     1>C:\s3air\framework\external\zlib\zlib\contrib\minizip\ioapi.c(146,20): warning 224: function "ftello64" declared implicitly
         
     1>C:\s3air\framework\external\zlib\zlib\contrib\minizip\ioapi.c(192,7): warning 224: function "fseeko64" declared implicitly
         
         unzip.c
         ps3ppusnc.exe -DPPU -D__CELLOS_LV2__ -D__ppc__ -D__PPU__ -DRMX_PLATFORM_PS3 -DRMX_NO_GLEW -DRMX_NO_IMGUI -DUSE_GLES -DIMGUI_DISABLE_DEFAULT_SHELL_FUNCTIONS -DJSONCPP_NO_LOCALE_SUPPORT -DJSON_USE_EXCEPTION=0 -DNDEBUG -D__PS3__ -o PS3_Release\unzip.o -c -Xdepmode=1 -MD -Xmserrors -I..\..\..\..\source -I..\..\..\..\source\external -I..\..\..\..\..\lemonscript\source -I..\..\..\..\..\oxygenengine\source -I..\..\..\..\..\..\librmx\source -I..\..\..\..\..\..\framework\external\zlib\zlib -I..\..\..\..\..\..\framework\external\zlib\zlib\contrib\minizip -I"..\..\..\..\..\..\framework\external\ogg-vorbis\libogg\include" -I"..\..\..\..\..\..\framework\external\ogg-vorbis\libvorbis\include" -I"..\..\..\..\..\..\framework\external\ogg-vorbis\libvorbis\lib" -I..\..\..\..\..\..\framework\external\imgui\imgui -I. -IC:/usr/local/cell\target\ppu\include -IC:/usr/local/cell\target\common\include -I"C:/usr/local/cell\host-win32\sn\ppu\include" -O2 -Xstd=cpp11 -Xc-=rtti -Xaltivec --no_exceptions --no_rtti -Xstd=cpp11 C:\s3air\framework\external\zlib\zlib\contrib\minizip\unzip.c
     1>SNCCL : Command line warning 2259: -Xstd=cpp11 is only valid for C++ (ignored for C:\s3air\framework\external\zlib\zlib\contrib\minizip\unzip.c)
         zip.c
         ps3ppusnc.exe -DPPU -D__CELLOS_LV2__ -D__ppc__ -D__PPU__ -DRMX_PLATFORM_PS3 -DRMX_NO_GLEW -DRMX_NO_IMGUI -DUSE_GLES -DIMGUI_DISABLE_DEFAULT_SHELL_FUNCTIONS -DJSONCPP_NO_LOCALE_SUPPORT -DJSON_USE_EXCEPTION=0 -DNDEBUG -D__PS3__ -o PS3_Release\zip.o -c -Xdepmode=1 -MD -Xmserrors -I..\..\..\..\source -I..\..\..\..\source\external -I..\..\..\..\..\lemonscript\source -I..\..\..\..\..\oxygenengine\source -I..\..\..\..\..\..\librmx\source -I..\..\..\..\..\..\framework\external\zlib\zlib -I..\..\..\..\..\..\framework\external\zlib\zlib\contrib\minizip -I"..\..\..\..\..\..\framework\external\ogg-vorbis\libogg\include" -I"..\..\..\..\..\..\framework\external\ogg-vorbis\libvorbis\include" -I"..\..\..\..\..\..\framework\external\ogg-vorbis\libvorbis\lib" -I..\..\..\..\..\..\framework\external\imgui\imgui -I. -IC:/usr/local/cell\target\ppu\include -IC:/usr/local/cell\target\common\include -I"C:/usr/local/cell\host-win32\sn\ppu\include" -O2 -Xstd=cpp11 -Xc-=rtti -Xaltivec --no_exceptions --no_rtti -Xstd=cpp11 C:\s3air\framework\external\zlib\zlib\contrib\minizip\zip.c
     1>SNCCL : Command line warning 2259: -Xstd=cpp11 is only valid for C++ (ignored for C:\s3air\framework\external\zlib\zlib\contrib\minizip\zip.c)
         crc32.c
         ps3ppusnc.exe -DPPU -D__CELLOS_LV2__ -D__ppc__ -D__PPU__ -DRMX_PLATFORM_PS3 -DRMX_NO_GLEW -DRMX_NO_IMGUI -DUSE_GLES -DIMGUI_DISABLE_DEFAULT_SHELL_FUNCTIONS -DJSONCPP_NO_LOCALE_SUPPORT -DJSON_USE_EXCEPTION=0 -DNDEBUG -D__PS3__ -o PS3_Release\crc32.o -c -Xdepmode=1 -MD -Xmserrors -I..\..\..\..\source -I..\..\..\..\source\external -I..\..\..\..\..\lemonscript\source -I..\..\..\..\..\oxygenengine\source -I..\..\..\..\..\..\librmx\source -I..\..\..\..\..\..\framework\external\zlib\zlib -I..\..\..\..\..\..\framework\external\zlib\zlib\contrib\minizip -I"..\..\..\..\..\..\framework\external\ogg-vorbis\libogg\include" -I"..\..\..\..\..\..\framework\external\ogg-vorbis\libvorbis\include" -I"..\..\..\..\..\..\framework\external\ogg-vorbis\libvorbis\lib" -I..\..\..\..\..\..\framework\external\imgui\imgui -I. -IC:/usr/local/cell\target\ppu\include -IC:/usr/local/cell\target\common\include -I"C:/usr/local/cell\host-win32\sn\ppu\include" -O2 -Xstd=cpp11 -Xc-=rtti -Xaltivec --no_exceptions --no_rtti -Xstd=cpp11 C:\s3air\framework\external\zlib\zlib\crc32.c
     1>SNCCL : Command line warning 2259: -Xstd=cpp11 is only valid for C++ (ignored for C:\s3air\framework\external\zlib\zlib\crc32.c)
         deflate.c
         ps3ppusnc.exe -DPPU -D__CELLOS_LV2__ -D__ppc__ -D__PPU__ -DRMX_PLATFORM_PS3 -DRMX_NO_GLEW -DRMX_NO_IMGUI -DUSE_GLES -DIMGUI_DISABLE_DEFAULT_SHELL_FUNCTIONS -DJSONCPP_NO_LOCALE_SUPPORT -DJSON_USE_EXCEPTION=0 -DNDEBUG -D__PS3__ -o PS3_Release\deflate.o -c -Xdepmode=1 -MD -Xmserrors -I..\..\..\..\source -I..\..\..\..\source\external -I..\..\..\..\..\lemonscript\source -I..\..\..\..\..\oxygenengine\source -I..\..\..\..\..\..\librmx\source -I..\..\..\..\..\..\framework\external\zlib\zlib -I..\..\..\..\..\..\framework\external\zlib\zlib\contrib\minizip -I"..\..\..\..\..\..\framework\external\ogg-vorbis\libogg\include" -I"..\..\..\..\..\..\framework\external\ogg-vorbis\libvorbis\include" -I"..\..\..\..\..\..\framework\external\ogg-vorbis\libvorbis\lib" -I..\..\..\..\..\..\framework\external\imgui\imgui -I. -IC:/usr/local/cell\target\ppu\include -IC:/usr/local/cell\target\common\include -I"C:/usr/local/cell\host-win32\sn\ppu\include" -O2 -Xstd=cpp11 -Xc-=rtti -Xaltivec --no_exceptions --no_rtti -Xstd=cpp11 C:\s3air\framework\external\zlib\zlib\deflate.c
     1>SNCCL : Command line warning 2259: -Xstd=cpp11 is only valid for C++ (ignored for C:\s3air\framework\external\zlib\zlib\deflate.c)
         gzclose.c
         ps3ppusnc.exe -DPPU -D__CELLOS_LV2__ -D__ppc__ -D__PPU__ -DRMX_PLATFORM_PS3 -DRMX_NO_GLEW -DRMX_NO_IMGUI -DUSE_GLES -DIMGUI_DISABLE_DEFAULT_SHELL_FUNCTIONS -DJSONCPP_NO_LOCALE_SUPPORT -DJSON_USE_EXCEPTION=0 -DNDEBUG -D__PS3__ -o PS3_Release\gzclose.o -c -Xdepmode=1 -MD -Xmserrors -I..\..\..\..\source -I..\..\..\..\source\external -I..\..\..\..\..\lemonscript\source -I..\..\..\..\..\oxygenengine\source -I..\..\..\..\..\..\librmx\source -I..\..\..\..\..\..\framework\external\zlib\zlib -I..\..\..\..\..\..\framework\external\zlib\zlib\contrib\minizip -I"..\..\..\..\..\..\framework\external\ogg-vorbis\libogg\include" -I"..\..\..\..\..\..\framework\external\ogg-vorbis\libvorbis\include" -I"..\..\..\..\..\..\framework\external\ogg-vorbis\libvorbis\lib" -I..\..\..\..\..\..\framework\external\imgui\imgui -I. -IC:/usr/local/cell\target\ppu\include -IC:/usr/local/cell\target\common\include -I"C:/usr/local/cell\host-win32\sn\ppu\include" -O2 -Xstd=cpp11 -Xc-=rtti -Xaltivec --no_exceptions --no_rtti -Xstd=cpp11 C:\s3air\framework\external\zlib\zlib\gzclose.c
     1>SNCCL : Command line warning 2259: -Xstd=cpp11 is only valid for C++ (ignored for C:\s3air\framework\external\zlib\zlib\gzclose.c)
         gzlib.c
         ps3ppusnc.exe -DPPU -D__CELLOS_LV2__ -D__ppc__ -D__PPU__ -DRMX_PLATFORM_PS3 -DRMX_NO_GLEW -DRMX_NO_IMGUI -DUSE_GLES -DIMGUI_DISABLE_DEFAULT_SHELL_FUNCTIONS -DJSONCPP_NO_LOCALE_SUPPORT -DJSON_USE_EXCEPTION=0 -DNDEBUG -D__PS3__ -o PS3_Release\gzlib.o -c -Xdepmode=1 -MD -Xmserrors -I..\..\..\..\source -I..\..\..\..\source\external -I..\..\..\..\..\lemonscript\source -I..\..\..\..\..\oxygenengine\source -I..\..\..\..\..\..\librmx\source -I..\..\..\..\..\..\framework\external\zlib\zlib -I..\..\..\..\..\..\framework\external\zlib\zlib\contrib\minizip -I"..\..\..\..\..\..\framework\external\ogg-vorbis\libogg\include" -I"..\..\..\..\..\..\framework\external\ogg-vorbis\libvorbis\include" -I"..\..\..\..\..\..\framework\external\ogg-vorbis\libvorbis\lib" -I..\..\..\..\..\..\framework\external\imgui\imgui -I. -IC:/usr/local/cell\target\ppu\include -IC:/usr/local/cell\target\common\include -I"C:/usr/local/cell\host-win32\sn\ppu\include" -O2 -Xstd=cpp11 -Xc-=rtti -Xaltivec --no_exceptions --no_rtti -Xstd=cpp11 C:\s3air\framework\external\zlib\zlib\gzlib.c
     1>SNCCL : Command line warning 2259: -Xstd=cpp11 is only valid for C++ (ignored for C:\s3air\framework\external\zlib\zlib\gzlib.c)
     1>C:\s3air\framework\external\zlib\zlib\gzlib.c(242,8): warning 224: function "lseek" declared implicitly
         
     1>C:\s3air\framework\external\zlib\zlib\gzlib.c(248,23): warning 224: function "lseek" declared implicitly
         
     1>C:\s3air\framework\external\zlib\zlib\gzlib.c(332,8): warning 224: function "lseek" declared implicitly
         
     1>C:\s3air\framework\external\zlib\zlib\gzlib.c(369,14): warning 224: function "lseek" declared implicitly
         
     1>C:\s3air\framework\external\zlib\zlib\gzlib.c(455,13): warning 224: function "lseek" declared implicitly
         
         gzread.c
         ps3ppusnc.exe -DPPU -D__CELLOS_LV2__ -D__ppc__ -D__PPU__ -DRMX_PLATFORM_PS3 -DRMX_NO_GLEW -DRMX_NO_IMGUI -DUSE_GLES -DIMGUI_DISABLE_DEFAULT_SHELL_FUNCTIONS -DJSONCPP_NO_LOCALE_SUPPORT -DJSON_USE_EXCEPTION=0 -DNDEBUG -D__PS3__ -o PS3_Release\gzread.o -c -Xdepmode=1 -MD -Xmserrors -I..\..\..\..\source -I..\..\..\..\source\external -I..\..\..\..\..\lemonscript\source -I..\..\..\..\..\oxygenengine\source -I..\..\..\..\..\..\librmx\source -I..\..\..\..\..\..\framework\external\zlib\zlib -I..\..\..\..\..\..\framework\external\zlib\zlib\contrib\minizip -I"..\..\..\..\..\..\framework\external\ogg-vorbis\libogg\include" -I"..\..\..\..\..\..\framework\external\ogg-vorbis\libvorbis\include" -I"..\..\..\..\..\..\framework\external\ogg-vorbis\libvorbis\lib" -I..\..\..\..\..\..\framework\external\imgui\imgui -I. -IC:/usr/local/cell\target\ppu\include -IC:/usr/local/cell\target\common\include -I"C:/usr/local/cell\host-win32\sn\ppu\include" -O2 -Xstd=cpp11 -Xc-=rtti -Xaltivec --no_exceptions --no_rtti -Xstd=cpp11 C:\s3air\framework\external\zlib\zlib\gzread.c
     1>SNCCL : Command line warning 2259: -Xstd=cpp11 is only valid for C++ (ignored for C:\s3air\framework\external\zlib\zlib\gzread.c)
     1>C:\s3air\framework\external\zlib\zlib\gzread.c(22,14): warning 224: function "read" declared implicitly
         
     1>C:\s3air\framework\external\zlib\zlib\gzread.c(599,10): warning 224: function "close" declared implicitly
         
         gzwrite.c
         ps3ppusnc.exe -DPPU -D__CELLOS_LV2__ -D__ppc__ -D__PPU__ -DRMX_PLATFORM_PS3 -DRMX_NO_GLEW -DRMX_NO_IMGUI -DUSE_GLES -DIMGUI_DISABLE_DEFAULT_SHELL_FUNCTIONS -DJSONCPP_NO_LOCALE_SUPPORT -DJSON_USE_EXCEPTION=0 -DNDEBUG -D__PS3__ -o PS3_Release\gzwrite.o -c -Xdepmode=1 -MD -Xmserrors -I..\..\..\..\source -I..\..\..\..\source\external -I..\..\..\..\..\lemonscript\source -I..\..\..\..\..\oxygenengine\source -I..\..\..\..\..\..\librmx\source -I..\..\..\..\..\..\framework\external\zlib\zlib -I..\..\..\..\..\..\framework\external\zlib\zlib\contrib\minizip -I"..\..\..\..\..\..\framework\external\ogg-vorbis\libogg\include" -I"..\..\..\..\..\..\framework\external\ogg-vorbis\libvorbis\include" -I"..\..\..\..\..\..\framework\external\ogg-vorbis\libvorbis\lib" -I..\..\..\..\..\..\framework\external\imgui\imgui -I. -IC:/usr/local/cell\target\ppu\include -IC:/usr/local/cell\target\common\include -I"C:/usr/local/cell\host-win32\sn\ppu\include" -O2 -Xstd=cpp11 -Xc-=rtti -Xaltivec --no_exceptions --no_rtti -Xstd=cpp11 C:\s3air\framework\external\zlib\zlib\gzwrite.c
     1>SNCCL : Command line warning 2259: -Xstd=cpp11 is only valid for C++ (ignored for C:\s3air\framework\external\zlib\zlib\gzwrite.c)
     1>C:\s3air\framework\external\zlib\zlib\gzwrite.c(78,19): warning 224: function "write" declared implicitly
         
     1>C:\s3air\framework\external\zlib\zlib\gzwrite.c(108,23): warning 224: function "write" declared implicitly
         
     1>C:\s3air\framework\external\zlib\zlib\gzwrite.c(627,8): warning 224: function "close" declared implicitly
         
         infback.c
         ps3ppusnc.exe -DPPU -D__CELLOS_LV2__ -D__ppc__ -D__PPU__ -DRMX_PLATFORM_PS3 -DRMX_NO_GLEW -DRMX_NO_IMGUI -DUSE_GLES -DIMGUI_DISABLE_DEFAULT_SHELL_FUNCTIONS -DJSONCPP_NO_LOCALE_SUPPORT -DJSON_USE_EXCEPTION=0 -DNDEBUG -D__PS3__ -o PS3_Release\infback.o -c -Xdepmode=1 -MD -Xmserrors -I..\..\..\..\source -I..\..\..\..\source\external -I..\..\..\..\..\lemonscript\source -I..\..\..\..\..\oxygenengine\source -I..\..\..\..\..\..\librmx\source -I..\..\..\..\..\..\framework\external\zlib\zlib -I..\..\..\..\..\..\framework\external\zlib\zlib\contrib\minizip -I"..\..\..\..\..\..\framework\external\ogg-vorbis\libogg\include" -I"..\..\..\..\..\..\framework\external\ogg-vorbis\libvorbis\include" -I"..\..\..\..\..\..\framework\external\ogg-vorbis\libvorbis\lib" -I..\..\..\..\..\..\framework\external\imgui\imgui -I. -IC:/usr/local/cell\target\ppu\include -IC:/usr/local/cell\target\common\include -I"C:/usr/local/cell\host-win32\sn\ppu\include" -O2 -Xstd=cpp11 -Xc-=rtti -Xaltivec --no_exceptions --no_rtti -Xstd=cpp11 C:\s3air\framework\external\zlib\zlib\infback.c
     1>SNCCL : Command line warning 2259: -Xstd=cpp11 is only valid for C++ (ignored for C:\s3air\framework\external\zlib\zlib\infback.c)
         inffast.c
         ps3ppusnc.exe -DPPU -D__CELLOS_LV2__ -D__ppc__ -D__PPU__ -DRMX_PLATFORM_PS3 -DRMX_NO_GLEW -DRMX_NO_IMGUI -DUSE_GLES -DIMGUI_DISABLE_DEFAULT_SHELL_FUNCTIONS -DJSONCPP_NO_LOCALE_SUPPORT -DJSON_USE_EXCEPTION=0 -DNDEBUG -D__PS3__ -o PS3_Release\inffast.o -c -Xdepmode=1 -MD -Xmserrors -I..\..\..\..\source -I..\..\..\..\source\external -I..\..\..\..\..\lemonscript\source -I..\..\..\..\..\oxygenengine\source -I..\..\..\..\..\..\librmx\source -I..\..\..\..\..\..\framework\external\zlib\zlib -I..\..\..\..\..\..\framework\external\zlib\zlib\contrib\minizip -I"..\..\..\..\..\..\framework\external\ogg-vorbis\libogg\include" -I"..\..\..\..\..\..\framework\external\ogg-vorbis\libvorbis\include" -I"..\..\..\..\..\..\framework\external\ogg-vorbis\libvorbis\lib" -I..\..\..\..\..\..\framework\external\imgui\imgui -I. -IC:/usr/local/cell\target\ppu\include -IC:/usr/local/cell\target\common\include -I"C:/usr/local/cell\host-win32\sn\ppu\include" -O2 -Xstd=cpp11 -Xc-=rtti -Xaltivec --no_exceptions --no_rtti -Xstd=cpp11 C:\s3air\framework\external\zlib\zlib\inffast.c
     1>SNCCL : Command line warning 2259: -Xstd=cpp11 is only valid for C++ (ignored for C:\s3air\framework\external\zlib\zlib\inffast.c)
         inflate.c
         ps3ppusnc.exe -DPPU -D__CELLOS_LV2__ -D__ppc__ -D__PPU__ -DRMX_PLATFORM_PS3 -DRMX_NO_GLEW -DRMX_NO_IMGUI -DUSE_GLES -DIMGUI_DISABLE_DEFAULT_SHELL_FUNCTIONS -DJSONCPP_NO_LOCALE_SUPPORT -DJSON_USE_EXCEPTION=0 -DNDEBUG -D__PS3__ -o PS3_Release\inflate.o -c -Xdepmode=1 -MD -Xmserrors -I..\..\..\..\source -I..\..\..\..\source\external -I..\..\..\..\..\lemonscript\source -I..\..\..\..\..\oxygenengine\source -I..\..\..\..\..\..\librmx\source -I..\..\..\..\..\..\framework\external\zlib\zlib -I..\..\..\..\..\..\framework\external\zlib\zlib\contrib\minizip -I"..\..\..\..\..\..\framework\external\ogg-vorbis\libogg\include" -I"..\..\..\..\..\..\framework\external\ogg-vorbis\libvorbis\include" -I"..\..\..\..\..\..\framework\external\ogg-vorbis\libvorbis\lib" -I..\..\..\..\..\..\framework\external\imgui\imgui -I. -IC:/usr/local/cell\target\ppu\include -IC:/usr/local/cell\target\common\include -I"C:/usr/local/cell\host-win32\sn\ppu\include" -O2 -Xstd=cpp11 -Xc-=rtti -Xaltivec --no_exceptions --no_rtti -Xstd=cpp11 C:\s3air\framework\external\zlib\zlib\inflate.c
     1>SNCCL : Command line warning 2259: -Xstd=cpp11 is only valid for C++ (ignored for C:\s3air\framework\external\zlib\zlib\inflate.c)
         inftrees.c
         ps3ppusnc.exe -DPPU -D__CELLOS_LV2__ -D__ppc__ -D__PPU__ -DRMX_PLATFORM_PS3 -DRMX_NO_GLEW -DRMX_NO_IMGUI -DUSE_GLES -DIMGUI_DISABLE_DEFAULT_SHELL_FUNCTIONS -DJSONCPP_NO_LOCALE_SUPPORT -DJSON_USE_EXCEPTION=0 -DNDEBUG -D__PS3__ -o PS3_Release\inftrees.o -c -Xdepmode=1 -MD -Xmserrors -I..\..\..\..\source -I..\..\..\..\source\external -I..\..\..\..\..\lemonscript\source -I..\..\..\..\..\oxygenengine\source -I..\..\..\..\..\..\librmx\source -I..\..\..\..\..\..\framework\external\zlib\zlib -I..\..\..\..\..\..\framework\external\zlib\zlib\contrib\minizip -I"..\..\..\..\..\..\framework\external\ogg-vorbis\libogg\include" -I"..\..\..\..\..\..\framework\external\ogg-vorbis\libvorbis\include" -I"..\..\..\..\..\..\framework\external\ogg-vorbis\libvorbis\lib" -I..\..\..\..\..\..\framework\external\imgui\imgui -I. -IC:/usr/local/cell\target\ppu\include -IC:/usr/local/cell\target\common\include -I"C:/usr/local/cell\host-win32\sn\ppu\include" -O2 -Xstd=cpp11 -Xc-=rtti -Xaltivec --no_exceptions --no_rtti -Xstd=cpp11 C:\s3air\framework\external\zlib\zlib\inftrees.c
     1>SNCCL : Command line warning 2259: -Xstd=cpp11 is only valid for C++ (ignored for C:\s3air\framework\external\zlib\zlib\inftrees.c)
         trees.c
         ps3ppusnc.exe -DPPU -D__CELLOS_LV2__ -D__ppc__ -D__PPU__ -DRMX_PLATFORM_PS3 -DRMX_NO_GLEW -DRMX_NO_IMGUI -DUSE_GLES -DIMGUI_DISABLE_DEFAULT_SHELL_FUNCTIONS -DJSONCPP_NO_LOCALE_SUPPORT -DJSON_USE_EXCEPTION=0 -DNDEBUG -D__PS3__ -o PS3_Release\trees.o -c -Xdepmode=1 -MD -Xmserrors -I..\..\..\..\source -I..\..\..\..\source\external -I..\..\..\..\..\lemonscript\source -I..\..\..\..\..\oxygenengine\source -I..\..\..\..\..\..\librmx\source -I..\..\..\..\..\..\framework\external\zlib\zlib -I..\..\..\..\..\..\framework\external\zlib\zlib\contrib\minizip -I"..\..\..\..\..\..\framework\external\ogg-vorbis\libogg\include" -I"..\..\..\..\..\..\framework\external\ogg-vorbis\libvorbis\include" -I"..\..\..\..\..\..\framework\external\ogg-vorbis\libvorbis\lib" -I..\..\..\..\..\..\framework\external\imgui\imgui -I. -IC:/usr/local/cell\target\ppu\include -IC:/usr/local/cell\target\common\include -I"C:/usr/local/cell\host-win32\sn\ppu\include" -O2 -Xstd=cpp11 -Xc-=rtti -Xaltivec --no_exceptions --no_rtti -Xstd=cpp11 C:\s3air\framework\external\zlib\zlib\trees.c
     1>SNCCL : Command line warning 2259: -Xstd=cpp11 is only valid for C++ (ignored for C:\s3air\framework\external\zlib\zlib\trees.c)
         uncompr.c
         ps3ppusnc.exe -DPPU -D__CELLOS_LV2__ -D__ppc__ -D__PPU__ -DRMX_PLATFORM_PS3 -DRMX_NO_GLEW -DRMX_NO_IMGUI -DUSE_GLES -DIMGUI_DISABLE_DEFAULT_SHELL_FUNCTIONS -DJSONCPP_NO_LOCALE_SUPPORT -DJSON_USE_EXCEPTION=0 -DNDEBUG -D__PS3__ -o PS3_Release\uncompr.o -c -Xdepmode=1 -MD -Xmserrors -I..\..\..\..\source -I..\..\..\..\source\external -I..\..\..\..\..\lemonscript\source -I..\..\..\..\..\oxygenengine\source -I..\..\..\..\..\..\librmx\source -I..\..\..\..\..\..\framework\external\zlib\zlib -I..\..\..\..\..\..\framework\external\zlib\zlib\contrib\minizip -I"..\..\..\..\..\..\framework\external\ogg-vorbis\libogg\include" -I"..\..\..\..\..\..\framework\external\ogg-vorbis\libvorbis\include" -I"..\..\..\..\..\..\framework\external\ogg-vorbis\libvorbis\lib" -I..\..\..\..\..\..\framework\external\imgui\imgui -I. -IC:/usr/local/cell\target\ppu\include -IC:/usr/local/cell\target\common\include -I"C:/usr/local/cell\host-win32\sn\ppu\include" -O2 -Xstd=cpp11 -Xc-=rtti -Xaltivec --no_exceptions --no_rtti -Xstd=cpp11 C:\s3air\framework\external\zlib\zlib\uncompr.c
     1>SNCCL : Command line warning 2259: -Xstd=cpp11 is only valid for C++ (ignored for C:\s3air\framework\external\zlib\zlib\uncompr.c)
         zutil.c
         ps3ppusnc.exe -DPPU -D__CELLOS_LV2__ -D__ppc__ -D__PPU__ -DRMX_PLATFORM_PS3 -DRMX_NO_GLEW -DRMX_NO_IMGUI -DUSE_GLES -DIMGUI_DISABLE_DEFAULT_SHELL_FUNCTIONS -DJSONCPP_NO_LOCALE_SUPPORT -DJSON_USE_EXCEPTION=0 -DNDEBUG -D__PS3__ -o PS3_Release\zutil.o -c -Xdepmode=1 -MD -Xmserrors -I..\..\..\..\source -I..\..\..\..\source\external -I..\..\..\..\..\lemonscript\source -I..\..\..\..\..\oxygenengine\source -I..\..\..\..\..\..\librmx\source -I..\..\..\..\..\..\framework\external\zlib\zlib -I..\..\..\..\..\..\framework\external\zlib\zlib\contrib\minizip -I"..\..\..\..\..\..\framework\external\ogg-vorbis\libogg\include" -I"..\..\..\..\..\..\framework\external\ogg-vorbis\libvorbis\include" -I"..\..\..\..\..\..\framework\external\ogg-vorbis\libvorbis\lib" -I..\..\..\..\..\..\framework\external\imgui\imgui -I. -IC:/usr/local/cell\target\ppu\include -IC:/usr/local/cell\target\common\include -I"C:/usr/local/cell\host-win32\sn\ppu\include" -O2 -Xstd=cpp11 -Xc-=rtti -Xaltivec --no_exceptions --no_rtti -Xstd=cpp11 C:\s3air\framework\external\zlib\zlib\zutil.c
     1>SNCCL : Command line warning 2259: -Xstd=cpp11 is only valid for C++ (ignored for C:\s3air\framework\external\zlib\zlib\zutil.c)
         json_reader.cpp
         ps3ppusnc.exe -DPPU -D__CELLOS_LV2__ -D__ppc__ -D__PPU__ -DRMX_PLATFORM_PS3 -DRMX_NO_GLEW -DRMX_NO_IMGUI -DUSE_GLES -DIMGUI_DISABLE_DEFAULT_SHELL_FUNCTIONS -DJSONCPP_NO_LOCALE_SUPPORT -DJSON_USE_EXCEPTION=0 -DNDEBUG -D__PS3__ -o PS3_Release\json_reader.o -c -Xdepmode=1 -MD -Xmserrors -I..\..\..\..\source -I..\..\..\..\source\external -I..\..\..\..\..\lemonscript\source -I..\..\..\..\..\oxygenengine\source -I..\..\..\..\..\..\librmx\source -I..\..\..\..\..\..\framework\external\zlib\zlib -I..\..\..\..\..\..\framework\external\zlib\zlib\contrib\minizip -I"..\..\..\..\..\..\framework\external\ogg-vorbis\libogg\include" -I"..\..\..\..\..\..\framework\external\ogg-vorbis\libvorbis\include" -I"..\..\..\..\..\..\framework\external\ogg-vorbis\libvorbis\lib" -I..\..\..\..\..\..\framework\external\imgui\imgui -I. -IC:/usr/local/cell\target\ppu\include -IC:/usr/local/cell\target\common\include -I"C:/usr/local/cell\host-win32\sn\ppu\include" -O2 -Xstd=cpp11 -Xc-=rtti -Xaltivec --no_exceptions --no_rtti -Xstd=cpp11 C:\s3air\librmx\source\rmxbase\_jsoncpp\json_reader.cpp
         json_writer.cpp
         ps3ppusnc.exe -DPPU -D__CELLOS_LV2__ -D__ppc__ -D__PPU__ -DRMX_PLATFORM_PS3 -DRMX_NO_GLEW -DRMX_NO_IMGUI -DUSE_GLES -DIMGUI_DISABLE_DEFAULT_SHELL_FUNCTIONS -DJSONCPP_NO_LOCALE_SUPPORT -DJSON_USE_EXCEPTION=0 -DNDEBUG -D__PS3__ -o PS3_Release\json_writer.o -c -Xdepmode=1 -MD -Xmserrors -I..\..\..\..\source -I..\..\..\..\source\external -I..\..\..\..\..\lemonscript\source -I..\..\..\..\..\oxygenengine\source -I..\..\..\..\..\..\librmx\source -I..\..\..\..\..\..\framework\external\zlib\zlib -I..\..\..\..\..\..\framework\external\zlib\zlib\contrib\minizip -I"..\..\..\..\..\..\framework\external\ogg-vorbis\libogg\include" -I"..\..\..\..\..\..\framework\external\ogg-vorbis\libvorbis\include" -I"..\..\..\..\..\..\framework\external\ogg-vorbis\libvorbis\lib" -I..\..\..\..\..\..\framework\external\imgui\imgui -I. -IC:/usr/local/cell\target\ppu\include -IC:/usr/local/cell\target\common\include -I"C:/usr/local/cell\host-win32\sn\ppu\include" -O2 -Xstd=cpp11 -Xc-=rtti -Xaltivec --no_exceptions --no_rtti -Xstd=cpp11 C:\s3air\librmx\source\rmxbase\_jsoncpp\json_writer.cpp
         Basics.cpp
         ps3ppusnc.exe -DPPU -D__CELLOS_LV2__ -D__ppc__ -D__PPU__ -DRMX_PLATFORM_PS3 -DRMX_NO_GLEW -DRMX_NO_IMGUI -DUSE_GLES -DIMGUI_DISABLE_DEFAULT_SHELL_FUNCTIONS -DJSONCPP_NO_LOCALE_SUPPORT -DJSON_USE_EXCEPTION=0 -DNDEBUG -D__PS3__ -o PS3_Release\Basics.o -c -Xdepmode=1 -MD -Xmserrors -I..\..\..\..\source -I..\..\..\..\source\external -I..\..\..\..\..\lemonscript\source -I..\..\..\..\..\oxygenengine\source -I..\..\..\..\..\..\librmx\source -I..\..\..\..\..\..\framework\external\zlib\zlib -I..\..\..\..\..\..\framework\external\zlib\zlib\contrib\minizip -I"..\..\..\..\..\..\framework\external\ogg-vorbis\libogg\include" -I"..\..\..\..\..\..\framework\external\ogg-vorbis\libvorbis\include" -I"..\..\..\..\..\..\framework\external\ogg-vorbis\libvorbis\lib" -I..\..\..\..\..\..\framework\external\imgui\imgui -I. -IC:/usr/local/cell\target\ppu\include -IC:/usr/local/cell\target\common\include -I"C:/usr/local/cell\host-win32\sn\ppu\include" -O2 -Xstd=cpp11 -Xc-=rtti -Xaltivec --no_exceptions --no_rtti -Xstd=cpp11 C:\s3air\librmx\source\rmxbase\base\Basics.cpp
     1>..\..\..\..\..\..\librmx\source\rmxbase/base/ErrorHandler.h(69,8): warning 1700: class "rmx::ErrorHandling::LoggerInterface" has virtual functions but non-virtual destructor
         
     1>..\..\..\..\..\..\librmx\source\rmxbase\base\ErrorHandler.h(75,8): warning 1700: class "rmx::ErrorHandling::MessageBoxInterface" has virtual functions but non-virtual destructor
         
     1>..\..\..\..\..\..\librmx\source\rmxbase/tools/Tools.h(33,66): warning 1628: argument of type "unsigned long long" is incompatible with parameter (2 of compileTimeFNV_32) of type "uint32"
         
     1>..\..\..\..\..\..\librmx\source\rmxbase\tools\Tools.h(85,45): warning 1111: unknown attribute "fallthrough"
         
     1>..\..\..\..\..\..\librmx\source\rmxbase\tools\Tools.h(86,45): warning 1111: unknown attribute "fallthrough"
         
     1>..\..\..\..\..\..\librmx\source\rmxbase\tools\Tools.h(87,45): warning 1111: unknown attribute "fallthrough"
         
     1>..\..\..\..\..\..\librmx\source\rmxbase\tools\Tools.h(88,45): warning 1111: unknown attribute "fallthrough"
         
     1>..\..\..\..\..\..\librmx\source\rmxbase\tools\Tools.h(89,45): warning 1111: unknown attribute "fallthrough"
         
     1>..\..\..\..\..\..\librmx\source\rmxbase\tools\Tools.h(90,45): warning 1111: unknown attribute "fallthrough"
         
     1>..\..\..\..\..\..\librmx\source\rmxbase/file/FileIO.h(28,2): error 326: inline specifier allowed on function declarations only
         
     1>..\..\..\..\..\..\librmx\source\rmxbase/memory/OutputStream.h(21,17): warning 1700: class "OutputStream" has virtual functions but non-virtual destructor
         
     1>..\..\..\..\..\..\librmx\source\rmxbase\memory\OutputStream.h(64,17): warning 1700: class "MemOutputStream" has virtual functions but non-virtual destructor
         
     1>..\..\..\..\..\..\librmx\source\rmxbase\memory\OutputStream.h(88,17): warning 1700: class "DynOutputStream" has virtual functions but non-virtual destructor
         
     1>..\..\..\..\..\..\librmx\source\rmxbase/memory/StringImpl.h(1398,22): error 136: class template "StringTemplate<CHAR, CLASS>" has no member "loadFile"
         
     1>..\..\..\..\..\..\librmx\source\rmxbase\memory\StringImpl.h(1414,22): error 136: class template "StringTemplate<CHAR, CLASS>" has no member "loadFile"
         
     1>..\..\..\..\..\..\librmx\source\rmxbase\memory\StringImpl.h(1430,22): error 136: class template "StringTemplate<CHAR, CLASS>" has no member "saveFile"
         
     1>..\..\..\..\..\..\librmx\source\rmxbase\memory\StringImpl.h(1430,84): error 1769: a type qualifier is not allowed on a nonmember function
         
     1>..\..\..\..\..\..\librmx\source\rmxbase\memory\StringImpl.h(1438,22): error 136: class template "StringTemplate<CHAR, CLASS>" has no member "saveFile"
         
     1>..\..\..\..\..\..\librmx\source\rmxbase\memory\StringImpl.h(1438,85): error 1769: a type qualifier is not allowed on a nonmember function
         
     1>C:\s3air\librmx\source\rmxbase\base\Basics.cpp(123,31): warning 178: function "roundForInt<T>(float) [with T=unsigned int]" was declared but never referenced
         
     1>C:\s3air\librmx\source\rmxbase\base\Basics.cpp(122,29): warning 178: function "roundForInt<T>(float) [with T=signed int]" was declared but never referenced
         
     1>C:\s3air\librmx\source\rmxbase\base\Basics.cpp(121,33): warning 178: function "roundForInt<T>(float) [with T=unsigned short]" was declared but never referenced
         
     1>C:\s3air\librmx\source\rmxbase\base\Basics.cpp(120,31): warning 178: function "roundForInt<T>(float) [with T=signed short]" was declared but never referenced
         
     1>C:\s3air\librmx\source\rmxbase\base\Basics.cpp(119,32): warning 178: function "roundForInt<T>(float) [with T=unsigned char]" was declared but never referenced
         
     1>C:\s3air\librmx\source\rmxbase\base\Basics.cpp(118,30): warning 178: function "roundForInt<T>(float) [with T=signed char]" was declared but never referenced
         
     1>Done Building Project "C:\s3air\Oxygen\sonic3air\build\_ps3\SONIC3AIR\SONIC3AIR\SONIC3AIR.vcxproj" (Rebuild target(s)) -- FAILED.

Build FAILED.

Time Elapsed 00:00:34.09
